Archive member included to satisfy reference by file (symbol)

/home/jack/SimplicityStudio_v4/developer/toolchains/gnu_arm/7.2_2017q4/bin/../lib/gcc/arm-none-eabi/7.2.1/../../../../arm-none-eabi/lib/thumb/v7e-m/fpv4-sp/softfp/libm.a(lib_a-w_pow.o)
                              ./src/speed.o (pow)
/home/jack/SimplicityStudio_v4/developer/toolchains/gnu_arm/7.2_2017q4/bin/../lib/gcc/arm-none-eabi/7.2.1/../../../../arm-none-eabi/lib/thumb/v7e-m/fpv4-sp/softfp/libm.a(lib_a-w_sqrt.o)
                              ./src/speed.o (sqrt)
/home/jack/SimplicityStudio_v4/developer/toolchains/gnu_arm/7.2_2017q4/bin/../lib/gcc/arm-none-eabi/7.2.1/../../../../arm-none-eabi/lib/thumb/v7e-m/fpv4-sp/softfp/libm.a(lib_a-e_pow.o)
                              /home/jack/SimplicityStudio_v4/developer/toolchains/gnu_arm/7.2_2017q4/bin/../lib/gcc/arm-none-eabi/7.2.1/../../../../arm-none-eabi/lib/thumb/v7e-m/fpv4-sp/softfp/libm.a(lib_a-w_pow.o) (__ieee754_pow)
/home/jack/SimplicityStudio_v4/developer/toolchains/gnu_arm/7.2_2017q4/bin/../lib/gcc/arm-none-eabi/7.2.1/../../../../arm-none-eabi/lib/thumb/v7e-m/fpv4-sp/softfp/libm.a(lib_a-e_sqrt.o)
                              /home/jack/SimplicityStudio_v4/developer/toolchains/gnu_arm/7.2_2017q4/bin/../lib/gcc/arm-none-eabi/7.2.1/../../../../arm-none-eabi/lib/thumb/v7e-m/fpv4-sp/softfp/libm.a(lib_a-w_sqrt.o) (__ieee754_sqrt)
/home/jack/SimplicityStudio_v4/developer/toolchains/gnu_arm/7.2_2017q4/bin/../lib/gcc/arm-none-eabi/7.2.1/../../../../arm-none-eabi/lib/thumb/v7e-m/fpv4-sp/softfp/libm.a(lib_a-s_fabs.o)
                              /home/jack/SimplicityStudio_v4/developer/toolchains/gnu_arm/7.2_2017q4/bin/../lib/gcc/arm-none-eabi/7.2.1/../../../../arm-none-eabi/lib/thumb/v7e-m/fpv4-sp/softfp/libm.a(lib_a-e_pow.o) (fabs)
/home/jack/SimplicityStudio_v4/developer/toolchains/gnu_arm/7.2_2017q4/bin/../lib/gcc/arm-none-eabi/7.2.1/../../../../arm-none-eabi/lib/thumb/v7e-m/fpv4-sp/softfp/libm.a(lib_a-s_finite.o)
                              /home/jack/SimplicityStudio_v4/developer/toolchains/gnu_arm/7.2_2017q4/bin/../lib/gcc/arm-none-eabi/7.2.1/../../../../arm-none-eabi/lib/thumb/v7e-m/fpv4-sp/softfp/libm.a(lib_a-w_pow.o) (finite)
/home/jack/SimplicityStudio_v4/developer/toolchains/gnu_arm/7.2_2017q4/bin/../lib/gcc/arm-none-eabi/7.2.1/../../../../arm-none-eabi/lib/thumb/v7e-m/fpv4-sp/softfp/libm.a(lib_a-s_lib_ver.o)
                              /home/jack/SimplicityStudio_v4/developer/toolchains/gnu_arm/7.2_2017q4/bin/../lib/gcc/arm-none-eabi/7.2.1/../../../../arm-none-eabi/lib/thumb/v7e-m/fpv4-sp/softfp/libm.a(lib_a-w_pow.o) (__fdlib_version)
/home/jack/SimplicityStudio_v4/developer/toolchains/gnu_arm/7.2_2017q4/bin/../lib/gcc/arm-none-eabi/7.2.1/../../../../arm-none-eabi/lib/thumb/v7e-m/fpv4-sp/softfp/libm.a(lib_a-s_matherr.o)
                              /home/jack/SimplicityStudio_v4/developer/toolchains/gnu_arm/7.2_2017q4/bin/../lib/gcc/arm-none-eabi/7.2.1/../../../../arm-none-eabi/lib/thumb/v7e-m/fpv4-sp/softfp/libm.a(lib_a-w_pow.o) (matherr)
/home/jack/SimplicityStudio_v4/developer/toolchains/gnu_arm/7.2_2017q4/bin/../lib/gcc/arm-none-eabi/7.2.1/../../../../arm-none-eabi/lib/thumb/v7e-m/fpv4-sp/softfp/libm.a(lib_a-s_nan.o)
                              /home/jack/SimplicityStudio_v4/developer/toolchains/gnu_arm/7.2_2017q4/bin/../lib/gcc/arm-none-eabi/7.2.1/../../../../arm-none-eabi/lib/thumb/v7e-m/fpv4-sp/softfp/libm.a(lib_a-e_pow.o) (nan)
/home/jack/SimplicityStudio_v4/developer/toolchains/gnu_arm/7.2_2017q4/bin/../lib/gcc/arm-none-eabi/7.2.1/../../../../arm-none-eabi/lib/thumb/v7e-m/fpv4-sp/softfp/libm.a(lib_a-s_rint.o)
                              /home/jack/SimplicityStudio_v4/developer/toolchains/gnu_arm/7.2_2017q4/bin/../lib/gcc/arm-none-eabi/7.2.1/../../../../arm-none-eabi/lib/thumb/v7e-m/fpv4-sp/softfp/libm.a(lib_a-w_pow.o) (rint)
/home/jack/SimplicityStudio_v4/developer/toolchains/gnu_arm/7.2_2017q4/bin/../lib/gcc/arm-none-eabi/7.2.1/../../../../arm-none-eabi/lib/thumb/v7e-m/fpv4-sp/softfp/libm.a(lib_a-s_scalbn.o)
                              /home/jack/SimplicityStudio_v4/developer/toolchains/gnu_arm/7.2_2017q4/bin/../lib/gcc/arm-none-eabi/7.2.1/../../../../arm-none-eabi/lib/thumb/v7e-m/fpv4-sp/softfp/libm.a(lib_a-e_pow.o) (scalbn)
/home/jack/SimplicityStudio_v4/developer/toolchains/gnu_arm/7.2_2017q4/bin/../lib/gcc/arm-none-eabi/7.2.1/../../../../arm-none-eabi/lib/thumb/v7e-m/fpv4-sp/softfp/libm.a(lib_a-s_copysign.o)
                              /home/jack/SimplicityStudio_v4/developer/toolchains/gnu_arm/7.2_2017q4/bin/../lib/gcc/arm-none-eabi/7.2.1/../../../../arm-none-eabi/lib/thumb/v7e-m/fpv4-sp/softfp/libm.a(lib_a-s_scalbn.o) (copysign)
/home/jack/SimplicityStudio_v4/developer/toolchains/gnu_arm/7.2_2017q4/bin/../lib/gcc/arm-none-eabi/7.2.1/thumb/v7e-m/fpv4-sp/softfp/libgcc.a(_arm_addsubdf3.o)
                              ./src/speed.o (__aeabi_dsub)
[...]
Memory Configuration

Name             Origin             Length             Attributes
FLASH            0x0000000000000000 0x0000000000100000 xr
RAM              0x0000000020000000 0x0000000000040000 xrw
*default*        0x0000000000000000 0xffffffffffffffff

Linker script and memory map

LOAD /home/jack/SimplicityStudio_v4/developer/toolchains/gnu_arm/7.2_2017q4/bin/../lib/gcc/arm-none-eabi/7.2.1/thumb/v7e-m/fpv4-sp/softfp/crti.o
LOAD /home/jack/SimplicityStudio_v4/developer/toolchains/gnu_arm/7.2_2017q4/bin/../lib/gcc/arm-none-eabi/7.2.1/thumb/v7e-m/fpv4-sp/softfp/crtbegin.o
LOAD /home/jack/SimplicityStudio_v4/developer/toolchains/gnu_arm/7.2_2017q4/bin/../lib/gcc/arm-none-eabi/7.2.1/../../../../arm-none-eabi/lib/thumb/v7e-m/fpv4-sp/softfp/crt0.o
LOAD ./src/cmu.o
LOAD ./src/configurations.o
LOAD ./src/direction.o
LOAD ./src/fifo.o
LOAD ./src/lcd_display.o
LOAD ./src/led.o
LOAD ./src/main.o
LOAD ./src/monitor.o
LOAD ./src/speed.o
LOAD ./src/tracks.o
LOAD ./emlib/em_acmp.o
LOAD ./emlib/em_adc.o
LOAD ./emlib/em_aes.o
LOAD ./emlib/em_assert.o
LOAD ./emlib/em_burtc.o
LOAD ./emlib/em_can.o
LOAD ./emlib/em_cmu.o
LOAD ./emlib/em_core.o
LOAD ./emlib/em_cryotimer.o
LOAD ./emlib/em_crypto.o
LOAD ./emlib/em_csen.o
LOAD ./emlib/em_dac.o
LOAD ./emlib/em_dbg.o
LOAD ./emlib/em_dma.o
LOAD ./emlib/em_ebi.o
LOAD ./emlib/em_emu.o
LOAD ./emlib/em_gpcrc.o
LOAD ./emlib/em_gpio.o
LOAD ./emlib/em_i2c.o
LOAD ./emlib/em_iadc.o
LOAD ./emlib/em_idac.o
LOAD ./emlib/em_int.o
LOAD ./emlib/em_lcd.o
LOAD ./emlib/em_ldma.o
LOAD ./emlib/em_lesense.o
LOAD ./emlib/em_letimer.o
LOAD ./emlib/em_leuart.o
LOAD ./emlib/em_mpu.o
LOAD ./emlib/em_msc.o
LOAD ./emlib/em_opamp.o
LOAD ./emlib/em_pcnt.o
LOAD ./emlib/em_pdm.o
LOAD ./emlib/em_prs.o
LOAD ./emlib/em_qspi.o
LOAD ./emlib/em_rmu.o
LOAD ./emlib/em_rtc.o
LOAD ./emlib/em_rtcc.o
LOAD ./emlib/em_se.o
LOAD ./emlib/em_system.o
LOAD ./emlib/em_timer.o
LOAD ./emlib/em_usart.o
LOAD ./emlib/em_vcmp.o
LOAD ./emlib/em_vdac.o
LOAD ./emlib/em_wdog.o
LOAD ./SEGGER/SEGGER_HardFaultHandler.o
LOAD ./SEGGER/SEGGER_RTT.o
LOAD ./SEGGER/SEGGER_SYSVIEW.o
LOAD ./SEGGER/SEGGER_SYSVIEW_FreeRTOS.o
LOAD ./Graphics/dmd_display.o
LOAD ./Graphics/glib.o
LOAD ./Graphics/glib_bitmap.o
LOAD ./Graphics/glib_circle.o
LOAD ./Graphics/glib_font_narrow_6x8.o
LOAD ./Graphics/glib_font_normal_8x8.o
LOAD ./Graphics/glib_font_number_16x20.o
LOAD ./Graphics/glib_line.o
LOAD ./Graphics/glib_polygon.o
LOAD ./Graphics/glib_rectangle.o
LOAD ./Graphics/glib_string.o
LOAD ./FreeRTOS/Source/portable/MemMang/heap_4.o
LOAD ./FreeRTOS/Source/portable/GCC/ARM_CM4F/port.o
LOAD ./FreeRTOS/Source/croutine.o
LOAD ./FreeRTOS/Source/event_groups.o
LOAD ./FreeRTOS/Source/list.o
LOAD ./FreeRTOS/Source/queue.o
LOAD ./FreeRTOS/Source/stream_buffer.o
LOAD ./FreeRTOS/Source/tasks.o
LOAD ./FreeRTOS/Source/timers.o
LOAD ./Drivers/capsense.o
LOAD ./Drivers/display.o
LOAD ./Drivers/displayls013b7dh03.o
LOAD ./Drivers/displaypalemlib.o
LOAD ./Drivers/retargetio.o
LOAD ./Drivers/retargettextdisplay.o
LOAD ./Drivers/textdisplay.o
LOAD ./Drivers/udelay.o
LOAD ./Config/SEGGER_SYSVIEW_Config_FreeRTOS.o
LOAD ./CMSIS/EFM32PG12B/startup_gcc_efm32pg12b.o
LOAD ./CMSIS/EFM32PG12B/system_efm32pg12b.o
LOAD /home/jack/SimplicityStudio_v4/developer/toolchains/gnu_arm/7.2_2017q4/bin/../lib/gcc/arm-none-eabi/7.2.1/../../../../arm-none-eabi/lib/thumb/v7e-m/fpv4-sp/softfp/libm.a
LOAD ./src/high_score.o
START GROUP
LOAD /home/jack/SimplicityStudio_v4/developer/toolchains/gnu_arm/7.2_2017q4/bin/../lib/gcc/arm-none-eabi/7.2.1/thumb/v7e-m/fpv4-sp/softfp/libgcc.a
LOAD /home/jack/SimplicityStudio_v4/developer/toolchains/gnu_arm/7.2_2017q4/bin/../lib/gcc/arm-none-eabi/7.2.1/../../../../arm-none-eabi/lib/thumb/v7e-m/fpv4-sp/softfp/libc_nano.a
LOAD /home/jack/SimplicityStudio_v4/developer/toolchains/gnu_arm/7.2_2017q4/bin/../lib/gcc/arm-none-eabi/7.2.1/../../../../arm-none-eabi/lib/thumb/v7e-m/fpv4-sp/softfp/libnosys.a
END GROUP
START GROUP
LOAD /home/jack/SimplicityStudio_v4/developer/toolchains/gnu_arm/7.2_2017q4/bin/../lib/gcc/arm-none-eabi/7.2.1/thumb/v7e-m/fpv4-sp/softfp/libgcc.a
LOAD /home/jack/SimplicityStudio_v4/developer/toolchains/gnu_arm/7.2_2017q4/bin/../lib/gcc/arm-none-eabi/7.2.1/../../../../arm-none-eabi/lib/thumb/v7e-m/fpv4-sp/softfp/libg_nano.a
LOAD /home/jack/SimplicityStudio_v4/developer/toolchains/gnu_arm/7.2_2017q4/bin/../lib/gcc/arm-none-eabi/7.2.1/../../../../arm-none-eabi/lib/thumb/v7e-m/fpv4-sp/softfp/libc_nano.a
END GROUP
START GROUP
LOAD /home/jack/SimplicityStudio_v4/developer/toolchains/gnu_arm/7.2_2017q4/bin/../lib/gcc/arm-none-eabi/7.2.1/thumb/v7e-m/fpv4-sp/softfp/libgcc.a
LOAD /home/jack/SimplicityStudio_v4/developer/toolchains/gnu_arm/7.2_2017q4/bin/../lib/gcc/arm-none-eabi/7.2.1/../../../../arm-none-eabi/lib/thumb/v7e-m/fpv4-sp/softfp/libc_nano.a
END GROUP
LOAD /home/jack/SimplicityStudio_v4/developer/toolchains/gnu_arm/7.2_2017q4/bin/../lib/gcc/arm-none-eabi/7.2.1/thumb/v7e-m/fpv4-sp/softfp/crtend.o
LOAD /home/jack/SimplicityStudio_v4/developer/toolchains/gnu_arm/7.2_2017q4/bin/../lib/gcc/arm-none-eabi/7.2.1/thumb/v7e-m/fpv4-sp/softfp/crtn.o

.text           0x0000000000000000     0xfc14
 *(.vectors)
 .vectors       0x0000000000000000      0x10c ./CMSIS/EFM32PG12B/startup_gcc_efm32pg12b.o
                0x0000000000000000                __Vectors
                0x000000000000010c                __Vectors_End = .
                0x000000000000010c                __Vectors_Size = (__Vectors_End - __Vectors)
                0x000000000000010c                __end__ = .
 *(.text*)
 .text          0x000000000000010c       0x40 /home/jack/SimplicityStudio_v4/developer/toolchains/gnu_arm/7.2_2017q4/bin/../lib/gcc/arm-none-eabi/7.2.1/thumb/v7e-m/fpv4-sp/softfp/crtbegin.o
 .text          0x000000000000014c       0x74 /home/jack/SimplicityStudio_v4/developer/toolchains/gnu_arm/7.2_2017q4/bin/../lib/gcc/arm-none-eabi/7.2.1/../../../../arm-none-eabi/lib/thumb/v7e-m/fpv4-sp/softfp/crt0.o
                0x000000000000014c                _mainCRTStartup
                0x000000000000014c                _start
 .text.CMU_HFRCOFreqGet
                0x00000000000001c0        0xe ./src/cmu.o
 *fill*         0x00000000000001ce        0x2 
 .text.cmu_open
                0x00000000000001d0       0x38 ./src/cmu.o
                0x00000000000001d0                cmu_open
 .text.vehicle_init
                0x0000000000000208       0x8c ./src/configurations.o
                0x0000000000000208                vehicle_init
 .text.vehicle_speed_init
                0x0000000000000294       0x22 ./src/configurations.o
                0x0000000000000294                vehicle_speed_init
 .text.vehicle_direction_init
                0x00000000000002b6       0x26 ./src/configurations.o
                0x00000000000002b6                vehicle_direction_init
 .text.track_settings_init
                0x00000000000002dc       0x26 ./src/configurations.o
                0x00000000000002dc                track_settings_init
 *fill*         0x0000000000000302        0x2 
 .text.DirectionTask
                0x0000000000000304      0x15c ./src/direction.o
                0x0000000000000304                DirectionTask
 .text.get_capsense_position
                0x0000000000000460       0xa2 ./src/direction.o
                0x0000000000000460                get_capsense_position
 *fill*         0x0000000000000502        0x2 
 .text.DisplayTask
                0x0000000000000504      0x828 ./src/lcd_display.o
                0x0000000000000504                DisplayTask
 .text.tmrStartupCallback
                0x0000000000000d2c       0x48 ./src/lcd_display.o
                0x0000000000000d2c                tmrStartupCallback
 .text.tmrGameoverCallback
                0x0000000000000d74       0x28 ./src/lcd_display.o
                0x0000000000000d74                tmrGameoverCallback
 .text.tmrHighScoreCallback
                0x0000000000000d9c       0x28 ./src/lcd_display.o
                0x0000000000000d9c                tmrHighScoreCallback
 .text.startup_screen
                0x0000000000000dc4       0xf4 ./src/lcd_display.o
                0x0000000000000dc4                startup_screen
 .text.config_write_track_type
                0x0000000000000eb8       0xfc ./src/lcd_display.o
                0x0000000000000eb8                config_write_track_type
 .text.config_write_car_type
                0x0000000000000fb4      0x11c ./src/lcd_display.o
                0x0000000000000fb4                config_write_car_type
 .text.config_write_tire_type
                0x00000000000010d0       0xec ./src/lcd_display.o
                0x00000000000010d0                config_write_tire_type
 .text.config_write_weather_type
                0x00000000000011bc       0xe4 ./src/lcd_display.o
                0x00000000000011bc                config_write_weather_type
 .text.config_write_road_type
                0x00000000000012a0       0xd8 ./src/lcd_display.o
                0x00000000000012a0                config_write_road_type
 .text.config_update
                0x0000000000001378      0x108 ./src/lcd_display.o
                0x0000000000001378                config_update
 .text.increment_current_config_value
                0x0000000000001480       0x58 ./src/lcd_display.o
                0x0000000000001480                increment_current_config_value
 .text.decrement_current_config_value
                0x00000000000014d8       0x58 ./src/lcd_display.o
                0x00000000000014d8                decrement_current_config_value
 .text.increment_current_dot_value
                0x0000000000001530       0x60 ./src/lcd_display.o
                0x0000000000001530                increment_current_dot_value
 .text.decrement_current_dot_value
                0x0000000000001590       0x60 ./src/lcd_display.o
                0x0000000000001590                decrement_current_dot_value
 .text.increment_track_choice
                0x00000000000015f0       0x2c ./src/lcd_display.o
                0x00000000000015f0                increment_track_choice
 .text.decrement_track_choice
                0x000000000000161c       0x2c ./src/lcd_display.o
                0x000000000000161c                decrement_track_choice
 .text.increment_car_choice
                0x0000000000001648       0xd8 ./src/lcd_display.o
                0x0000000000001648                increment_car_choice
 .text.decrement_car_choice
                0x0000000000001720       0xd8 ./src/lcd_display.o
                0x0000000000001720                decrement_car_choice
 .text.increment_tire_choice
                0x00000000000017f8       0x32 ./src/lcd_display.o
                0x00000000000017f8                increment_tire_choice
 .text.decrement_tire_choice
                0x000000000000182a       0x32 ./src/lcd_display.o
                0x000000000000182a                decrement_tire_choice
 .text.increment_weather_choice
                0x000000000000185c       0x2c ./src/lcd_display.o
                0x000000000000185c                increment_weather_choice
 .text.decrement_weather_choice
                0x0000000000001888       0x2c ./src/lcd_display.o
                0x0000000000001888                decrement_weather_choice
 .text.increment_road_choice
                0x00000000000018b4       0x2c ./src/lcd_display.o
                0x00000000000018b4                increment_road_choice
 .text.decrement_road_choice
                0x00000000000018e0       0x2c ./src/lcd_display.o
                0x00000000000018e0                decrement_road_choice
 .text.getready_draw_countdown
                0x000000000000190c       0xb0 ./src/lcd_display.o
                0x000000000000190c                getready_draw_countdown
 .text.gameplay_draw_screen
                0x00000000000019bc       0x44 ./src/lcd_display.o
                0x00000000000019bc                gameplay_draw_screen
 .text.gameplay_draw_hud
                0x0000000000001a00      0x234 ./src/lcd_display.o
                0x0000000000001a00                gameplay_draw_hud
 .text.gameplay_draw_vehicle
                0x0000000000001c34      0x348 ./src/lcd_display.o
                0x0000000000001c34                gameplay_draw_vehicle
 .text.gameplay_calculate_vehicle_shape
                0x0000000000001f7c       0x4c ./src/lcd_display.o
                0x0000000000001f7c                gameplay_calculate_vehicle_shape
 .text.gameplay_draw_track
                0x0000000000001fc8       0xd8 ./src/lcd_display.o
                0x0000000000001fc8                gameplay_draw_track
 .text.gameplay_connect_waypoints
                0x00000000000020a0       0xd0 ./src/lcd_display.o
                0x00000000000020a0                gameplay_connect_waypoints
 .text.gameplay_calculate_mph_from_ms
                0x0000000000002170       0x48 ./src/lcd_display.o
                0x0000000000002170                gameplay_calculate_mph_from_ms
 .text.gameover_print_header
                0x00000000000021b8       0xa8 ./src/lcd_display.o
                0x00000000000021b8                gameover_print_header
 .text.gameover_print_header_inverse
                0x0000000000002260       0xa8 ./src/lcd_display.o
                0x0000000000002260                gameover_print_header_inverse
 .text.high_score_display
                0x0000000000002308      0x158 ./src/lcd_display.o
                0x0000000000002308                high_score_display
 .text.high_score_display_place
                0x0000000000002460       0xc4 ./src/lcd_display.o
                0x0000000000002460                high_score_display_place
 .text.BUS_RegMaskedSet
                0x0000000000002524       0x24 ./src/led.o
 .text.BUS_RegMaskedClear
                0x0000000000002548       0x24 ./src/led.o
 .text.GPIO_PinOutClear
                0x000000000000256c       0x78 ./src/led.o
 .text.GPIO_PinOutSet
                0x00000000000025e4       0x78 ./src/led.o
 .text.LedTask  0x000000000000265c      0x190 ./src/led.o
                0x000000000000265c                LedTask
 .text.gpio_init_leds
                0x00000000000027ec       0x3c ./src/led.o
                0x00000000000027ec                gpio_init_leds
 .text.set_led0
                0x0000000000002828       0x2a ./src/led.o
                0x0000000000002828                set_led0
 .text.set_led1
                0x0000000000002852       0x2a ./src/led.o
                0x0000000000002852                set_led1
 .text.SYSTEM_GetProdRev
                0x000000000000287c       0x1c ./src/main.o
 .text.CHIP_Init
                0x0000000000002898       0x74 ./src/main.o
 .text.main     0x000000000000290c      0x15c ./src/main.o
                0x000000000000290c                main
 .text.vApplicationMallocFailedHook
                0x0000000000002a68       0x1a ./src/main.o
                0x0000000000002a68                vApplicationMallocFailedHook
 .text.vApplicationStackOverflowHook
                0x0000000000002a82       0x1e ./src/main.o
                0x0000000000002a82                vApplicationStackOverflowHook
 .text.VehicleMonitorTask
                0x0000000000002aa0       0x68 ./src/monitor.o
                0x0000000000002aa0                VehicleMonitorTask
 .text.BUS_RegBitRead
                0x0000000000002b08       0x2a ./src/speed.o
 *fill*         0x0000000000002b32        0x2 
 .text.GPIO_IntClear
                0x0000000000002b34       0x20 ./src/speed.o
 .text.GPIO_PinInGet
                0x0000000000002b54       0x72 ./src/speed.o
 *fill*         0x0000000000002bc6        0x2 
 .text.SpeedTask
                0x0000000000002bc8      0x530 ./src/speed.o
                0x0000000000002bc8                SpeedTask
 .text.tmrAutopilotCallback
                0x00000000000030f8       0x58 ./src/speed.o
                0x00000000000030f8                tmrAutopilotCallback
 .text.tmrConfigCallback
                0x0000000000003150       0x70 ./src/speed.o
                0x0000000000003150                tmrConfigCallback
 .text.tmrAccelDistanceCallback
                0x00000000000031c0       0x9c ./src/speed.o
                0x00000000000031c0                tmrAccelDistanceCallback
 .text.calc_new_speed
                0x000000000000325c      0x180 ./src/speed.o
                0x000000000000325c                calc_new_speed
 .text.calc_drag_force
                0x00000000000033dc       0xac ./src/speed.o
                0x00000000000033dc                calc_drag_force
 .text.calc_static_friction_force
                0x0000000000003488       0x50 ./src/speed.o
                0x0000000000003488                calc_static_friction_force
 .text.calc_rolling_friction_force
                0x00000000000034d8       0x50 ./src/speed.o
                0x00000000000034d8                calc_rolling_friction_force
 .text.calculate_distance_update
                0x0000000000003528       0x4a ./src/speed.o
                0x0000000000003528                calculate_distance_update
 *fill*         0x0000000000003572        0x2 
 .text.gpio_init_buttons
                0x0000000000003574       0x3c ./src/speed.o
                0x0000000000003574                gpio_init_buttons
 .text.sample_button0
                0x00000000000035b0       0x3a ./src/speed.o
                0x00000000000035b0                sample_button0
 .text.sample_button1
                0x00000000000035ea       0x3a ./src/speed.o
                0x00000000000035ea                sample_button1
 .text.find_press_type
                0x0000000000003624       0x4e ./src/speed.o
                0x0000000000003624                find_press_type
 .text.GPIO_EVEN_IRQHandler
                0x0000000000003672       0x10 ./src/speed.o
                0x0000000000003672                GPIO_EVEN_IRQHandler
 .text.GPIO_ODD_IRQHandler
                0x0000000000003682       0x10 ./src/speed.o
                0x0000000000003682                GPIO_ODD_IRQHandler
 *fill*         0x0000000000003692        0x2 
 .text.init_tracks
                0x0000000000003694      0x120 ./src/tracks.o
                0x0000000000003694                init_tracks
 .text.set_track
                0x00000000000037b4       0xb4 ./src/tracks.o
                0x00000000000037b4                set_track
 .text.BUS_RegBitWrite
                0x0000000000003868       0x2e ./emlib/em_acmp.o
 .text.BUS_RegMaskedSet
                0x0000000000003896       0x24 ./emlib/em_acmp.o
 .text.BUS_RegMaskedClear
                0x00000000000038ba       0x24 ./emlib/em_acmp.o
 .text.BUS_RegMaskedWrite
                0x00000000000038de       0x24 ./emlib/em_acmp.o
 *fill*         0x0000000000003902        0x2 
 .text.ACMP_CapsenseInit
                0x0000000000003904       0x80 ./emlib/em_acmp.o
                0x0000000000003904                ACMP_CapsenseInit
 .text.ACMP_CapsenseChannelSet
                0x0000000000003984       0x38 ./emlib/em_acmp.o
                0x0000000000003984                ACMP_CapsenseChannelSet
 .text.ACMP_Disable
                0x00000000000039bc       0x34 ./emlib/em_acmp.o
                0x00000000000039bc                ACMP_Disable
 .text.ACMP_Enable
                0x00000000000039f0       0x34 ./emlib/em_acmp.o
                0x00000000000039f0                ACMP_Enable
 .text.BUS_RegBitWrite
                0x0000000000003a24       0x2e ./emlib/em_cmu.o
 .text.BUS_RegBitRead
                0x0000000000003a52       0x2a ./emlib/em_cmu.o
 .text.SL_Log2ToDiv
                0x0000000000003a7c       0x1c ./emlib/em_cmu.o
 .text.CMU_Log2ToDiv
                0x0000000000003a98       0x18 ./emlib/em_cmu.o
 .text.CMU_PrescToLog2
                0x0000000000003ab0       0x28 ./emlib/em_cmu.o
 .text.EMU_VScaleWait
                0x0000000000003ad8       0x1c ./emlib/em_cmu.o
 .text.EMU_VScaleGet
                0x0000000000003af4       0x1c ./emlib/em_cmu.o
 .text.setHfLeConfig
                0x0000000000003b10       0x64 ./emlib/em_cmu.o
 .text.auxClkGet
                0x0000000000003b74       0x20 ./emlib/em_cmu.o
 .text.hfSrcClkGet
                0x0000000000003b94       0x2c ./emlib/em_cmu.o
 .text.dbgClkGet
                0x0000000000003bc0       0x40 ./emlib/em_cmu.o
 .text.adcAsyncClkGet
                0x0000000000003c00       0x80 ./emlib/em_cmu.o
 .text.flashWaitStateControl
                0x0000000000003c80       0x8c ./emlib/em_cmu.o
 .text.flashWaitStateMax
                0x0000000000003d0c       0x44 ./emlib/em_cmu.o
 .text.CMU_UpdateWaitStates
                0x0000000000003d50       0x40 ./emlib/em_cmu.o
                0x0000000000003d50                CMU_UpdateWaitStates
 .text.getRegIshUpperVal
                0x0000000000003d90       0x36 ./emlib/em_cmu.o
 *fill*         0x0000000000003dc6        0x2 
 .text.getHfxoTuningMode
                0x0000000000003dc8       0x1c ./emlib/em_cmu.o
 .text.setHfxoTuningMode
                0x0000000000003de4       0x2c ./emlib/em_cmu.o
 .text.lfClkGet
                0x0000000000003e10       0xf4 ./emlib/em_cmu.o
 .text.syncReg  0x0000000000003f04       0x38 ./emlib/em_cmu.o
 .text.hfperClkSafePrescaler
                0x0000000000003f3c        0xe ./emlib/em_cmu.o
 .text.hfperClkOptimizedPrescaler
                0x0000000000003f4a        0xe ./emlib/em_cmu.o
 .text.CMU_ClockDivGet
                0x0000000000003f58       0x1a ./emlib/em_cmu.o
                0x0000000000003f58                CMU_ClockDivGet
 .text.CMU_ClockDivSet
                0x0000000000003f72       0x1e ./emlib/em_cmu.o
                0x0000000000003f72                CMU_ClockDivSet
 .text.CMU_ClockEnable
                0x0000000000003f90       0xcc ./emlib/em_cmu.o
                0x0000000000003f90                CMU_ClockEnable
 .text.CMU_ClockFreqGet
                0x000000000000405c      0x20c ./emlib/em_cmu.o
                0x000000000000405c                CMU_ClockFreqGet
 .text.CMU_ClockPrescGet
                0x0000000000004268      0x184 ./emlib/em_cmu.o
                0x0000000000004268                CMU_ClockPrescGet
 .text.CMU_ClockPrescSet
                0x00000000000043ec      0x258 ./emlib/em_cmu.o
                0x00000000000043ec                CMU_ClockPrescSet
 .text.CMU_ClockSelectGet
                0x0000000000004644      0x1c0 ./emlib/em_cmu.o
                0x0000000000004644                CMU_ClockSelectGet
 .text.CMU_ClockSelectSet
                0x0000000000004804      0x2f0 ./emlib/em_cmu.o
                0x0000000000004804                CMU_ClockSelectSet
 .text.CMU_HFRCODevinfoGet
                0x0000000000004af4       0xdc ./emlib/em_cmu.o
 .text.CMU_HFRCOBandGet
                0x0000000000004bd0       0x18 ./emlib/em_cmu.o
                0x0000000000004bd0                CMU_HFRCOBandGet
 .text.CMU_HFRCOBandSet
                0x0000000000004be8      0x124 ./emlib/em_cmu.o
                0x0000000000004be8                CMU_HFRCOBandSet
 .text.CMU_OscillatorEnable
                0x0000000000004d0c      0x1a0 ./emlib/em_cmu.o
                0x0000000000004d0c                CMU_OscillatorEnable
 .text.CMU_OscillatorTuningGet
                0x0000000000004eac       0x74 ./emlib/em_cmu.o
                0x0000000000004eac                CMU_OscillatorTuningGet
 .text.CMU_OscillatorTuningSet
                0x0000000000004f20      0x100 ./emlib/em_cmu.o
                0x0000000000004f20                CMU_OscillatorTuningSet
 .text.CMU_OscillatorTuningWait
                0x0000000000005020       0x94 ./emlib/em_cmu.o
                0x0000000000005020                CMU_OscillatorTuningWait
 .text.CMU_OscillatorTuningOptimize
                0x00000000000050b4       0x58 ./emlib/em_cmu.o
                0x00000000000050b4                CMU_OscillatorTuningOptimize
 .text.CORE_EnterAtomic
                0x000000000000510c       0x20 ./emlib/em_core.o
                0x000000000000510c                CORE_EnterAtomic
 .text.CORE_ExitAtomic
                0x000000000000512c       0x1c ./emlib/em_core.o
                0x000000000000512c                CORE_ExitAtomic
 .text.BUS_RegBitRead
                0x0000000000005148       0x2a ./emlib/em_emu.o
 *fill*         0x0000000000005172        0x2 
 .text.EMU_VScaleWait
                0x0000000000005174       0x1c ./emlib/em_emu.o
 .text.EMU_VScaleGet
                0x0000000000005190       0x1c ./emlib/em_emu.o
 .text.vScaleEM01Cmd
                0x00000000000051ac       0x22 ./emlib/em_emu.o
 *fill*         0x00000000000051ce        0x2 
 .text.EMU_VScaleEM01ByClock
                0x00000000000051d0       0x70 ./emlib/em_emu.o
                0x00000000000051d0                EMU_VScaleEM01ByClock
 .text.EMU_VScaleEM01
                0x0000000000005240       0x88 ./emlib/em_emu.o
                0x0000000000005240                EMU_VScaleEM01
 .text.BUS_RegMaskedSet
                0x00000000000052c8       0x24 ./emlib/em_gpio.o
 .text.BUS_RegMaskedClear
                0x00000000000052ec       0x24 ./emlib/em_gpio.o
 .text.BUS_RegMaskedWrite
                0x0000000000005310       0x24 ./emlib/em_gpio.o
 .text.GPIO_PinOutClear
                0x0000000000005334       0x78 ./emlib/em_gpio.o
 .text.GPIO_PinOutSet
                0x00000000000053ac       0x78 ./emlib/em_gpio.o
 .text.GPIO_DriveStrengthSet
                0x0000000000005424       0x7e ./emlib/em_gpio.o
                0x0000000000005424                GPIO_DriveStrengthSet
 *fill*         0x00000000000054a2        0x2 
 .text.GPIO_PinModeSet
                0x00000000000054a4      0x138 ./emlib/em_gpio.o
                0x00000000000054a4                GPIO_PinModeSet
 .text.PRS_SourceAsyncSignalSet
                0x00000000000055dc       0x2a ./emlib/em_prs.o
                0x00000000000055dc                PRS_SourceAsyncSignalSet
 *fill*         0x0000000000005606        0x2 
 .text.PRS_ConnectSignal
                0x0000000000005608       0x50 ./emlib/em_prs.o
                0x0000000000005608                PRS_ConnectSignal
 .text.BUS_RegBitWrite
                0x0000000000005658       0x2e ./emlib/em_rtcc.o
 *fill*         0x0000000000005686        0x2 
 .text.RTCC_ChannelInit
                0x0000000000005688       0x5c ./emlib/em_rtcc.o
                0x0000000000005688                RTCC_ChannelInit
 .text.RTCC_Enable
                0x00000000000056e4       0x24 ./emlib/em_rtcc.o
                0x00000000000056e4                RTCC_Enable
 .text.RTCC_Init
                0x0000000000005708       0x98 ./emlib/em_rtcc.o
                0x0000000000005708                RTCC_Init
 .text.prsRxInput
                0x00000000000057a0       0x26 ./emlib/em_usart.o
 *fill*         0x00000000000057c6        0x2 
 .text.USART_BaudrateSyncSet
                0x00000000000057c8       0x40 ./emlib/em_usart.o
                0x00000000000057c8                USART_BaudrateSyncSet
 .text.USART_InitSync
                0x0000000000005808      0x100 ./emlib/em_usart.o
                0x0000000000005808                USART_InitSync
 .text.USART_Reset
                0x0000000000005908       0xd0 ./emlib/em_usart.o
                0x0000000000005908                USART_Reset
 .text.USART_Tx
                0x00000000000059d8       0x2c ./emlib/em_usart.o
                0x00000000000059d8                USART_Tx
 .text.USART_TxDouble
                0x0000000000005a04       0x2c ./emlib/em_usart.o
                0x0000000000005a04                USART_TxDouble
 .text._DoInit  0x0000000000005a30       0x9c ./SEGGER/SEGGER_RTT.o
 .text.SEGGER_RTT_ReadNoLock
                0x0000000000005acc      0x104 ./SEGGER/SEGGER_RTT.o
                0x0000000000005acc                SEGGER_RTT_ReadNoLock
 .text.SEGGER_RTT_WriteSkipNoLock
                0x0000000000005bd0      0x120 ./SEGGER/SEGGER_RTT.o
                0x0000000000005bd0                SEGGER_RTT_WriteSkipNoLock
 .text.SEGGER_RTT_ConfigUpBuffer
                0x0000000000005cf0       0xd4 ./SEGGER/SEGGER_RTT.o
                0x0000000000005cf0                SEGGER_RTT_ConfigUpBuffer
 .text.SEGGER_RTT_ConfigDownBuffer
                0x0000000000005dc4       0xd4 ./SEGGER/SEGGER_RTT.o
                0x0000000000005dc4                SEGGER_RTT_ConfigDownBuffer
 .text._EncodeStr
                0x0000000000005e98       0x9a ./SEGGER/SEGGER_SYSVIEW.o
 .text._PreparePacket
                0x0000000000005f32       0x18 ./SEGGER/SEGGER_SYSVIEW.o
 .text._HandleIncomingPacket
                0x0000000000005f4a       0xb8 ./SEGGER/SEGGER_SYSVIEW.o
 *fill*         0x0000000000006002        0x2 
 .text._TrySendOverflowPacket
                0x0000000000006004       0xe0 ./SEGGER/SEGGER_SYSVIEW.o
 .text._SendPacket
                0x00000000000060e4      0x1a4 ./SEGGER/SEGGER_SYSVIEW.o
 .text.SEGGER_SYSVIEW_Init
                0x0000000000006288       0x7c ./SEGGER/SEGGER_SYSVIEW.o
                0x0000000000006288                SEGGER_SYSVIEW_Init
 .text.SEGGER_SYSVIEW_SetRAMBase
                0x0000000000006304       0x20 ./SEGGER/SEGGER_SYSVIEW.o
                0x0000000000006304                SEGGER_SYSVIEW_SetRAMBase
 .text.SEGGER_SYSVIEW_RecordVoid
                0x0000000000006324       0x3c ./SEGGER/SEGGER_SYSVIEW.o
                0x0000000000006324                SEGGER_SYSVIEW_RecordVoid
 .text.SEGGER_SYSVIEW_RecordU32
                0x0000000000006360       0x78 ./SEGGER/SEGGER_SYSVIEW.o
                0x0000000000006360                SEGGER_SYSVIEW_RecordU32
 .text.SEGGER_SYSVIEW_RecordU32x2
                0x00000000000063d8       0xb4 ./SEGGER/SEGGER_SYSVIEW.o
                0x00000000000063d8                SEGGER_SYSVIEW_RecordU32x2
 .text.SEGGER_SYSVIEW_RecordU32x3
                0x000000000000648c       0xec ./SEGGER/SEGGER_SYSVIEW.o
                0x000000000000648c                SEGGER_SYSVIEW_RecordU32x3
 .text.SEGGER_SYSVIEW_Start
                0x0000000000006578      0x178 ./SEGGER/SEGGER_SYSVIEW.o
                0x0000000000006578                SEGGER_SYSVIEW_Start
 .text.SEGGER_SYSVIEW_Stop
                0x00000000000066f0       0x4c ./SEGGER/SEGGER_SYSVIEW.o
                0x00000000000066f0                SEGGER_SYSVIEW_Stop
 .text.SEGGER_SYSVIEW_GetSysDesc
                0x000000000000673c      0x134 ./SEGGER/SEGGER_SYSVIEW.o
                0x000000000000673c                SEGGER_SYSVIEW_GetSysDesc
 .text.SEGGER_SYSVIEW_SendTaskInfo
                0x0000000000006870      0x1cc ./SEGGER/SEGGER_SYSVIEW.o
                0x0000000000006870                SEGGER_SYSVIEW_SendTaskInfo
 .text.SEGGER_SYSVIEW_SendTaskList
                0x0000000000006a3c       0x28 ./SEGGER/SEGGER_SYSVIEW.o
                0x0000000000006a3c                SEGGER_SYSVIEW_SendTaskList
 .text.SEGGER_SYSVIEW_SendSysDesc
                0x0000000000006a64       0x48 ./SEGGER/SEGGER_SYSVIEW.o
                0x0000000000006a64                SEGGER_SYSVIEW_SendSysDesc
 .text.SEGGER_SYSVIEW_RecordSystime
                0x0000000000006aac       0x60 ./SEGGER/SEGGER_SYSVIEW.o
                0x0000000000006aac                SEGGER_SYSVIEW_RecordSystime
 .text.SEGGER_SYSVIEW_RecordEnterISR
                0x0000000000006b0c       0x84 ./SEGGER/SEGGER_SYSVIEW.o
                0x0000000000006b0c                SEGGER_SYSVIEW_RecordEnterISR
 .text.SEGGER_SYSVIEW_RecordExitISR
                0x0000000000006b90       0x38 ./SEGGER/SEGGER_SYSVIEW.o
                0x0000000000006b90                SEGGER_SYSVIEW_RecordExitISR
 .text.SEGGER_SYSVIEW_RecordExitISRToScheduler
                0x0000000000006bc8       0x38 ./SEGGER/SEGGER_SYSVIEW.o
                0x0000000000006bc8                SEGGER_SYSVIEW_RecordExitISRToScheduler
 .text.SEGGER_SYSVIEW_OnIdle
                0x0000000000006c00       0x38 ./SEGGER/SEGGER_SYSVIEW.o
                0x0000000000006c00                SEGGER_SYSVIEW_OnIdle
 .text.SEGGER_SYSVIEW_OnTaskCreate
                0x0000000000006c38       0x88 ./SEGGER/SEGGER_SYSVIEW.o
                0x0000000000006c38                SEGGER_SYSVIEW_OnTaskCreate
 .text.SEGGER_SYSVIEW_OnTaskStartExec
                0x0000000000006cc0       0x88 ./SEGGER/SEGGER_SYSVIEW.o
                0x0000000000006cc0                SEGGER_SYSVIEW_OnTaskStartExec
 .text.SEGGER_SYSVIEW_OnTaskStartReady
                0x0000000000006d48       0x88 ./SEGGER/SEGGER_SYSVIEW.o
                0x0000000000006d48                SEGGER_SYSVIEW_OnTaskStartReady
 .text.SEGGER_SYSVIEW_OnTaskStopReady
                0x0000000000006dd0       0xc0 ./SEGGER/SEGGER_SYSVIEW.o
                0x0000000000006dd0                SEGGER_SYSVIEW_OnTaskStopReady
 .text.SEGGER_SYSVIEW_SendPacket
                0x0000000000006e90       0x38 ./SEGGER/SEGGER_SYSVIEW.o
                0x0000000000006e90                SEGGER_SYSVIEW_SendPacket
 .text.SEGGER_SYSVIEW_EncodeU32
                0x0000000000006ec8       0x50 ./SEGGER/SEGGER_SYSVIEW.o
                0x0000000000006ec8                SEGGER_SYSVIEW_EncodeU32
 .text.SEGGER_SYSVIEW_ShrinkId
                0x0000000000006f18       0x24 ./SEGGER/SEGGER_SYSVIEW.o
                0x0000000000006f18                SEGGER_SYSVIEW_ShrinkId
 .text.SEGGER_SYSVIEW_SendModule
                0x0000000000006f3c      0x100 ./SEGGER/SEGGER_SYSVIEW.o
                0x0000000000006f3c                SEGGER_SYSVIEW_SendModule
 .text.SEGGER_SYSVIEW_SendModuleDescription
                0x000000000000703c       0x3c ./SEGGER/SEGGER_SYSVIEW.o
                0x000000000000703c                SEGGER_SYSVIEW_SendModuleDescription
 .text.SEGGER_SYSVIEW_SendNumModules
                0x0000000000007078       0x7c ./SEGGER/SEGGER_SYSVIEW.o
                0x0000000000007078                SEGGER_SYSVIEW_SendNumModules
 .text.SEGGER_SYSVIEW_Warn
                0x00000000000070f4       0xb8 ./SEGGER/SEGGER_SYSVIEW.o
                0x00000000000070f4                SEGGER_SYSVIEW_Warn
 .text._cbSendTaskList
                0x00000000000071ac       0x90 ./SEGGER/SEGGER_SYSVIEW_FreeRTOS.o
 .text._cbGetTime
                0x000000000000723c       0x78 ./SEGGER/SEGGER_SYSVIEW_FreeRTOS.o
 .text.SYSVIEW_AddTask
                0x00000000000072b4       0xd0 ./SEGGER/SEGGER_SYSVIEW_FreeRTOS.o
                0x00000000000072b4                SYSVIEW_AddTask
 .text.SYSVIEW_SendTaskInfo
                0x0000000000007384       0x42 ./SEGGER/SEGGER_SYSVIEW_FreeRTOS.o
                0x0000000000007384                SYSVIEW_SendTaskInfo
 .text.SYSVIEW_RecordU32x4
                0x00000000000073c6       0x54 ./SEGGER/SEGGER_SYSVIEW_FreeRTOS.o
                0x00000000000073c6                SYSVIEW_RecordU32x4
 *fill*         0x000000000000741a        0x2 
 .text.DMD_init
                0x000000000000741c       0xc8 ./Graphics/dmd_display.o
                0x000000000000741c                DMD_init
 .text.DMD_getDisplayGeometry
                0x00000000000074e4       0x38 ./Graphics/dmd_display.o
                0x00000000000074e4                DMD_getDisplayGeometry
 .text.DMD_setClippingArea
                0x000000000000751c       0x8c ./Graphics/dmd_display.o
                0x000000000000751c                DMD_setClippingArea
 .text.DMD_writeColor
                0x00000000000075a8      0x2b8 ./Graphics/dmd_display.o
                0x00000000000075a8                DMD_writeColor
 .text.DMD_allocateFramebuffer
                0x0000000000007860       0x5c ./Graphics/dmd_display.o
                0x0000000000007860                DMD_allocateFramebuffer
 .text.DMD_updateDisplay
                0x00000000000078bc      0x114 ./Graphics/dmd_display.o
                0x00000000000078bc                DMD_updateDisplay
 .text.GLIB_colorTranslate24bppInl
                0x00000000000079d0       0x36 ./Graphics/glib.o
 *fill*         0x0000000000007a06        0x2 
 .text.GLIB_contextInit
                0x0000000000007a08       0x84 ./Graphics/glib.o
                0x0000000000007a08                GLIB_contextInit
 .text.GLIB_setClippingRegion
                0x0000000000007a8c       0xa2 ./Graphics/glib.o
                0x0000000000007a8c                GLIB_setClippingRegion
 .text.GLIB_clear
                0x0000000000007b2e       0x70 ./Graphics/glib.o
                0x0000000000007b2e                GLIB_clear
 .text.GLIB_resetDisplayClippingArea
                0x0000000000007b9e       0x30 ./Graphics/glib.o
                0x0000000000007b9e                GLIB_resetDisplayClippingArea
 .text.GLIB_applyClippingRegion
                0x0000000000007bce       0x56 ./Graphics/glib.o
                0x0000000000007bce                GLIB_applyClippingRegion
 .text.GLIB_colorTranslate24bpp
                0x0000000000007c24       0x22 ./Graphics/glib.o
                0x0000000000007c24                GLIB_colorTranslate24bpp
 .text.GLIB_drawPixel
                0x0000000000007c46       0x6e ./Graphics/glib.o
                0x0000000000007c46                GLIB_drawPixel
 .text.GLIB_drawPixelColor
                0x0000000000007cb4       0x6e ./Graphics/glib.o
                0x0000000000007cb4                GLIB_drawPixelColor
 .text.GLIB_drawCircleFilled
                0x0000000000007d22      0x170 ./Graphics/glib_circle.o
                0x0000000000007d22                GLIB_drawCircleFilled
 .text.GLIB_drawLineH
                0x0000000000007e92       0xec ./Graphics/glib_line.o
                0x0000000000007e92                GLIB_drawLineH
 .text.GLIB_drawLineV
                0x0000000000007f7e       0xec ./Graphics/glib_line.o
                0x0000000000007f7e                GLIB_drawLineV
 .text.GLIB_getClipCode
                0x000000000000806a       0x66 ./Graphics/glib_line.o
 .text.GLIB_clipLine
                0x00000000000080d0      0x1b2 ./Graphics/glib_line.o
 .text.GLIB_drawLine
                0x0000000000008282      0x18e ./Graphics/glib_line.o
                0x0000000000008282                GLIB_drawLine
 .text.GLIB_rectContainsPoint
                0x0000000000008410       0x4c ./Graphics/glib_rectangle.o
                0x0000000000008410                GLIB_rectContainsPoint
 .text.GLIB_normalizeRect
                0x000000000000845c       0x54 ./Graphics/glib_rectangle.o
                0x000000000000845c                GLIB_normalizeRect
 .text.GLIB_drawRect
                0x00000000000084b0       0xec ./Graphics/glib_rectangle.o
                0x00000000000084b0                GLIB_drawRect
 .text.GLIB_drawRectFilled
                0x000000000000859c       0xe2 ./Graphics/glib_rectangle.o
                0x000000000000859c                GLIB_drawRectFilled
 .text.GLIB_drawChar
                0x000000000000867e      0x1d6 ./Graphics/glib_string.o
                0x000000000000867e                GLIB_drawChar
 .text.GLIB_drawString
                0x0000000000008854       0xce ./Graphics/glib_string.o
                0x0000000000008854                GLIB_drawString
 .text.GLIB_setFont
                0x0000000000008922       0x44 ./Graphics/glib_string.o
                0x0000000000008922                GLIB_setFont
 *fill*         0x0000000000008966        0x2 
 .text.pvPortMalloc
                0x0000000000008968      0x18c ./FreeRTOS/Source/portable/MemMang/heap_4.o
                0x0000000000008968                pvPortMalloc
 .text.vPortFree
                0x0000000000008af4       0xb0 ./FreeRTOS/Source/portable/MemMang/heap_4.o
                0x0000000000008af4                vPortFree
 .text.prvHeapInit
                0x0000000000008ba4       0xc4 ./FreeRTOS/Source/portable/MemMang/heap_4.o
 .text.prvInsertBlockIntoFreeList
                0x0000000000008c68       0xb4 ./FreeRTOS/Source/portable/MemMang/heap_4.o
 .text.pxPortInitialiseStack
                0x0000000000008d1c       0x68 ./FreeRTOS/Source/portable/GCC/ARM_CM4F/port.o
                0x0000000000008d1c                pxPortInitialiseStack
 .text.prvTaskExitError
                0x0000000000008d84       0x3c ./FreeRTOS/Source/portable/GCC/ARM_CM4F/port.o
 .text.SVC_Handler
                0x0000000000008dc0       0x28 ./FreeRTOS/Source/portable/GCC/ARM_CM4F/port.o
                0x0000000000008dc0                SVC_Handler
 .text.prvPortStartFirstTask
                0x0000000000008de8       0x20 ./FreeRTOS/Source/portable/GCC/ARM_CM4F/port.o
 .text.xPortStartScheduler
                0x0000000000008e08      0x118 ./FreeRTOS/Source/portable/GCC/ARM_CM4F/port.o
                0x0000000000008e08                xPortStartScheduler
 .text.vPortEnterCritical
                0x0000000000008f20       0x5c ./FreeRTOS/Source/portable/GCC/ARM_CM4F/port.o
                0x0000000000008f20                vPortEnterCritical
 .text.vPortExitCritical
                0x0000000000008f7c       0x50 ./FreeRTOS/Source/portable/GCC/ARM_CM4F/port.o
                0x0000000000008f7c                vPortExitCritical
 *fill*         0x0000000000008fcc        0x4 
 .text.PendSV_Handler
                0x0000000000008fd0       0x68 ./FreeRTOS/Source/portable/GCC/ARM_CM4F/port.o
                0x0000000000008fd0                PendSV_Handler
 .text.SysTick_Handler
                0x0000000000009038       0x50 ./FreeRTOS/Source/portable/GCC/ARM_CM4F/port.o
                0x0000000000009038                SysTick_Handler
 .text.vPortSetupTimerInterrupt
                0x0000000000009088       0x24 ./FreeRTOS/Source/portable/GCC/ARM_CM4F/port.o
                0x0000000000009088                vPortSetupTimerInterrupt
 .text.vPortEnableVFP
                0x00000000000090ac       0x14 ./FreeRTOS/Source/portable/GCC/ARM_CM4F/port.o
 .text.vPortValidateInterruptPriority
                0x00000000000090c0       0x7c ./FreeRTOS/Source/portable/GCC/ARM_CM4F/port.o
                0x00000000000090c0                vPortValidateInterruptPriority
 .text.vListInitialise
                0x000000000000913c       0x40 ./FreeRTOS/Source/list.o
                0x000000000000913c                vListInitialise
 .text.vListInitialiseItem
                0x000000000000917c       0x1a ./FreeRTOS/Source/list.o
                0x000000000000917c                vListInitialiseItem
 .text.vListInsertEnd
                0x0000000000009196       0x48 ./FreeRTOS/Source/list.o
                0x0000000000009196                vListInsertEnd
 .text.vListInsert
                0x00000000000091de       0x74 ./FreeRTOS/Source/list.o
                0x00000000000091de                vListInsert
 .text.uxListRemove
                0x0000000000009252       0x54 ./FreeRTOS/Source/list.o
                0x0000000000009252                uxListRemove
 *fill*         0x00000000000092a6        0x2 
 .text.xQueueGenericReset
                0x00000000000092a8       0xd0 ./FreeRTOS/Source/queue.o
                0x00000000000092a8                xQueueGenericReset
 .text.xQueueGenericCreate
                0x0000000000009378       0x72 ./FreeRTOS/Source/queue.o
                0x0000000000009378                xQueueGenericCreate
 .text.prvInitialiseNewQueue
                0x00000000000093ea       0x4a ./FreeRTOS/Source/queue.o
 .text.prvInitialiseMutex
                0x0000000000009434       0x34 ./FreeRTOS/Source/queue.o
 .text.xQueueCreateMutex
                0x0000000000009468       0x30 ./FreeRTOS/Source/queue.o
                0x0000000000009468                xQueueCreateMutex
 .text.xQueueGenericSend
                0x0000000000009498      0x24c ./FreeRTOS/Source/queue.o
                0x0000000000009498                xQueueGenericSend
 .text.xQueueGenericSendFromISR
                0x00000000000096e4      0x150 ./FreeRTOS/Source/queue.o
                0x00000000000096e4                xQueueGenericSendFromISR
 .text.xQueueGenericReceive
                0x0000000000009834      0x2c0 ./FreeRTOS/Source/queue.o
                0x0000000000009834                xQueueGenericReceive
 .text.prvCopyDataToQueue
                0x0000000000009af4       0xd4 ./FreeRTOS/Source/queue.o
 .text.prvCopyDataFromQueue
                0x0000000000009bc8       0x4c ./FreeRTOS/Source/queue.o
 .text.prvUnlockQueue
                0x0000000000009c14       0xa4 ./FreeRTOS/Source/queue.o
 .text.prvIsQueueEmpty
                0x0000000000009cb8       0x2c ./FreeRTOS/Source/queue.o
 .text.prvIsQueueFull
                0x0000000000009ce4       0x30 ./FreeRTOS/Source/queue.o
 .text.vQueueAddToRegistry
                0x0000000000009d14       0x60 ./FreeRTOS/Source/queue.o
                0x0000000000009d14                vQueueAddToRegistry
 .text.vQueueWaitForMessageRestricted
                0x0000000000009d74       0x6a ./FreeRTOS/Source/queue.o
                0x0000000000009d74                vQueueWaitForMessageRestricted
 .text.xTaskCreate
                0x0000000000009dde       0x82 ./FreeRTOS/Source/tasks.o
                0x0000000000009dde                xTaskCreate
 .text.prvInitialiseNewTask
                0x0000000000009e60      0x110 ./FreeRTOS/Source/tasks.o
 .text.prvAddNewTaskToReadyList
                0x0000000000009f70      0x114 ./FreeRTOS/Source/tasks.o
 .text.vTaskDelay
                0x000000000000a084       0x74 ./FreeRTOS/Source/tasks.o
                0x000000000000a084                vTaskDelay
 .text.vTaskSuspend
                0x000000000000a0f8       0xf0 ./FreeRTOS/Source/tasks.o
                0x000000000000a0f8                vTaskSuspend
 .text.prvTaskIsTaskSuspended
                0x000000000000a1e8       0x74 ./FreeRTOS/Source/tasks.o
 .text.vTaskResume
                0x000000000000a25c       0xd4 ./FreeRTOS/Source/tasks.o
                0x000000000000a25c                vTaskResume
 .text.vTaskStartScheduler
                0x000000000000a330       0x98 ./FreeRTOS/Source/tasks.o
                0x000000000000a330                vTaskStartScheduler
 .text.vTaskSuspendAll
                0x000000000000a3c8       0x1c ./FreeRTOS/Source/tasks.o
                0x000000000000a3c8                vTaskSuspendAll
 .text.xTaskResumeAll
                0x000000000000a3e4      0x140 ./FreeRTOS/Source/tasks.o
                0x000000000000a3e4                xTaskResumeAll
 .text.xTaskGetTickCount
                0x000000000000a524       0x24 ./FreeRTOS/Source/tasks.o
                0x000000000000a524                xTaskGetTickCount
 .text.xTaskGetTickCountFromISR
                0x000000000000a548       0x44 ./FreeRTOS/Source/tasks.o
                0x000000000000a548                xTaskGetTickCountFromISR
 .text.xTaskIncrementTick
                0x000000000000a58c      0x188 ./FreeRTOS/Source/tasks.o
                0x000000000000a58c                xTaskIncrementTick
 .text.vTaskSwitchContext
                0x000000000000a714      0x124 ./FreeRTOS/Source/tasks.o
                0x000000000000a714                vTaskSwitchContext
 .text.vTaskPlaceOnEventList
                0x000000000000a838       0x4c ./FreeRTOS/Source/tasks.o
                0x000000000000a838                vTaskPlaceOnEventList
 .text.vTaskPlaceOnEventListRestricted
                0x000000000000a884       0x60 ./FreeRTOS/Source/tasks.o
                0x000000000000a884                vTaskPlaceOnEventListRestricted
 .text.xTaskRemoveFromEventList
                0x000000000000a8e4       0xcc ./FreeRTOS/Source/tasks.o
                0x000000000000a8e4                xTaskRemoveFromEventList
 .text.vTaskSetTimeOutState
                0x000000000000a9b0       0x48 ./FreeRTOS/Source/tasks.o
                0x000000000000a9b0                vTaskSetTimeOutState
 .text.xTaskCheckForTimeOut
                0x000000000000a9f8       0xc4 ./FreeRTOS/Source/tasks.o
                0x000000000000a9f8                xTaskCheckForTimeOut
 .text.vTaskMissedYield
                0x000000000000aabc       0x18 ./FreeRTOS/Source/tasks.o
                0x000000000000aabc                vTaskMissedYield
 .text.prvIdleTask
                0x000000000000aad4       0x30 ./FreeRTOS/Source/tasks.o
 .text.prvInitialiseTaskLists
                0x000000000000ab04       0x80 ./FreeRTOS/Source/tasks.o
 .text.prvCheckTasksWaitingTermination
                0x000000000000ab84       0x78 ./FreeRTOS/Source/tasks.o
 .text.prvDeleteTCB
                0x000000000000abfc       0x20 ./FreeRTOS/Source/tasks.o
 .text.prvResetNextTaskUnblockTime
                0x000000000000ac1c       0x4c ./FreeRTOS/Source/tasks.o
 .text.xTaskGetSchedulerState
                0x000000000000ac68       0x3c ./FreeRTOS/Source/tasks.o
                0x000000000000ac68                xTaskGetSchedulerState
 .text.vTaskPriorityInherit
                0x000000000000aca4       0xcc ./FreeRTOS/Source/tasks.o
                0x000000000000aca4                vTaskPriorityInherit
 .text.xTaskPriorityDisinherit
                0x000000000000ad70       0xe4 ./FreeRTOS/Source/tasks.o
                0x000000000000ad70                xTaskPriorityDisinherit
 .text.pvTaskIncrementMutexHeldCount
                0x000000000000ae54       0x28 ./FreeRTOS/Source/tasks.o
                0x000000000000ae54                pvTaskIncrementMutexHeldCount
 .text.xTaskNotifyWait
                0x000000000000ae7c       0xc8 ./FreeRTOS/Source/tasks.o
                0x000000000000ae7c                xTaskNotifyWait
 .text.xTaskGenericNotify
                0x000000000000af44      0x164 ./FreeRTOS/Source/tasks.o
                0x000000000000af44                xTaskGenericNotify
 .text.prvAddCurrentTaskToDelayedList
                0x000000000000b0a8       0xd4 ./FreeRTOS/Source/tasks.o
 .text.xTimerCreateTimerTask
                0x000000000000b17c       0x60 ./FreeRTOS/Source/timers.o
                0x000000000000b17c                xTimerCreateTimerTask
 .text.xTimerCreate
                0x000000000000b1dc       0x3c ./FreeRTOS/Source/timers.o
                0x000000000000b1dc                xTimerCreate
 .text.prvInitialiseNewTimer
                0x000000000000b218       0x64 ./FreeRTOS/Source/timers.o
 .text.xTimerGenericCommand
                0x000000000000b27c       0x9c ./FreeRTOS/Source/timers.o
                0x000000000000b27c                xTimerGenericCommand
 .text.prvProcessExpiredTimer
                0x000000000000b318       0x88 ./FreeRTOS/Source/timers.o
 .text.prvTimerTask
                0x000000000000b3a0       0x28 ./FreeRTOS/Source/timers.o
 .text.prvProcessTimerOrBlockTask
                0x000000000000b3c8       0xa4 ./FreeRTOS/Source/timers.o
 .text.prvGetNextExpireTime
                0x000000000000b46c       0x48 ./FreeRTOS/Source/timers.o
 .text.prvSampleTimeNow
                0x000000000000b4b4       0x40 ./FreeRTOS/Source/timers.o
 .text.prvInsertTimerInActiveList
                0x000000000000b4f4       0x94 ./FreeRTOS/Source/timers.o
 .text.prvProcessReceivedCommands
                0x000000000000b588      0x160 ./FreeRTOS/Source/timers.o
 .text.prvSwitchTimerLists
                0x000000000000b6e8       0xc0 ./FreeRTOS/Source/timers.o
 .text.prvCheckForValidListAndQueue
                0x000000000000b7a8       0x6c ./FreeRTOS/Source/timers.o
 .text.xTimerIsTimerActive
                0x000000000000b814       0x48 ./FreeRTOS/Source/timers.o
                0x000000000000b814                xTimerIsTimerActive
 .text.__NVIC_EnableIRQ
                0x000000000000b85c       0x3c ./Drivers/capsense.o
 .text.EMU_EnterEM1
                0x000000000000b898       0x20 ./Drivers/capsense.o
 .text.TIMER0_IRQHandler
                0x000000000000b8b8       0x7c ./Drivers/capsense.o
                0x000000000000b8b8                TIMER0_IRQHandler
 .text.CAPSENSE_getPressed
                0x000000000000b934       0x4c ./Drivers/capsense.o
                0x000000000000b934                CAPSENSE_getPressed
 .text.CAPSENSE_Measure
                0x000000000000b980       0x60 ./Drivers/capsense.o
 .text.CAPSENSE_Sense
                0x000000000000b9e0       0x54 ./Drivers/capsense.o
                0x000000000000b9e0                CAPSENSE_Sense
 .text.CAPSENSE_Init
                0x000000000000ba34       0xc0 ./Drivers/capsense.o
                0x000000000000ba34                CAPSENSE_Init
 .text.DISPLAY_Init
                0x000000000000baf4       0x54 ./Drivers/display.o
                0x000000000000baf4                DISPLAY_Init
 .text.DISPLAY_DeviceGet
                0x000000000000bb48       0x60 ./Drivers/display.o
                0x000000000000bb48                DISPLAY_DeviceGet
 .text.DISPLAY_DeviceRegister
                0x000000000000bba8       0x6c ./Drivers/display.o
                0x000000000000bba8                DISPLAY_DeviceRegister
 .text.DISPLAY_Ls013b7dh03Init
                0x000000000000bc14       0xd8 ./Drivers/displayls013b7dh03.o
                0x000000000000bc14                DISPLAY_Ls013b7dh03Init
 .text.DriverRefresh
                0x000000000000bcec       0x1e ./Drivers/displayls013b7dh03.o
 .text.DisplayEnable
                0x000000000000bd0a       0x2e ./Drivers/displayls013b7dh03.o
 .text.DisplayClear
                0x000000000000bd38       0x48 ./Drivers/displayls013b7dh03.o
 .text.PixelMatrixAllocate
                0x000000000000bd80       0x70 ./Drivers/displayls013b7dh03.o
 .text.PixelMatrixFree
                0x000000000000bdf0       0x1c ./Drivers/displayls013b7dh03.o
 .text.PixelMatrixClear
                0x000000000000be0c       0x54 ./Drivers/displayls013b7dh03.o
 .text.PixelMatrixDraw
                0x000000000000be60       0xb6 ./Drivers/displayls013b7dh03.o
 .text.BUS_RegMaskedSet
                0x000000000000bf16       0x24 ./Drivers/displaypalemlib.o
 .text.BUS_RegMaskedClear
                0x000000000000bf3a       0x24 ./Drivers/displaypalemlib.o
 .text.GPIO_PinOutClear
                0x000000000000bf5e       0x78 ./Drivers/displaypalemlib.o
 .text.GPIO_PinOutSet
                0x000000000000bfd6       0x78 ./Drivers/displaypalemlib.o
 *fill*         0x000000000000c04e        0x2 
 .text.RTCC_ChannelCompareValueSet
                0x000000000000c050       0x2c ./Drivers/displaypalemlib.o
 .text.RTCC_ChannelCCVSet
                0x000000000000c07c       0x1a ./Drivers/displaypalemlib.o
 *fill*         0x000000000000c096        0x2 
 .text.PAL_SpiInit
                0x000000000000c098       0x64 ./Drivers/displaypalemlib.o
                0x000000000000c098                PAL_SpiInit
 .text.PAL_SpiTransmit
                0x000000000000c0fc       0x74 ./Drivers/displaypalemlib.o
                0x000000000000c0fc                PAL_SpiTransmit
 .text.PAL_TimerInit
                0x000000000000c170       0x18 ./Drivers/displaypalemlib.o
                0x000000000000c170                PAL_TimerInit
 .text.PAL_TimerMicroSecondsDelay
                0x000000000000c188       0x1c ./Drivers/displaypalemlib.o
                0x000000000000c188                PAL_TimerMicroSecondsDelay
 .text.PAL_GpioInit
                0x000000000000c1a4       0x20 ./Drivers/displaypalemlib.o
                0x000000000000c1a4                PAL_GpioInit
 .text.PAL_GpioPinModeSet
                0x000000000000c1c4       0x40 ./Drivers/displaypalemlib.o
                0x000000000000c1c4                PAL_GpioPinModeSet
 .text.PAL_GpioPinOutSet
                0x000000000000c204       0x24 ./Drivers/displaypalemlib.o
                0x000000000000c204                PAL_GpioPinOutSet
 .text.PAL_GpioPinOutClear
                0x000000000000c228       0x24 ./Drivers/displaypalemlib.o
                0x000000000000c228                PAL_GpioPinOutClear
 .text.PAL_GpioPinAutoToggle
                0x000000000000c24c       0x70 ./Drivers/displaypalemlib.o
                0x000000000000c24c                PAL_GpioPinAutoToggle
 .text.palClockSetup
                0x000000000000c2bc       0x24 ./Drivers/displaypalemlib.o
 .text.rtccSetup
                0x000000000000c2e0       0xa4 ./Drivers/displaypalemlib.o
 .text._exit    0x000000000000c384        0xa ./Drivers/retargetio.o
                0x000000000000c384                _exit
 *fill*         0x000000000000c38e        0x2 
 .text._sbrk    0x000000000000c390       0x40 ./Drivers/retargetio.o
                0x000000000000c390                _sbrk
 .text.__NVIC_ClearPendingIRQ
                0x000000000000c3d0       0x3c ./Drivers/udelay.o
 .text.RTCC_CounterGet
                0x000000000000c40c       0x18 ./Drivers/udelay.o
 .text.UDELAY_Calibrate
                0x000000000000c424      0x18c ./Drivers/udelay.o
                0x000000000000c424                UDELAY_Calibrate
 .text.UDELAY_Delay
                0x000000000000c5b0       0x3c ./Drivers/udelay.o
                0x000000000000c5b0                UDELAY_Delay
 .text.calibrate_delay
                0x000000000000c5ec       0xdc ./Drivers/udelay.o
 .text.clock    0x000000000000c6c8        0xe ./Drivers/udelay.o
 .text._delay   0x000000000000c6d6       0x1a ./Drivers/udelay.o
 .text._cbSendSystemDesc
                0x000000000000c6f0       0x1c ./Config/SEGGER_SYSVIEW_Config_FreeRTOS.o
 .text.SEGGER_SYSVIEW_Conf
                0x000000000000c70c       0x28 ./Config/SEGGER_SYSVIEW_Config_FreeRTOS.o
                0x000000000000c70c                SEGGER_SYSVIEW_Conf
 .text          0x000000000000c734       0x30 ./CMSIS/EFM32PG12B/startup_gcc_efm32pg12b.o
                0x000000000000c734                Reset_Handler
                0x000000000000c760                DebugMon_Handler
                0x000000000000c760                USART0_TX_IRQHandler
                0x000000000000c760                I2C0_IRQHandler
                0x000000000000c760                HardFault_Handler
                0x000000000000c760                USART1_RX_IRQHandler
                0x000000000000c760                NMI_Handler
                0x000000000000c760                I2C1_IRQHandler
                0x000000000000c760                WTIMER0_IRQHandler
                0x000000000000c760                CRYPTO0_IRQHandler
                0x000000000000c760                WDOG0_IRQHandler
                0x000000000000c760                USART1_TX_IRQHandler
                0x000000000000c760                SMU_IRQHandler
                0x000000000000c760                MSC_IRQHandler
                0x000000000000c760                ADC0_IRQHandler
                0x000000000000c760                UsageFault_Handler
                0x000000000000c760                WDOG1_IRQHandler
                0x000000000000c760                LEUART0_IRQHandler
                0x000000000000c760                FPUEH_IRQHandler
                0x000000000000c760                WTIMER1_IRQHandler
                0x000000000000c760                VDAC0_IRQHandler
                0x000000000000c760                LDMA_IRQHandler
                0x000000000000c760                CSEN_IRQHandler
                0x000000000000c760                CRYPTO1_IRQHandler
                0x000000000000c760                PCNT2_IRQHandler
                0x000000000000c760                LETIMER0_IRQHandler
                0x000000000000c760                TIMER1_IRQHandler
                0x000000000000c760                TRNG0_IRQHandler
                0x000000000000c760                USART2_RX_IRQHandler
                0x000000000000c760                Default_Handler
                0x000000000000c760                EMU_IRQHandler
                0x000000000000c760                CRYOTIMER_IRQHandler
                0x000000000000c760                PCNT0_IRQHandler
                0x000000000000c760                sl_app_properties
                0x000000000000c760                PCNT1_IRQHandler
                0x000000000000c760                ACMP0_IRQHandler
                0x000000000000c760                USART0_RX_IRQHandler
                0x000000000000c760                MemManage_Handler
                0x000000000000c760                USART3_RX_IRQHandler
                0x000000000000c760                RTCC_IRQHandler
                0x000000000000c760                CMU_IRQHandler
                0x000000000000c760                LESENSE_IRQHandler
                0x000000000000c760                USART3_TX_IRQHandler
                0x000000000000c760                BusFault_Handler
                0x000000000000c760                USART2_TX_IRQHandler
                0x000000000000c760                IDAC0_IRQHandler
 .text.SystemCoreClockGet
                0x000000000000c764       0x40 ./CMSIS/EFM32PG12B/system_efm32pg12b.o
                0x000000000000c764                SystemCoreClockGet
 .text.SystemMaxCoreClockGet
                0x000000000000c7a4       0x14 ./CMSIS/EFM32PG12B/system_efm32pg12b.o
                0x000000000000c7a4                SystemMaxCoreClockGet
 .text.SystemHFClockGet
                0x000000000000c7b8       0x70 ./CMSIS/EFM32PG12B/system_efm32pg12b.o
                0x000000000000c7b8                SystemHFClockGet
 .text.SystemHFXOClockGet
                0x000000000000c828       0x18 ./CMSIS/EFM32PG12B/system_efm32pg12b.o
                0x000000000000c828                SystemHFXOClockGet
 .text.SystemInit
                0x000000000000c840       0x2c ./CMSIS/EFM32PG12B/system_efm32pg12b.o
                0x000000000000c840                SystemInit
 .text.SystemLFRCOClockGet
                0x000000000000c86c       0x12 ./CMSIS/EFM32PG12B/system_efm32pg12b.o
                0x000000000000c86c                SystemLFRCOClockGet
 .text.SystemULFRCOClockGet
                0x000000000000c87e       0x12 ./CMSIS/EFM32PG12B/system_efm32pg12b.o
                0x000000000000c87e                SystemULFRCOClockGet
 .text.SystemLFXOClockGet
                0x000000000000c890       0x18 ./CMSIS/EFM32PG12B/system_efm32pg12b.o
                0x000000000000c890                SystemLFXOClockGet
 .text.pow      0x000000000000c8a8      0x33c /home/jack/SimplicityStudio_v4/developer/toolchains/gnu_arm/7.2_2017q4/bin/../lib/gcc/arm-none-eabi/7.2.1/../../../../arm-none-eabi/lib/thumb/v7e-m/fpv4-sp/softfp/libm.a(lib_a-w_pow.o)
                0x000000000000c8a8                pow
 .text.sqrt     0x000000000000cbe4       0xbc /home/jack/SimplicityStudio_v4/developer/toolchains/gnu_arm/7.2_2017q4/bin/../lib/gcc/arm-none-eabi/7.2.1/../../../../arm-none-eabi/lib/thumb/v7e-m/fpv4-sp/softfp/libm.a(lib_a-w_sqrt.o)
                0x000000000000cbe4                sqrt
 .text.__ieee754_pow
                0x000000000000cca0      0xaa8 /home/jack/SimplicityStudio_v4/developer/toolchains/gnu_arm/7.2_2017q4/bin/../lib/gcc/arm-none-eabi/7.2.1/../../../../arm-none-eabi/lib/thumb/v7e-m/fpv4-sp/softfp/libm.a(lib_a-e_pow.o)
                0x000000000000cca0                __ieee754_pow
 .text.__ieee754_sqrt
                0x000000000000d748      0x180 /home/jack/SimplicityStudio_v4/developer/toolchains/gnu_arm/7.2_2017q4/bin/../lib/gcc/arm-none-eabi/7.2.1/../../../../arm-none-eabi/lib/thumb/v7e-m/fpv4-sp/softfp/libm.a(lib_a-e_sqrt.o)
                0x000000000000d748                __ieee754_sqrt
 .text.fabs     0x000000000000d8c8        0x8 /home/jack/SimplicityStudio_v4/developer/toolchains/gnu_arm/7.2_2017q4/bin/../lib/gcc/arm-none-eabi/7.2.1/../../../../arm-none-eabi/lib/thumb/v7e-m/fpv4-sp/softfp/libm.a(lib_a-s_fabs.o)
                0x000000000000d8c8                fabs
 .text.finite   0x000000000000d8d0        0xc /home/jack/SimplicityStudio_v4/developer/toolchains/gnu_arm/7.2_2017q4/bin/../lib/gcc/arm-none-eabi/7.2.1/../../../../arm-none-eabi/lib/thumb/v7e-m/fpv4-sp/softfp/libm.a(lib_a-s_finite.o)
                0x000000000000d8d0                finite
 .text.matherr  0x000000000000d8dc        0x4 /home/jack/SimplicityStudio_v4/developer/toolchains/gnu_arm/7.2_2017q4/bin/../lib/gcc/arm-none-eabi/7.2.1/../../../../arm-none-eabi/lib/thumb/v7e-m/fpv4-sp/softfp/libm.a(lib_a-s_matherr.o)
                0x000000000000d8dc                matherr
 .text.nan      0x000000000000d8e0        0xc /home/jack/SimplicityStudio_v4/developer/toolchains/gnu_arm/7.2_2017q4/bin/../lib/gcc/arm-none-eabi/7.2.1/../../../../arm-none-eabi/lib/thumb/v7e-m/fpv4-sp/softfp/libm.a(lib_a-s_nan.o)
                0x000000000000d8e0                nan
 .text.rint     0x000000000000d8ec      0x11c /home/jack/SimplicityStudio_v4/developer/toolchains/gnu_arm/7.2_2017q4/bin/../lib/gcc/arm-none-eabi/7.2.1/../../../../arm-none-eabi/lib/thumb/v7e-m/fpv4-sp/softfp/libm.a(lib_a-s_rint.o)
                0x000000000000d8ec                rint
 .text.scalbn   0x000000000000da08       0xfc /home/jack/SimplicityStudio_v4/developer/toolchains/gnu_arm/7.2_2017q4/bin/../lib/gcc/arm-none-eabi/7.2.1/../../../../arm-none-eabi/lib/thumb/v7e-m/fpv4-sp/softfp/libm.a(lib_a-s_scalbn.o)
                0x000000000000da08                scalbn
 .text.copysign
                0x000000000000db04       0x10 /home/jack/SimplicityStudio_v4/developer/toolchains/gnu_arm/7.2_2017q4/bin/../lib/gcc/arm-none-eabi/7.2.1/../../../../arm-none-eabi/lib/thumb/v7e-m/fpv4-sp/softfp/libm.a(lib_a-s_copysign.o)
                0x000000000000db04                copysign
 .text          0x000000000000db14      0x378 /home/jack/SimplicityStudio_v4/developer/toolchains/gnu_arm/7.2_2017q4/bin/../lib/gcc/arm-none-eabi/7.2.1/thumb/v7e-m/fpv4-sp/softfp/libgcc.a(_arm_addsubdf3.o)
                0x000000000000db14                __aeabi_drsub
                0x000000000000db1c                __aeabi_dsub
                0x000000000000db1c                __subdf3
                0x000000000000db20                __adddf3
                0x000000000000db20                __aeabi_dadd
                0x000000000000dd98                __aeabi_ui2d
                0x000000000000dd98                __floatunsidf
                0x000000000000ddb8                __floatsidf
                0x000000000000ddb8                __aeabi_i2d
                0x000000000000dddc                __extendsfdf2
                0x000000000000dddc                __aeabi_f2d
                0x000000000000de20                __aeabi_ul2d
                0x000000000000de20                __floatundidf
                0x000000000000de30                __floatdidf
                0x000000000000de30                __aeabi_l2d
 .text          0x000000000000de8c      0x424 /home/jack/SimplicityStudio_v4/developer/toolchains/gnu_arm/7.2_2017q4/bin/../lib/gcc/arm-none-eabi/7.2.1/thumb/v7e-m/fpv4-sp/softfp/libgcc.a(_arm_muldivdf3.o)
                0x000000000000de8c                __aeabi_dmul
                0x000000000000de8c                __muldf3
                0x000000000000e0e0                __aeabi_ddiv
                0x000000000000e0e0                __divdf3
 .text          0x000000000000e2b0      0x110 /home/jack/SimplicityStudio_v4/developer/toolchains/gnu_arm/7.2_2017q4/bin/../lib/gcc/arm-none-eabi/7.2.1/thumb/v7e-m/fpv4-sp/softfp/libgcc.a(_arm_cmpdf2.o)
                0x000000000000e2b0                __gtdf2
                0x000000000000e2b0                __gedf2
                0x000000000000e2b8                __ltdf2
                0x000000000000e2b8                __ledf2
                0x000000000000e2c0                __cmpdf2
                0x000000000000e2c0                __eqdf2
                0x000000000000e2c0                __nedf2
                0x000000000000e33c                __aeabi_cdrcmple
                0x000000000000e34c                __aeabi_cdcmple
                0x000000000000e34c                __aeabi_cdcmpeq
                0x000000000000e35c                __aeabi_dcmpeq
                0x000000000000e370                __aeabi_dcmplt
                0x000000000000e384                __aeabi_dcmple
                0x000000000000e398                __aeabi_dcmpge
                0x000000000000e3ac                __aeabi_dcmpgt
 .text          0x000000000000e3c0       0x2c /home/jack/SimplicityStudio_v4/developer/toolchains/gnu_arm/7.2_2017q4/bin/../lib/gcc/arm-none-eabi/7.2.1/thumb/v7e-m/fpv4-sp/softfp/libgcc.a(_arm_unorddf2.o)
                0x000000000000e3c0                __aeabi_dcmpun
                0x000000000000e3c0                __unorddf2
 .text          0x000000000000e3ec       0x40 /home/jack/SimplicityStudio_v4/developer/toolchains/gnu_arm/7.2_2017q4/bin/../lib/gcc/arm-none-eabi/7.2.1/thumb/v7e-m/fpv4-sp/softfp/libgcc.a(_arm_fixunsdfsi.o)
                0x000000000000e3ec                __fixunsdfsi
                0x000000000000e3ec                __aeabi_d2uiz
 .text          0x000000000000e42c       0xa0 /home/jack/SimplicityStudio_v4/developer/toolchains/gnu_arm/7.2_2017q4/bin/../lib/gcc/arm-none-eabi/7.2.1/thumb/v7e-m/fpv4-sp/softfp/libgcc.a(_arm_truncdfsf2.o)
                0x000000000000e42c                __aeabi_d2f
                0x000000000000e42c                __truncdfsf2
 .text.__errno  0x000000000000e4cc        0xc /home/jack/SimplicityStudio_v4/developer/toolchains/gnu_arm/7.2_2017q4/bin/../lib/gcc/arm-none-eabi/7.2.1/../../../../arm-none-eabi/lib/thumb/v7e-m/fpv4-sp/softfp/libc_nano.a(lib_a-errno.o)
                0x000000000000e4cc                __errno
 .text.exit     0x000000000000e4d8       0x28 /home/jack/SimplicityStudio_v4/developer/toolchains/gnu_arm/7.2_2017q4/bin/../lib/gcc/arm-none-eabi/7.2.1/../../../../arm-none-eabi/lib/thumb/v7e-m/fpv4-sp/softfp/libc_nano.a(lib_a-exit.o)
                0x000000000000e4d8                exit
 .text.__libc_init_array
                0x000000000000e500       0x48 /home/jack/SimplicityStudio_v4/developer/toolchains/gnu_arm/7.2_2017q4/bin/../lib/gcc/arm-none-eabi/7.2.1/../../../../arm-none-eabi/lib/thumb/v7e-m/fpv4-sp/softfp/libc_nano.a(lib_a-init.o)
                0x000000000000e500                __libc_init_array
 .text.__itoa   0x000000000000e548       0x30 /home/jack/SimplicityStudio_v4/developer/toolchains/gnu_arm/7.2_2017q4/bin/../lib/gcc/arm-none-eabi/7.2.1/../../../../arm-none-eabi/lib/thumb/v7e-m/fpv4-sp/softfp/libc_nano.a(lib_a-itoa.o)
                0x000000000000e548                __itoa
 .text.memcmp   0x000000000000e578       0x1e /home/jack/SimplicityStudio_v4/developer/toolchains/gnu_arm/7.2_2017q4/bin/../lib/gcc/arm-none-eabi/7.2.1/../../../../arm-none-eabi/lib/thumb/v7e-m/fpv4-sp/softfp/libc_nano.a(lib_a-memcmp.o)
                0x000000000000e578                memcmp
 .text.memcpy   0x000000000000e596       0x16 /home/jack/SimplicityStudio_v4/developer/toolchains/gnu_arm/7.2_2017q4/bin/../lib/gcc/arm-none-eabi/7.2.1/../../../../arm-none-eabi/lib/thumb/v7e-m/fpv4-sp/softfp/libc_nano.a(lib_a-memcpy-stub.o)
                0x000000000000e596                memcpy
 .text.memset   0x000000000000e5ac       0x10 /home/jack/SimplicityStudio_v4/developer/toolchains/gnu_arm/7.2_2017q4/bin/../lib/gcc/arm-none-eabi/7.2.1/../../../../arm-none-eabi/lib/thumb/v7e-m/fpv4-sp/softfp/libc_nano.a(lib_a-memset.o)
                0x000000000000e5ac                memset
 .text.snprintf
                0x000000000000e5bc       0x68 /home/jack/SimplicityStudio_v4/developer/toolchains/gnu_arm/7.2_2017q4/bin/../lib/gcc/arm-none-eabi/7.2.1/../../../../arm-none-eabi/lib/thumb/v7e-m/fpv4-sp/softfp/libc_nano.a(lib_a-snprintf.o)
                0x000000000000e5bc                snprintf
                0x000000000000e5bc                sniprintf
 .text.strcat   0x000000000000e624       0x1e /home/jack/SimplicityStudio_v4/developer/toolchains/gnu_arm/7.2_2017q4/bin/../lib/gcc/arm-none-eabi/7.2.1/../../../../arm-none-eabi/lib/thumb/v7e-m/fpv4-sp/softfp/libc_nano.a(lib_a-strcat.o)
                0x000000000000e624                strcat
 .text.strcpy   0x000000000000e642       0x10 /home/jack/SimplicityStudio_v4/developer/toolchains/gnu_arm/7.2_2017q4/bin/../lib/gcc/arm-none-eabi/7.2.1/../../../../arm-none-eabi/lib/thumb/v7e-m/fpv4-sp/softfp/libc_nano.a(lib_a-strcpy.o)
                0x000000000000e642                strcpy
 .text          0x000000000000e652       0x10 /home/jack/SimplicityStudio_v4/developer/toolchains/gnu_arm/7.2_2017q4/bin/../lib/gcc/arm-none-eabi/7.2.1/../../../../arm-none-eabi/lib/thumb/v7e-m/fpv4-sp/softfp/libc_nano.a(lib_a-strlen.o)
                0x000000000000e652                strlen
 *fill*         0x000000000000e662        0x2 
 .text.__utoa   0x000000000000e664       0x7c /home/jack/SimplicityStudio_v4/developer/toolchains/gnu_arm/7.2_2017q4/bin/../lib/gcc/arm-none-eabi/7.2.1/../../../../arm-none-eabi/lib/thumb/v7e-m/fpv4-sp/softfp/libc_nano.a(lib_a-utoa.o)
                0x000000000000e664                __utoa
 .text._free_r  0x000000000000e6e0       0x9c /home/jack/SimplicityStudio_v4/developer/toolchains/gnu_arm/7.2_2017q4/bin/../lib/gcc/arm-none-eabi/7.2.1/../../../../arm-none-eabi/lib/thumb/v7e-m/fpv4-sp/softfp/libc_nano.a(lib_a-nano-freer.o)
                0x000000000000e6e0                _free_r
 .text._malloc_r
                0x000000000000e77c       0xb4 /home/jack/SimplicityStudio_v4/developer/toolchains/gnu_arm/7.2_2017q4/bin/../lib/gcc/arm-none-eabi/7.2.1/../../../../arm-none-eabi/lib/thumb/v7e-m/fpv4-sp/softfp/libc_nano.a(lib_a-nano-mallocr.o)
                0x000000000000e77c                _malloc_r
 .text.__ssputs_r
                0x000000000000e830       0xb4 /home/jack/SimplicityStudio_v4/developer/toolchains/gnu_arm/7.2_2017q4/bin/../lib/gcc/arm-none-eabi/7.2.1/../../../../arm-none-eabi/lib/thumb/v7e-m/fpv4-sp/softfp/libc_nano.a(lib_a-nano-svfprintf.o)
                0x000000000000e830                __ssputs_r
 .text._svfprintf_r
                0x000000000000e8e4      0x1ec /home/jack/SimplicityStudio_v4/developer/toolchains/gnu_arm/7.2_2017q4/bin/../lib/gcc/arm-none-eabi/7.2.1/../../../../arm-none-eabi/lib/thumb/v7e-m/fpv4-sp/softfp/libc_nano.a(lib_a-nano-svfprintf.o)
                0x000000000000e8e4                _svfprintf_r
                0x000000000000e8e4                _svfiprintf_r
 .text._printf_common
                0x000000000000ead0       0xea /home/jack/SimplicityStudio_v4/developer/toolchains/gnu_arm/7.2_2017q4/bin/../lib/gcc/arm-none-eabi/7.2.1/../../../../arm-none-eabi/lib/thumb/v7e-m/fpv4-sp/softfp/libc_nano.a(lib_a-nano-vfprintf_i.o)
                0x000000000000ead0                _printf_common
 *fill*         0x000000000000ebba        0x2 
 .text._printf_i
                0x000000000000ebbc      0x224 /home/jack/SimplicityStudio_v4/developer/toolchains/gnu_arm/7.2_2017q4/bin/../lib/gcc/arm-none-eabi/7.2.1/../../../../arm-none-eabi/lib/thumb/v7e-m/fpv4-sp/softfp/libc_nano.a(lib_a-nano-vfprintf_i.o)
                0x000000000000ebbc                _printf_i
 .text._sbrk_r  0x000000000000ede0       0x20 /home/jack/SimplicityStudio_v4/developer/toolchains/gnu_arm/7.2_2017q4/bin/../lib/gcc/arm-none-eabi/7.2.1/../../../../arm-none-eabi/lib/thumb/v7e-m/fpv4-sp/softfp/libc_nano.a(lib_a-sbrkr.o)
                0x000000000000ede0                _sbrk_r
 .text          0x000000000000ee00       0xa0 /home/jack/SimplicityStudio_v4/developer/toolchains/gnu_arm/7.2_2017q4/bin/../lib/gcc/arm-none-eabi/7.2.1/../../../../arm-none-eabi/lib/thumb/v7e-m/fpv4-sp/softfp/libc_nano.a(lib_a-memchr.o)
                0x000000000000ee00                memchr
 .text.memmove  0x000000000000eea0       0x32 /home/jack/SimplicityStudio_v4/developer/toolchains/gnu_arm/7.2_2017q4/bin/../lib/gcc/arm-none-eabi/7.2.1/../../../../arm-none-eabi/lib/thumb/v7e-m/fpv4-sp/softfp/libc_nano.a(lib_a-memmove.o)
                0x000000000000eea0                memmove
 .text.__malloc_lock
                0x000000000000eed2        0x2 /home/jack/SimplicityStudio_v4/developer/toolchains/gnu_arm/7.2_2017q4/bin/../lib/gcc/arm-none-eabi/7.2.1/../../../../arm-none-eabi/lib/thumb/v7e-m/fpv4-sp/softfp/libc_nano.a(lib_a-mlock.o)
                0x000000000000eed2                __malloc_lock
 .text.__malloc_unlock
                0x000000000000eed4        0x2 /home/jack/SimplicityStudio_v4/developer/toolchains/gnu_arm/7.2_2017q4/bin/../lib/gcc/arm-none-eabi/7.2.1/../../../../arm-none-eabi/lib/thumb/v7e-m/fpv4-sp/softfp/libc_nano.a(lib_a-mlock.o)
                0x000000000000eed4                __malloc_unlock
 .text._realloc_r
                0x000000000000eed6       0x4c /home/jack/SimplicityStudio_v4/developer/toolchains/gnu_arm/7.2_2017q4/bin/../lib/gcc/arm-none-eabi/7.2.1/../../../../arm-none-eabi/lib/thumb/v7e-m/fpv4-sp/softfp/libc_nano.a(lib_a-nano-reallocr.o)
                0x000000000000eed6                _realloc_r
 .text._malloc_usable_size_r
                0x000000000000ef22       0x10 /home/jack/SimplicityStudio_v4/developer/toolchains/gnu_arm/7.2_2017q4/bin/../lib/gcc/arm-none-eabi/7.2.1/../../../../arm-none-eabi/lib/thumb/v7e-m/fpv4-sp/softfp/libc_nano.a(lib_a-nano-msizer.o)
                0x000000000000ef22                _malloc_usable_size_r
 *(.init)
 *fill*         0x000000000000ef32        0x2 
 .init          0x000000000000ef34        0x4 /home/jack/SimplicityStudio_v4/developer/toolchains/gnu_arm/7.2_2017q4/bin/../lib/gcc/arm-none-eabi/7.2.1/thumb/v7e-m/fpv4-sp/softfp/crti.o
                0x000000000000ef34                _init
 .init          0x000000000000ef38        0x8 /home/jack/SimplicityStudio_v4/developer/toolchains/gnu_arm/7.2_2017q4/bin/../lib/gcc/arm-none-eabi/7.2.1/thumb/v7e-m/fpv4-sp/softfp/crtn.o
 *(.fini)
 .fini          0x000000000000ef40        0x4 /home/jack/SimplicityStudio_v4/developer/toolchains/gnu_arm/7.2_2017q4/bin/../lib/gcc/arm-none-eabi/7.2.1/thumb/v7e-m/fpv4-sp/softfp/crti.o
                0x000000000000ef40                _fini
 .fini          0x000000000000ef44        0x8 /home/jack/SimplicityStudio_v4/developer/toolchains/gnu_arm/7.2_2017q4/bin/../lib/gcc/arm-none-eabi/7.2.1/thumb/v7e-m/fpv4-sp/softfp/crtn.o
 *crtbegin.o(.ctors)
 *crtbegin?.o(.ctors)
 *(EXCLUDE_FILE(*crtend.o *crtend?.o) .ctors)
 *(SORT_BY_NAME(.ctors.*))
 *(.ctors)
 *crtbegin.o(.dtors)
 *crtbegin?.o(.dtors)
 *(EXCLUDE_FILE(*crtend.o *crtend?.o) .dtors)
 *(SORT_BY_NAME(.dtors.*))
 *(.dtors)
 *(.rodata*)
 .rodata        0x000000000000ef4c        0x8 ./src/configurations.o
 .rodata        0x000000000000ef54      0x177 ./src/lcd_display.o
 *fill*         0x000000000000f0cb        0x1 
 .rodata        0x000000000000f0cc       0x37 ./src/main.o
 *fill*         0x000000000000f103        0x1 
 .rodata        0x000000000000f104       0x32 ./src/speed.o
 *fill*         0x000000000000f136        0x2 
 .rodata        0x000000000000f138       0x2e ./src/tracks.o
 *fill*         0x000000000000f166        0x2 
 .rodata.flashWsTable
                0x000000000000f168       0x28 ./emlib/em_cmu.o
 .rodata        0x000000000000f190       0x17 ./SEGGER/SEGGER_RTT.o
 *fill*         0x000000000000f1a7        0x1 
 .rodata._abSync
                0x000000000000f1a8        0xa ./SEGGER/SEGGER_SYSVIEW.o
 *fill*         0x000000000000f1b2        0x2 
 .rodata        0x000000000000f1b4        0x8 ./SEGGER/SEGGER_SYSVIEW.o
 .rodata        0x000000000000f1bc       0x58 ./SEGGER/SEGGER_SYSVIEW_FreeRTOS.o
 .rodata.SYSVIEW_X_OS_TraceAPI
                0x000000000000f214        0x8 ./SEGGER/SEGGER_SYSVIEW_FreeRTOS.o
                0x000000000000f214                SYSVIEW_X_OS_TraceAPI
 .rodata.GLIB_FontNarrow6x8PixMap
                0x000000000000f21c      0x320 ./Graphics/glib_font_narrow_6x8.o
 .rodata.GLIB_FontNarrow6x8
                0x000000000000f53c       0x10 ./Graphics/glib_font_narrow_6x8.o
                0x000000000000f53c                GLIB_FontNarrow6x8
 .rodata.GLIB_FontNormal8x8PixMap
                0x000000000000f54c      0x320 ./Graphics/glib_font_normal_8x8.o
 .rodata.GLIB_FontNormal8x8
                0x000000000000f86c       0x10 ./Graphics/glib_font_normal_8x8.o
                0x000000000000f86c                GLIB_FontNormal8x8
 .rodata.GLIB_FontNumber16x20PixMap
                0x000000000000f87c      0x1e0 ./Graphics/glib_font_number_16x20.o
 .rodata.GLIB_FontNumber16x20
                0x000000000000fa5c       0x10 ./Graphics/glib_font_number_16x20.o
                0x000000000000fa5c                GLIB_FontNumber16x20
 .rodata        0x000000000000fa6c        0x5 ./FreeRTOS/Source/tasks.o
 *fill*         0x000000000000fa71        0x3 
 .rodata        0x000000000000fa74        0xd ./FreeRTOS/Source/timers.o
 *fill*         0x000000000000fa81        0x3 
 .rodata.channelList
                0x000000000000fa84        0x4 ./Drivers/capsense.o
 .rodata        0x000000000000fa88       0x18 ./Drivers/capsense.o
 .rodata        0x000000000000faa0       0x15 ./Drivers/displayls013b7dh03.o
 *fill*         0x000000000000fab5        0x3 
 .rodata        0x000000000000fab8       0x2b ./Drivers/displaypalemlib.o
 *fill*         0x000000000000fae3        0x1 
 .rodata        0x000000000000fae4        0x9 ./Drivers/udelay.o
 *fill*         0x000000000000faed        0x3 
 .rodata        0x000000000000faf0       0x3d ./Config/SEGGER_SYSVIEW_Config_FreeRTOS.o
 *fill*         0x000000000000fb2d        0x3 
 .rodata.pow.str1.4
                0x000000000000fb30        0x4 /home/jack/SimplicityStudio_v4/developer/toolchains/gnu_arm/7.2_2017q4/bin/../lib/gcc/arm-none-eabi/7.2.1/../../../../arm-none-eabi/lib/thumb/v7e-m/fpv4-sp/softfp/libm.a(lib_a-w_pow.o)
 .rodata.sqrt.str1.4
                0x000000000000fb34        0x5 /home/jack/SimplicityStudio_v4/developer/toolchains/gnu_arm/7.2_2017q4/bin/../lib/gcc/arm-none-eabi/7.2.1/../../../../arm-none-eabi/lib/thumb/v7e-m/fpv4-sp/softfp/libm.a(lib_a-w_sqrt.o)
 .rodata.__ieee754_pow.str1.4
                0x000000000000fb39        0x8 /home/jack/SimplicityStudio_v4/developer/toolchains/gnu_arm/7.2_2017q4/bin/../lib/gcc/arm-none-eabi/7.2.1/../../../../arm-none-eabi/lib/thumb/v7e-m/fpv4-sp/softfp/libm.a(lib_a-e_pow.o)
                                          0x1 (size before relaxing)
 *fill*         0x000000000000fb39        0x7 
 .rodata.TWO52  0x000000000000fb40       0x10 /home/jack/SimplicityStudio_v4/developer/toolchains/gnu_arm/7.2_2017q4/bin/../lib/gcc/arm-none-eabi/7.2.1/../../../../arm-none-eabi/lib/thumb/v7e-m/fpv4-sp/softfp/libm.a(lib_a-s_rint.o)
 .rodata._global_impure_ptr
                0x000000000000fb50        0x4 /home/jack/SimplicityStudio_v4/developer/toolchains/gnu_arm/7.2_2017q4/bin/../lib/gcc/arm-none-eabi/7.2.1/../../../../arm-none-eabi/lib/thumb/v7e-m/fpv4-sp/softfp/libc_nano.a(lib_a-impure.o)
                0x000000000000fb50                _global_impure_ptr
 .rodata.__utoa.str1.1
                0x000000000000fb54       0x25 /home/jack/SimplicityStudio_v4/developer/toolchains/gnu_arm/7.2_2017q4/bin/../lib/gcc/arm-none-eabi/7.2.1/../../../../arm-none-eabi/lib/thumb/v7e-m/fpv4-sp/softfp/libc_nano.a(lib_a-utoa.o)
 *fill*         0x000000000000fb79        0x3 
 .rodata.__sf_fake_stderr
                0x000000000000fb7c       0x20 /home/jack/SimplicityStudio_v4/developer/toolchains/gnu_arm/7.2_2017q4/bin/../lib/gcc/arm-none-eabi/7.2.1/../../../../arm-none-eabi/lib/thumb/v7e-m/fpv4-sp/softfp/libc_nano.a(lib_a-findfp.o)
                0x000000000000fb7c                __sf_fake_stderr
 .rodata.__sf_fake_stdin
                0x000000000000fb9c       0x20 /home/jack/SimplicityStudio_v4/developer/toolchains/gnu_arm/7.2_2017q4/bin/../lib/gcc/arm-none-eabi/7.2.1/../../../../arm-none-eabi/lib/thumb/v7e-m/fpv4-sp/softfp/libc_nano.a(lib_a-findfp.o)
                0x000000000000fb9c                __sf_fake_stdin
 .rodata.__sf_fake_stdout
                0x000000000000fbbc       0x20 /home/jack/SimplicityStudio_v4/developer/toolchains/gnu_arm/7.2_2017q4/bin/../lib/gcc/arm-none-eabi/7.2.1/../../../../arm-none-eabi/lib/thumb/v7e-m/fpv4-sp/softfp/libc_nano.a(lib_a-findfp.o)
                0x000000000000fbbc                __sf_fake_stdout
 .rodata._svfprintf_r.str1.1
                0x000000000000fbdc       0x11 /home/jack/SimplicityStudio_v4/developer/toolchains/gnu_arm/7.2_2017q4/bin/../lib/gcc/arm-none-eabi/7.2.1/../../../../arm-none-eabi/lib/thumb/v7e-m/fpv4-sp/softfp/libc_nano.a(lib_a-nano-svfprintf.o)
 .rodata._printf_i.str1.1
                0x000000000000fbed       0x22 /home/jack/SimplicityStudio_v4/developer/toolchains/gnu_arm/7.2_2017q4/bin/../lib/gcc/arm-none-eabi/7.2.1/../../../../arm-none-eabi/lib/thumb/v7e-m/fpv4-sp/softfp/libc_nano.a(lib_a-nano-vfprintf_i.o)
 *(.eh_frame*)
 *fill*         0x000000000000fc0f        0x1 
 .eh_frame      0x000000000000fc10        0x0 /home/jack/SimplicityStudio_v4/developer/toolchains/gnu_arm/7.2_2017q4/bin/../lib/gcc/arm-none-eabi/7.2.1/thumb/v7e-m/fpv4-sp/softfp/crtbegin.o
 .eh_frame      0x000000000000fc10        0x4 /home/jack/SimplicityStudio_v4/developer/toolchains/gnu_arm/7.2_2017q4/bin/../lib/gcc/arm-none-eabi/7.2.1/thumb/v7e-m/fpv4-sp/softfp/crtend.o

.glue_7         0x000000000000fc14        0x0
 .glue_7        0x000000000000fc14        0x0 linker stubs

.glue_7t        0x000000000000fc14        0x0
 .glue_7t       0x000000000000fc14        0x0 linker stubs

.vfp11_veneer   0x000000000000fc14        0x0
 .vfp11_veneer  0x000000000000fc14        0x0 linker stubs

.v4_bx          0x000000000000fc14        0x0
 .v4_bx         0x000000000000fc14        0x0 linker stubs

.iplt           0x000000000000fc14        0x0
 .iplt          0x000000000000fc14        0x0 /home/jack/SimplicityStudio_v4/developer/toolchains/gnu_arm/7.2_2017q4/bin/../lib/gcc/arm-none-eabi/7.2.1/thumb/v7e-m/fpv4-sp/softfp/crtbegin.o

.ARM.extab
 *(.ARM.extab* .gnu.linkonce.armextab.*)
                0x000000000000fc14                __exidx_start = .

.ARM.exidx      0x000000000000fc14        0x8
 *(.ARM.exidx* .gnu.linkonce.armexidx.*)
 .ARM.exidx     0x000000000000fc14        0x8 /home/jack/SimplicityStudio_v4/developer/toolchains/gnu_arm/7.2_2017q4/bin/../lib/gcc/arm-none-eabi/7.2.1/../../../../arm-none-eabi/lib/thumb/v7e-m/fpv4-sp/softfp/crt0.o
                0x000000000000fc1c                __exidx_end = .
                0x000000000000fc1c                __etext = .

.rel.dyn        0x000000000000fc1c        0x0
 .rel.iplt      0x000000000000fc1c        0x0 /home/jack/SimplicityStudio_v4/developer/toolchains/gnu_arm/7.2_2017q4/bin/../lib/gcc/arm-none-eabi/7.2.1/thumb/v7e-m/fpv4-sp/softfp/crtbegin.o

.data           0x0000000020000000       0xf4 load address 0x000000000000fc1c
                0x0000000020000000                __data_start__ = .
 *(vtable)
 *(.data*)
 .data.timer_period.9873
                0x0000000020000000        0x2 ./src/lcd_display.o
 .data.highscore_timer_period.9874
                0x0000000020000002        0x2 ./src/lcd_display.o
 .data.current_config_value.9879
                0x0000000020000004        0x1 ./src/lcd_display.o
 .data.countdown_value.9880
                0x0000000020000005        0x1 ./src/lcd_display.o
 .data.countdown_delay.9872
                0x0000000020000006        0x2 ./src/lcd_display.o
 .data.refresh_rate.9871
                0x0000000020000008        0x2 ./src/lcd_display.o
 .data.system_state
                0x000000002000000a        0x1 ./src/main.o
                0x000000002000000a                system_state
 *fill*         0x000000002000000b        0x1 
 .data.test_track_waypoints
                0x000000002000000c       0x50 ./src/tracks.o
 .data.auxHfrcoFreq
                0x000000002000005c        0x4 ./emlib/em_cmu.o
 .data.uxCriticalNesting
                0x0000000020000060        0x4 ./FreeRTOS/Source/portable/GCC/ARM_CM4F/port.o
 .data.pDisplayDeviceDriverInitFunctions
                0x0000000020000064        0x8 ./Drivers/display.o
 .data.pixelMatrixPool
                0x000000002000006c        0x4 ./Drivers/displayls013b7dh03.o
 .data.loops_per_jiffy
                0x0000000020000070        0x4 ./Drivers/udelay.o
                0x0000000020000070                loops_per_jiffy
 .data.SystemHFXOClock
                0x0000000020000074        0x4 ./CMSIS/EFM32PG12B/system_efm32pg12b.o
 .data.SystemLFXOClock
                0x0000000020000078        0x4 ./CMSIS/EFM32PG12B/system_efm32pg12b.o
 .data.SystemCoreClock
                0x000000002000007c        0x4 ./CMSIS/EFM32PG12B/system_efm32pg12b.o
                0x000000002000007c                SystemCoreClock
 .data.SystemHfrcoFreq
                0x0000000020000080        0x4 ./CMSIS/EFM32PG12B/system_efm32pg12b.o
                0x0000000020000080                SystemHfrcoFreq
 .data.__fdlib_version
                0x0000000020000084        0x1 /home/jack/SimplicityStudio_v4/developer/toolchains/gnu_arm/7.2_2017q4/bin/../lib/gcc/arm-none-eabi/7.2.1/../../../../arm-none-eabi/lib/thumb/v7e-m/fpv4-sp/softfp/libm.a(lib_a-s_lib_ver.o)
                0x0000000020000084                __fdlib_version
 *fill*         0x0000000020000085        0x3 
 .data._impure_ptr
                0x0000000020000088        0x4 /home/jack/SimplicityStudio_v4/developer/toolchains/gnu_arm/7.2_2017q4/bin/../lib/gcc/arm-none-eabi/7.2.1/../../../../arm-none-eabi/lib/thumb/v7e-m/fpv4-sp/softfp/libc_nano.a(lib_a-impure.o)
                0x0000000020000088                _impure_ptr
 .data.impure_data
                0x000000002000008c       0x60 /home/jack/SimplicityStudio_v4/developer/toolchains/gnu_arm/7.2_2017q4/bin/../lib/gcc/arm-none-eabi/7.2.1/../../../../arm-none-eabi/lib/thumb/v7e-m/fpv4-sp/softfp/libc_nano.a(lib_a-impure.o)
                0x00000000200000ec                . = ALIGN (0x4)
                [!provide]                        PROVIDE (__ram_func_section_start, .)
 *(.ram)
                [!provide]                        PROVIDE (__ram_func_section_end, .)
                0x00000000200000ec                . = ALIGN (0x4)
                0x00000000200000ec                PROVIDE (__preinit_array_start, .)
 *(.preinit_array)
                0x00000000200000ec                PROVIDE (__preinit_array_end, .)
                0x00000000200000ec                . = ALIGN (0x4)
                0x00000000200000ec                PROVIDE (__init_array_start, .)
 *(SORT_BY_NAME(.init_array.*))
 *(.init_array)
 .init_array    0x00000000200000ec        0x4 /home/jack/SimplicityStudio_v4/developer/toolchains/gnu_arm/7.2_2017q4/bin/../lib/gcc/arm-none-eabi/7.2.1/thumb/v7e-m/fpv4-sp/softfp/crtbegin.o
                0x00000000200000f0                PROVIDE (__init_array_end, .)
                0x00000000200000f0                . = ALIGN (0x4)
                [!provide]                        PROVIDE (__fini_array_start, .)
 *(SORT_BY_NAME(.fini_array.*))
 *(.fini_array)
 .fini_array    0x00000000200000f0        0x4 /home/jack/SimplicityStudio_v4/developer/toolchains/gnu_arm/7.2_2017q4/bin/../lib/gcc/arm-none-eabi/7.2.1/thumb/v7e-m/fpv4-sp/softfp/crtbegin.o
                [!provide]                        PROVIDE (__fini_array_end, .)
 *(.jcr*)
                0x00000000200000f4                . = ALIGN (0x4)
                0x00000000200000f4                __data_end__ = .

.igot.plt       0x00000000200000f4        0x0 load address 0x000000000000fd10
 .igot.plt      0x00000000200000f4        0x0 /home/jack/SimplicityStudio_v4/developer/toolchains/gnu_arm/7.2_2017q4/bin/../lib/gcc/arm-none-eabi/7.2.1/thumb/v7e-m/fpv4-sp/softfp/crtbegin.o

.bss            0x00000000200000f4     0x830c load address 0x000000000000fd10
                0x00000000200000f4                . = ALIGN (0x4)
                0x00000000200000f4                __bss_start__ = .
 *(.bss*)
 .bss           0x00000000200000f4       0x1c /home/jack/SimplicityStudio_v4/developer/toolchains/gnu_arm/7.2_2017q4/bin/../lib/gcc/arm-none-eabi/7.2.1/thumb/v7e-m/fpv4-sp/softfp/crtbegin.o
 .bss.capsense_pos.9034
                0x0000000020000110        0x1 ./src/direction.o
 .bss.sys_state.9033
                0x0000000020000111        0x1 ./src/direction.o
 .bss.old_pos.9040
                0x0000000020000112        0x1 ./src/direction.o
 *fill*         0x0000000020000113        0x1 
 .bss.startup_timer
                0x0000000020000114        0x4 ./src/lcd_display.o
 .bss.gameover_timer
                0x0000000020000118        0x4 ./src/lcd_display.o
 .bss.highscore_timer
                0x000000002000011c        0x4 ./src/lcd_display.o
 .bss.glibContext
                0x0000000020000120       0x2c ./src/lcd_display.o
 .bss.vehicle_shape_graphic
                0x000000002000014c       0x10 ./src/lcd_display.o
 .bss.vehicle_x_position
                0x000000002000015c        0x2 ./src/lcd_display.o
 .bss.sys_state.9875
                0x000000002000015e        0x1 ./src/lcd_display.o
 .bss.written.9886
                0x000000002000015f        0x1 ./src/lcd_display.o
 .bss.written.9889
                0x0000000020000160        0x1 ./src/lcd_display.o
 *fill*         0x0000000020000161        0x3 
 .bss.cpy_track_settings.9878
                0x0000000020000164        0x3 ./src/lcd_display.o
 *fill*         0x0000000020000167        0x1 
 .bss.veh_speed.9876
                0x0000000020000168        0x8 ./src/lcd_display.o
 .bss.veh_dir.9877
                0x0000000020000170        0x3 ./src/lcd_display.o
 .bss.inverse.9902
                0x0000000020000173        0x1 ./src/lcd_display.o
 .bss.x_start.10116
                0x0000000020000174        0x1 ./src/lcd_display.o
 .bss.y_start.10117
                0x0000000020000175        0x1 ./src/lcd_display.o
 .bss.sys_state.8603
                0x0000000020000176        0x1 ./src/led.o
 .bss.setting0.8604
                0x0000000020000177        0x1 ./src/led.o
 .bss.setting1.8605
                0x0000000020000178        0x1 ./src/led.o
 .bss.i.8612    0x0000000020000179        0x1 ./src/led.o
 .bss.i.8617    0x000000002000017a        0x1 ./src/led.o
 .bss.autopilot_state
                0x000000002000017b        0x1 ./src/main.o
                0x000000002000017b                autopilot_state
 .bss.autopilot_timer
                0x000000002000017c        0x4 ./src/speed.o
 .bss.confirm_timer
                0x0000000020000180        0x4 ./src/speed.o
 .bss.accelerator_distance_timer
                0x0000000020000184        0x4 ./src/speed.o
 .bss.button_zero_state.9122
                0x0000000020000188        0x1 ./src/speed.o
 .bss.button_one_state.9123
                0x0000000020000189        0x1 ./src/speed.o
 .bss.sys_state.9119
                0x000000002000018a        0x1 ./src/speed.o
 .bss.ap_state.9120
                0x000000002000018b        0x1 ./src/speed.o
 .bss.buttons_held.9121
                0x000000002000018c        0x1 ./src/speed.o
 *fill*         0x000000002000018d        0x3 
 .bss.test_track
                0x0000000020000190       0x20 ./src/tracks.o
 .bss.spa_belgium_track
                0x00000000200001b0       0x20 ./src/tracks.o
 .bss.monaco_track
                0x00000000200001d0       0x20 ./src/tracks.o
 .bss.melbourne_track
                0x00000000200001f0       0x20 ./src/tracks.o
 .bss.vScaleEM01Config
                0x0000000020000210        0x1 ./emlib/em_emu.o
 *fill*         0x0000000020000211        0x3 
 .bss._acUpBuffer
                0x0000000020000214      0x400 ./SEGGER/SEGGER_RTT.o
 .bss._acDownBuffer
                0x0000000020000614       0x10 ./SEGGER/SEGGER_RTT.o
 .bss._UpBuffer