Archive member included to satisfy reference by file (symbol)

/home/jack/SimplicityStudio_v4/developer/toolchains/gnu_arm/7.2_2017q4/bin/../lib/gcc/arm-none-eabi/7.2.1/thumb/v7e-m/fpv4-sp/softfp/libgcc.a(_aeabi_uldivmod.o)
                              ./emlib/em_usart.o (__aeabi_uldivmod)
/home/jack/SimplicityStudio_v4/developer/toolchains/gnu_arm/7.2_2017q4/bin/../lib/gcc/arm-none-eabi/7.2.1/thumb/v7e-m/fpv4-sp/softfp/libgcc.a(_udivmoddi4.o)
                              /home/jack/SimplicityStudio_v4/developer/toolchains/gnu_arm/7.2_2017q4/bin/../lib/gcc/arm-none-eabi/7.2.1/thumb/v7e-m/fpv4-sp/softfp/libgcc.a(_aeabi_uldivmod.o) (__udivmoddi4)
/home/jack/SimplicityStudio_v4/developer/toolchains/gnu_arm/7.2_2017q4/bin/../lib/gcc/arm-none-eabi/7.2.1/thumb/v7e-m/fpv4-sp/softfp/libgcc.a(_dvmd_tls.o)
                              /home/jack/SimplicityStudio_v4/developer/toolchains/gnu_arm/7.2_2017q4/bin/../lib/gcc/arm-none-eabi/7.2.1/thumb/v7e-m/fpv4-sp/softfp/libgcc.a(_aeabi_uldivmod.o) (__aeabi_ldiv0)
/home/jack/SimplicityStudio_v4/developer/toolchains/gnu_arm/7.2_2017q4/bin/../lib/gcc/arm-none-eabi/7.2.1/../../../../arm-none-eabi/lib/thumb/v7e-m/fpv4-sp/softfp/libc_nano.a(lib_a-exit.o)
                              /home/jack/SimplicityStudio_v4/developer/toolchains/gnu_arm/7.2_2017q4/bin/../lib/gcc/arm-none-eabi/7.2.1/../../../../arm-none-eabi/lib/thumb/v7e-m/fpv4-sp/softfp/crt0.o (exit)
/home/jack/SimplicityStudio_v4/developer/toolchains/gnu_arm/7.2_2017q4/bin/../lib/gcc/arm-none-eabi/7.2.1/../../../../arm-none-eabi/lib/thumb/v7e-m/fpv4-sp/softfp/libc_nano.a(lib_a-impure.o)
                              /home/jack/SimplicityStudio_v4/developer/toolchains/gnu_arm/7.2_2017q4/bin/../lib/gcc/arm-none-eabi/7.2.1/../../../../arm-none-eabi/lib/thumb/v7e-m/fpv4-sp/softfp/libc_nano.a(lib_a-exit.o) (_global_impure_ptr)
/home/jack/SimplicityStudio_v4/developer/toolchains/gnu_arm/7.2_2017q4/bin/../lib/gcc/arm-none-eabi/7.2.1/../../../../arm-none-eabi/lib/thumb/v7e-m/fpv4-sp/softfp/libc_nano.a(lib_a-init.o)
                              /home/jack/SimplicityStudio_v4/developer/toolchains/gnu_arm/7.2_2017q4/bin/../lib/gcc/arm-none-eabi/7.2.1/../../../../arm-none-eabi/lib/thumb/v7e-m/fpv4-sp/softfp/crt0.o (__libc_init_array)
/home/jack/SimplicityStudio_v4/developer/toolchains/gnu_arm/7.2_2017q4/bin/../lib/gcc/arm-none-eabi/7.2.1/../../../../arm-none-eabi/lib/thumb/v7e-m/fpv4-sp/softfp/libc_nano.a(lib_a-locale.o)
                              ./Drivers/textdisplay.o (__locale_ctype_ptr)
/home/jack/SimplicityStudio_v4/developer/toolchains/gnu_arm/7.2_2017q4/bin/../lib/gcc/arm-none-eabi/7.2.1/../../../../arm-none-eabi/lib/thumb/v7e-m/fpv4-sp/softfp/libc_nano.a(lib_a-mbtowc_r.o)
                              /home/jack/SimplicityStudio_v4/developer/toolchains/gnu_arm/7.2_2017q4/bin/../lib/gcc/arm-none-eabi/7.2.1/../../../../arm-none-eabi/lib/thumb/v7e-m/fpv4-sp/softfp/libc_nano.a(lib_a-locale.o) (__ascii_mbtowc)
/home/jack/SimplicityStudio_v4/developer/toolchains/gnu_arm/7.2_2017q4/bin/../lib/gcc/arm-none-eabi/7.2.1/../../../../arm-none-eabi/lib/thumb/v7e-m/fpv4-sp/softfp/libc_nano.a(lib_a-memcpy-stub.o)
                              ./Drivers/display.o (memcpy)
/home/jack/SimplicityStudio_v4/developer/toolchains/gnu_arm/7.2_2017q4/bin/../lib/gcc/arm-none-eabi/7.2.1/../../../../arm-none-eabi/lib/thumb/v7e-m/fpv4-sp/softfp/libc_nano.a(lib_a-memset.o)
                              /home/jack/SimplicityStudio_v4/developer/toolchains/gnu_arm/7.2_2017q4/bin/../lib/gcc/arm-none-eabi/7.2.1/../../../../arm-none-eabi/lib/thumb/v7e-m/fpv4-sp/softfp/crt0.o (memset)
/home/jack/SimplicityStudio_v4/developer/toolchains/gnu_arm/7.2_2017q4/bin/../lib/gcc/arm-none-eabi/7.2.1/../../../../arm-none-eabi/lib/thumb/v7e-m/fpv4-sp/softfp/libc_nano.a(lib_a-setvbuf.o)
                              ./Drivers/retargettextdisplay.o (setvbuf)
/home/jack/SimplicityStudio_v4/developer/toolchains/gnu_arm/7.2_2017q4/bin/../lib/gcc/arm-none-eabi/7.2.1/../../../../arm-none-eabi/lib/thumb/v7e-m/fpv4-sp/softfp/libc_nano.a(lib_a-strcmp.o)
                              /home/jack/SimplicityStudio_v4/developer/toolchains/gnu_arm/7.2_2017q4/bin/../lib/gcc/arm-none-eabi/7.2.1/../../../../arm-none-eabi/lib/thumb/v7e-m/fpv4-sp/softfp/libc_nano.a(lib_a-locale.o) (strcmp)
/home/jack/SimplicityStudio_v4/developer/toolchains/gnu_arm/7.2_2017q4/bin/../lib/gcc/arm-none-eabi/7.2.1/../../../../arm-none-eabi/lib/thumb/v7e-m/fpv4-sp/softfp/libc_nano.a(lib_a-strlen.o)
                              ./FreeRTOS/Source/tasks.o (strlen)
/home/jack/SimplicityStudio_v4/developer/toolchains/gnu_arm/7.2_2017q4/bin/../lib/gcc/arm-none-eabi/7.2.1/../../../../arm-none-eabi/lib/thumb/v7e-m/fpv4-sp/softfp/libc_nano.a(lib_a-wctomb_r.o)
                              /home/jack/SimplicityStudio_v4/developer/toolchains/gnu_arm/7.2_2017q4/bin/../lib/gcc/arm-none-eabi/7.2.1/../../../../arm-none-eabi/lib/thumb/v7e-m/fpv4-sp/softfp/libc_nano.a(lib_a-locale.o) (__ascii_wctomb)
[...]
Memory Configuration

Name             Origin             Length             Attributes
FLASH            0x0000000000000000 0x0000000000100000 xr
RAM              0x0000000020000000 0x0000000000040000 xrw
*default*        0x0000000000000000 0xffffffffffffffff

Linker script and memory map

LOAD /home/jack/SimplicityStudio_v4/developer/toolchains/gnu_arm/7.2_2017q4/bin/../lib/gcc/arm-none-eabi/7.2.1/thumb/v7e-m/fpv4-sp/softfp/crti.o
LOAD /home/jack/SimplicityStudio_v4/developer/toolchains/gnu_arm/7.2_2017q4/bin/../lib/gcc/arm-none-eabi/7.2.1/thumb/v7e-m/fpv4-sp/softfp/crtbegin.o
LOAD /home/jack/SimplicityStudio_v4/developer/toolchains/gnu_arm/7.2_2017q4/bin/../lib/gcc/arm-none-eabi/7.2.1/../../../../arm-none-eabi/lib/thumb/v7e-m/fpv4-sp/softfp/crt0.o
LOAD ./CMSIS/EFM32PG12B/startup_gcc_efm32pg12b.o
LOAD ./CMSIS/EFM32PG12B/system_efm32pg12b.o
LOAD ./Drivers/capsense.o
LOAD ./Drivers/display.o
LOAD ./Drivers/displayls013b7dh03.o
LOAD ./Drivers/displaypalemlib.o
LOAD ./Drivers/retargetio.o
LOAD ./Drivers/retargettextdisplay.o
LOAD ./Drivers/textdisplay.o
LOAD ./Drivers/udelay.o
LOAD ./FreeRTOS/Source/croutine.o
LOAD ./FreeRTOS/Source/event_groups.o
LOAD ./FreeRTOS/Source/list.o
LOAD ./FreeRTOS/Source/queue.o
LOAD ./FreeRTOS/Source/stream_buffer.o
LOAD ./FreeRTOS/Source/tasks.o
LOAD ./FreeRTOS/Source/timers.o
LOAD ./FreeRTOS/Source/portable/GCC/ARM_CM4F/port.o
LOAD ./FreeRTOS/Source/portable/MemMang/heap_4.o
LOAD ./emlib/em_acmp.o
LOAD ./emlib/em_adc.o
LOAD ./emlib/em_aes.o
LOAD ./emlib/em_assert.o
LOAD ./emlib/em_burtc.o
LOAD ./emlib/em_can.o
LOAD ./emlib/em_cmu.o
LOAD ./emlib/em_core.o
LOAD ./emlib/em_cryotimer.o
LOAD ./emlib/em_crypto.o
LOAD ./emlib/em_csen.o
LOAD ./emlib/em_dac.o
LOAD ./emlib/em_dbg.o
LOAD ./emlib/em_dma.o
LOAD ./emlib/em_ebi.o
LOAD ./emlib/em_emu.o
LOAD ./emlib/em_gpcrc.o
LOAD ./emlib/em_gpio.o
LOAD ./emlib/em_i2c.o
LOAD ./emlib/em_iadc.o
LOAD ./emlib/em_idac.o
LOAD ./emlib/em_int.o
LOAD ./emlib/em_lcd.o
LOAD ./emlib/em_ldma.o
LOAD ./emlib/em_lesense.o
LOAD ./emlib/em_letimer.o
LOAD ./emlib/em_leuart.o
LOAD ./emlib/em_mpu.o
LOAD ./emlib/em_msc.o
LOAD ./emlib/em_opamp.o
LOAD ./emlib/em_pcnt.o
LOAD ./emlib/em_pdm.o
LOAD ./emlib/em_prs.o
LOAD ./emlib/em_qspi.o
LOAD ./emlib/em_rmu.o
LOAD ./emlib/em_rtc.o
LOAD ./emlib/em_rtcc.o
LOAD ./emlib/em_se.o
LOAD ./emlib/em_system.o
LOAD ./emlib/em_timer.o
LOAD ./emlib/em_usart.o
LOAD ./emlib/em_vcmp.o
LOAD ./emlib/em_vdac.o
LOAD ./emlib/em_wdog.o
LOAD ./src/cmu.o
LOAD ./src/fifo.o
LOAD ./src/gpio.o
LOAD ./src/main.o
START GROUP
LOAD /home/jack/SimplicityStudio_v4/developer/toolchains/gnu_arm/7.2_2017q4/bin/../lib/gcc/arm-none-eabi/7.2.1/thumb/v7e-m/fpv4-sp/softfp/libgcc.a
LOAD /home/jack/SimplicityStudio_v4/developer/toolchains/gnu_arm/7.2_2017q4/bin/../lib/gcc/arm-none-eabi/7.2.1/../../../../arm-none-eabi/lib/thumb/v7e-m/fpv4-sp/softfp/libc_nano.a
LOAD /home/jack/SimplicityStudio_v4/developer/toolchains/gnu_arm/7.2_2017q4/bin/../lib/gcc/arm-none-eabi/7.2.1/../../../../arm-none-eabi/lib/thumb/v7e-m/fpv4-sp/softfp/libnosys.a
END GROUP
START GROUP
LOAD /home/jack/SimplicityStudio_v4/developer/toolchains/gnu_arm/7.2_2017q4/bin/../lib/gcc/arm-none-eabi/7.2.1/thumb/v7e-m/fpv4-sp/softfp/libgcc.a
LOAD /home/jack/SimplicityStudio_v4/developer/toolchains/gnu_arm/7.2_2017q4/bin/../lib/gcc/arm-none-eabi/7.2.1/../../../../arm-none-eabi/lib/thumb/v7e-m/fpv4-sp/softfp/libg_nano.a
LOAD /home/jack/SimplicityStudio_v4/developer/toolchains/gnu_arm/7.2_2017q4/bin/../lib/gcc/arm-none-eabi/7.2.1/../../../../arm-none-eabi/lib/thumb/v7e-m/fpv4-sp/softfp/libc_nano.a
END GROUP
START GROUP
LOAD /home/jack/SimplicityStudio_v4/developer/toolchains/gnu_arm/7.2_2017q4/bin/../lib/gcc/arm-none-eabi/7.2.1/thumb/v7e-m/fpv4-sp/softfp/libgcc.a
LOAD /home/jack/SimplicityStudio_v4/developer/toolchains/gnu_arm/7.2_2017q4/bin/../lib/gcc/arm-none-eabi/7.2.1/../../../../arm-none-eabi/lib/thumb/v7e-m/fpv4-sp/softfp/libc_nano.a
END GROUP
LOAD /home/jack/SimplicityStudio_v4/developer/toolchains/gnu_arm/7.2_2017q4/bin/../lib/gcc/arm-none-eabi/7.2.1/thumb/v7e-m/fpv4-sp/softfp/crtend.o
LOAD /home/jack/SimplicityStudio_v4/developer/toolchains/gnu_arm/7.2_2017q4/bin/../lib/gcc/arm-none-eabi/7.2.1/thumb/v7e-m/fpv4-sp/softfp/crtn.o

.text           0x0000000000000000     0x4344
 *(.vectors)
 .vectors       0x0000000000000000      0x10c ./CMSIS/EFM32PG12B/startup_gcc_efm32pg12b.o
                0x0000000000000000                __Vectors
                0x000000000000010c                __Vectors_End = .
                0x000000000000010c                __Vectors_Size = (__Vectors_End - __Vectors)
                0x000000000000010c                __end__ = .
 *(.text*)
 .text          0x000000000000010c       0x40 /home/jack/SimplicityStudio_v4/developer/toolchains/gnu_arm/7.2_2017q4/bin/../lib/gcc/arm-none-eabi/7.2.1/thumb/v7e-m/fpv4-sp/softfp/crtbegin.o
 .text          0x000000000000014c       0x74 /home/jack/SimplicityStudio_v4/developer/toolchains/gnu_arm/7.2_2017q4/bin/../lib/gcc/arm-none-eabi/7.2.1/../../../../arm-none-eabi/lib/thumb/v7e-m/fpv4-sp/softfp/crt0.o
                0x000000000000014c                _mainCRTStartup
                0x000000000000014c                _start
 .text          0x00000000000001c0       0x30 ./CMSIS/EFM32PG12B/startup_gcc_efm32pg12b.o
                0x00000000000001c0                Reset_Handler
                0x00000000000001ec                DebugMon_Handler
                0x00000000000001ec                USART0_TX_IRQHandler
                0x00000000000001ec                I2C0_IRQHandler
                0x00000000000001ec                HardFault_Handler
                0x00000000000001ec                USART1_RX_IRQHandler
                0x00000000000001ec                NMI_Handler
                0x00000000000001ec                I2C1_IRQHandler
                0x00000000000001ec                WTIMER0_IRQHandler
                0x00000000000001ec                CRYPTO0_IRQHandler
                0x00000000000001ec                WDOG0_IRQHandler
                0x00000000000001ec                USART1_TX_IRQHandler
                0x00000000000001ec                SMU_IRQHandler
                0x00000000000001ec                MSC_IRQHandler
                0x00000000000001ec                ADC0_IRQHandler
                0x00000000000001ec                UsageFault_Handler
                0x00000000000001ec                WDOG1_IRQHandler
                0x00000000000001ec                LEUART0_IRQHandler
                0x00000000000001ec                FPUEH_IRQHandler
                0x00000000000001ec                WTIMER1_IRQHandler
                0x00000000000001ec                GPIO_EVEN_IRQHandler
                0x00000000000001ec                VDAC0_IRQHandler
                0x00000000000001ec                LDMA_IRQHandler
                0x00000000000001ec                CSEN_IRQHandler
                0x00000000000001ec                CRYPTO1_IRQHandler
                0x00000000000001ec                PCNT2_IRQHandler
                0x00000000000001ec                LETIMER0_IRQHandler
                0x00000000000001ec                TIMER1_IRQHandler
                0x00000000000001ec                TRNG0_IRQHandler
                0x00000000000001ec                USART2_RX_IRQHandler
                0x00000000000001ec                Default_Handler
                0x00000000000001ec                EMU_IRQHandler
                0x00000000000001ec                CRYOTIMER_IRQHandler
                0x00000000000001ec                PCNT0_IRQHandler
                0x00000000000001ec                sl_app_properties
                0x00000000000001ec                PCNT1_IRQHandler
                0x00000000000001ec                ACMP0_IRQHandler
                0x00000000000001ec                USART0_RX_IRQHandler
                0x00000000000001ec                MemManage_Handler
                0x00000000000001ec                USART3_RX_IRQHandler
                0x00000000000001ec                RTCC_IRQHandler
                0x00000000000001ec                CMU_IRQHandler
                0x00000000000001ec                LESENSE_IRQHandler
                0x00000000000001ec                GPIO_ODD_IRQHandler
                0x00000000000001ec                USART3_TX_IRQHandler
                0x00000000000001ec                BusFault_Handler
                0x00000000000001ec                USART2_TX_IRQHandler
                0x00000000000001ec                IDAC0_IRQHandler
 .text.SystemCoreClockGet
                0x00000000000001f0       0x40 ./CMSIS/EFM32PG12B/system_efm32pg12b.o
                0x00000000000001f0                SystemCoreClockGet
 .text.SystemMaxCoreClockGet
                0x0000000000000230       0x14 ./CMSIS/EFM32PG12B/system_efm32pg12b.o
                0x0000000000000230                SystemMaxCoreClockGet
 .text.SystemHFClockGet
                0x0000000000000244       0x70 ./CMSIS/EFM32PG12B/system_efm32pg12b.o
                0x0000000000000244                SystemHFClockGet
 .text.SystemHFXOClockGet
                0x00000000000002b4       0x18 ./CMSIS/EFM32PG12B/system_efm32pg12b.o
                0x00000000000002b4                SystemHFXOClockGet
 .text.SystemInit
                0x00000000000002cc       0x2c ./CMSIS/EFM32PG12B/system_efm32pg12b.o
                0x00000000000002cc                SystemInit
 .text.SystemLFRCOClockGet
                0x00000000000002f8       0x12 ./CMSIS/EFM32PG12B/system_efm32pg12b.o
                0x00000000000002f8                SystemLFRCOClockGet
 .text.SystemULFRCOClockGet
                0x000000000000030a       0x12 ./CMSIS/EFM32PG12B/system_efm32pg12b.o
                0x000000000000030a                SystemULFRCOClockGet
 .text.SystemLFXOClockGet
                0x000000000000031c       0x18 ./CMSIS/EFM32PG12B/system_efm32pg12b.o
                0x000000000000031c                SystemLFXOClockGet
 .text.TIMER0_IRQHandler
                0x0000000000000334       0x7c ./Drivers/capsense.o
                0x0000000000000334                TIMER0_IRQHandler
 .text._exit    0x00000000000003b0        0xa ./Drivers/retargetio.o
                0x00000000000003b0                _exit
 .text.vListInitialise
                0x00000000000003ba       0x40 ./FreeRTOS/Source/list.o
                0x00000000000003ba                vListInitialise
 .text.vListInitialiseItem
                0x00000000000003fa       0x1a ./FreeRTOS/Source/list.o
                0x00000000000003fa                vListInitialiseItem
 .text.vListInsertEnd
                0x0000000000000414       0x48 ./FreeRTOS/Source/list.o
                0x0000000000000414                vListInsertEnd
 .text.vListInsert
                0x000000000000045c       0x74 ./FreeRTOS/Source/list.o
                0x000000000000045c                vListInsert
 .text.uxListRemove
                0x00000000000004d0       0x54 ./FreeRTOS/Source/list.o
                0x00000000000004d0                uxListRemove
 .text.xQueueGenericReset
                0x0000000000000524       0xd0 ./FreeRTOS/Source/queue.o
                0x0000000000000524                xQueueGenericReset
 .text.xQueueGenericCreate
                0x00000000000005f4       0x76 ./FreeRTOS/Source/queue.o
                0x00000000000005f4                xQueueGenericCreate
 .text.prvInitialiseNewQueue
                0x000000000000066a       0x3e ./FreeRTOS/Source/queue.o
 .text.xQueueGenericSend
                0x00000000000006a8      0x1f8 ./FreeRTOS/Source/queue.o
                0x00000000000006a8                xQueueGenericSend
 .text.xQueueGenericSendFromISR
                0x00000000000008a0      0x128 ./FreeRTOS/Source/queue.o
                0x00000000000008a0                xQueueGenericSendFromISR
 .text.xQueueReceive
                0x00000000000009c8      0x1bc ./FreeRTOS/Source/queue.o
                0x00000000000009c8                xQueueReceive
 .text.prvCopyDataToQueue
                0x0000000000000b84       0xd4 ./FreeRTOS/Source/queue.o
 .text.prvCopyDataFromQueue
                0x0000000000000c58       0x4c ./FreeRTOS/Source/queue.o
 .text.prvUnlockQueue
                0x0000000000000ca4       0xa4 ./FreeRTOS/Source/queue.o
 .text.prvIsQueueEmpty
                0x0000000000000d48       0x2c ./FreeRTOS/Source/queue.o
 .text.prvIsQueueFull
                0x0000000000000d74       0x30 ./FreeRTOS/Source/queue.o
 .text.vQueueAddToRegistry
                0x0000000000000da4       0x50 ./FreeRTOS/Source/queue.o
                0x0000000000000da4                vQueueAddToRegistry
 .text.vQueueWaitForMessageRestricted
                0x0000000000000df4       0x6a ./FreeRTOS/Source/queue.o
                0x0000000000000df4                vQueueWaitForMessageRestricted
 .text.xTaskCreate
                0x0000000000000e5e       0x82 ./FreeRTOS/Source/tasks.o
                0x0000000000000e5e                xTaskCreate
 .text.prvInitialiseNewTask
                0x0000000000000ee0      0x120 ./FreeRTOS/Source/tasks.o
 .text.prvAddNewTaskToReadyList
                0x0000000000001000       0xd8 ./FreeRTOS/Source/tasks.o
 .text.vTaskDelay
                0x00000000000010d8       0x6c ./FreeRTOS/Source/tasks.o
                0x00000000000010d8                vTaskDelay
 .text.vTaskStartScheduler
                0x0000000000001144       0x98 ./FreeRTOS/Source/tasks.o
                0x0000000000001144                vTaskStartScheduler
 .text.vTaskSuspendAll
                0x00000000000011dc       0x1c ./FreeRTOS/Source/tasks.o
                0x00000000000011dc                vTaskSuspendAll
 .text.xTaskResumeAll
                0x00000000000011f8      0x138 ./FreeRTOS/Source/tasks.o
                0x00000000000011f8                xTaskResumeAll
 .text.xTaskGetTickCount
                0x0000000000001330       0x24 ./FreeRTOS/Source/tasks.o
                0x0000000000001330                xTaskGetTickCount
 .text.xTaskIncrementTick
                0x0000000000001354      0x174 ./FreeRTOS/Source/tasks.o
                0x0000000000001354                xTaskIncrementTick
 .text.vTaskSwitchContext
                0x00000000000014c8      0x104 ./FreeRTOS/Source/tasks.o
                0x00000000000014c8                vTaskSwitchContext
 .text.vTaskPlaceOnEventList
                0x00000000000015cc       0x4c ./FreeRTOS/Source/tasks.o
                0x00000000000015cc                vTaskPlaceOnEventList
 .text.vTaskPlaceOnEventListRestricted
                0x0000000000001618       0x58 ./FreeRTOS/Source/tasks.o
                0x0000000000001618                vTaskPlaceOnEventListRestricted
 .text.xTaskRemoveFromEventList
                0x0000000000001670       0xc4 ./FreeRTOS/Source/tasks.o
                0x0000000000001670                xTaskRemoveFromEventList
 .text.vTaskInternalSetTimeOutState
                0x0000000000001734       0x30 ./FreeRTOS/Source/tasks.o
                0x0000000000001734                vTaskInternalSetTimeOutState
 .text.xTaskCheckForTimeOut
                0x0000000000001764       0xc4 ./FreeRTOS/Source/tasks.o
                0x0000000000001764                xTaskCheckForTimeOut
 .text.vTaskMissedYield
                0x0000000000001828       0x18 ./FreeRTOS/Source/tasks.o
                0x0000000000001828                vTaskMissedYield
 .text.prvIdleTask
                0x0000000000001840       0x30 ./FreeRTOS/Source/tasks.o
 .text.prvInitialiseTaskLists
                0x0000000000001870       0x80 ./FreeRTOS/Source/tasks.o
 .text.prvCheckTasksWaitingTermination
                0x00000000000018f0       0x58 ./FreeRTOS/Source/tasks.o
 .text.prvDeleteTCB
                0x0000000000001948       0x20 ./FreeRTOS/Source/tasks.o
 .text.prvResetNextTaskUnblockTime
                0x0000000000001968       0x40 ./FreeRTOS/Source/tasks.o
 .text.xTaskGetSchedulerState
                0x00000000000019a8       0x3c ./FreeRTOS/Source/tasks.o
                0x00000000000019a8                xTaskGetSchedulerState
 .text.xTaskPriorityDisinherit
                0x00000000000019e4       0xdc ./FreeRTOS/Source/tasks.o
                0x00000000000019e4                xTaskPriorityDisinherit
 .text.prvAddCurrentTaskToDelayedList
                0x0000000000001ac0       0xb0 ./FreeRTOS/Source/tasks.o
 .text.xTimerCreateTimerTask
                0x0000000000001b70       0x60 ./FreeRTOS/Source/timers.o
                0x0000000000001b70                xTimerCreateTimerTask
 .text.xTimerGenericCommand
                0x0000000000001bd0       0x9c ./FreeRTOS/Source/timers.o
                0x0000000000001bd0                xTimerGenericCommand
 .text.prvProcessExpiredTimer
                0x0000000000001c6c       0xa0 ./FreeRTOS/Source/timers.o
 .text.prvTimerTask
                0x0000000000001d0c       0x28 ./FreeRTOS/Source/timers.o
 .text.prvProcessTimerOrBlockTask
                0x0000000000001d34       0xa4 ./FreeRTOS/Source/timers.o
 .text.prvGetNextExpireTime
                0x0000000000001dd8       0x48 ./FreeRTOS/Source/timers.o
 .text.prvSampleTimeNow
                0x0000000000001e20       0x40 ./FreeRTOS/Source/timers.o
 .text.prvInsertTimerInActiveList
                0x0000000000001e60       0x94 ./FreeRTOS/Source/timers.o
 .text.prvProcessReceivedCommands
                0x0000000000001ef4      0x1c4 ./FreeRTOS/Source/timers.o
 .text.prvSwitchTimerLists
                0x00000000000020b8       0xc8 ./FreeRTOS/Source/timers.o
 .text.prvCheckForValidListAndQueue
                0x0000000000002180       0x6c ./FreeRTOS/Source/timers.o
 .text.pxPortInitialiseStack
                0x00000000000021ec       0x68 ./FreeRTOS/Source/portable/GCC/ARM_CM4F/port.o
                0x00000000000021ec                pxPortInitialiseStack
 .text.prvTaskExitError
                0x0000000000002254       0x54 ./FreeRTOS/Source/portable/GCC/ARM_CM4F/port.o
 *fill*         0x00000000000022a8        0x8 
 .text.SVC_Handler
                0x00000000000022b0       0x28 ./FreeRTOS/Source/portable/GCC/ARM_CM4F/port.o
                0x00000000000022b0                SVC_Handler
 .text.prvPortStartFirstTask
                0x00000000000022d8       0x28 ./FreeRTOS/Source/portable/GCC/ARM_CM4F/port.o
 .text.xPortStartScheduler
                0x0000000000002300      0x15c ./FreeRTOS/Source/portable/GCC/ARM_CM4F/port.o
                0x0000000000002300                xPortStartScheduler
 .text.vPortEnterCritical
                0x000000000000245c       0x5c ./FreeRTOS/Source/portable/GCC/ARM_CM4F/port.o
                0x000000000000245c                vPortEnterCritical
 .text.vPortExitCritical
                0x00000000000024b8       0x50 ./FreeRTOS/Source/portable/GCC/ARM_CM4F/port.o
                0x00000000000024b8                vPortExitCritical
 *fill*         0x0000000000002508        0x8 
 .text.PendSV_Handler
                0x0000000000002510       0x68 ./FreeRTOS/Source/portable/GCC/ARM_CM4F/port.o
                0x0000000000002510                PendSV_Handler
 .text.SysTick_Handler
                0x0000000000002578       0x40 ./FreeRTOS/Source/portable/GCC/ARM_CM4F/port.o
                0x0000000000002578                SysTick_Handler
 .text.vPortSetupTimerInterrupt
                0x00000000000025b8       0x34 ./FreeRTOS/Source/portable/GCC/ARM_CM4F/port.o
                0x00000000000025b8                vPortSetupTimerInterrupt
 .text.vPortEnableVFP
                0x00000000000025ec       0x14 ./FreeRTOS/Source/portable/GCC/ARM_CM4F/port.o
 .text.vPortValidateInterruptPriority
                0x0000000000002600       0x7c ./FreeRTOS/Source/portable/GCC/ARM_CM4F/port.o
                0x0000000000002600                vPortValidateInterruptPriority
 .text.pvPortMalloc
                0x000000000000267c      0x18c ./FreeRTOS/Source/portable/MemMang/heap_4.o
                0x000000000000267c                pvPortMalloc
 .text.vPortFree
                0x0000000000002808       0xb0 ./FreeRTOS/Source/portable/MemMang/heap_4.o
                0x0000000000002808                vPortFree
 .text.prvHeapInit
                0x00000000000028b8       0xc4 ./FreeRTOS/Source/portable/MemMang/heap_4.o
 .text.prvInsertBlockIntoFreeList
                0x000000000000297c       0xb4 ./FreeRTOS/Source/portable/MemMang/heap_4.o
 .text.BUS_RegBitWrite
                0x0000000000002a30       0x2e ./emlib/em_cmu.o
 .text.BUS_RegBitRead
                0x0000000000002a5e       0x2a ./emlib/em_cmu.o
 .text.SL_Log2ToDiv
                0x0000000000002a88       0x1c ./emlib/em_cmu.o
 .text.CMU_Log2ToDiv
                0x0000000000002aa4       0x18 ./emlib/em_cmu.o
 .text.EMU_VScaleWait
                0x0000000000002abc       0x1c ./emlib/em_cmu.o
 .text.EMU_VScaleGet
                0x0000000000002ad8       0x1c ./emlib/em_cmu.o
 .text.setHfLeConfig
                0x0000000000002af4       0x64 ./emlib/em_cmu.o
 .text.auxClkGet
                0x0000000000002b58       0x20 ./emlib/em_cmu.o
 .text.hfSrcClkGet
                0x0000000000002b78       0x2c ./emlib/em_cmu.o
 .text.dbgClkGet
                0x0000000000002ba4       0x40 ./emlib/em_cmu.o
 .text.adcAsyncClkGet
                0x0000000000002be4       0x80 ./emlib/em_cmu.o
 .text.flashWaitStateControl
                0x0000000000002c64       0x8c ./emlib/em_cmu.o
 .text.flashWaitStateMax
                0x0000000000002cf0       0x44 ./emlib/em_cmu.o
 .text.CMU_UpdateWaitStates
                0x0000000000002d34       0x40 ./emlib/em_cmu.o
                0x0000000000002d34                CMU_UpdateWaitStates
 .text.getRegIshUpperVal
                0x0000000000002d74       0x36 ./emlib/em_cmu.o
 *fill*         0x0000000000002daa        0x2 
 .text.getHfxoTuningMode
                0x0000000000002dac       0x1c ./emlib/em_cmu.o
 .text.setHfxoTuningMode
                0x0000000000002dc8       0x2c ./emlib/em_cmu.o
 .text.lfClkGet
                0x0000000000002df4       0xf4 ./emlib/em_cmu.o
 .text.syncReg  0x0000000000002ee8       0x38 ./emlib/em_cmu.o
 .text.hfperClkSafePrescaler
                0x0000000000002f20        0xe ./emlib/em_cmu.o
 .text.hfperClkOptimizedPrescaler
                0x0000000000002f2e        0xe ./emlib/em_cmu.o
 .text.CMU_ClockEnable
                0x0000000000002f3c       0xcc ./emlib/em_cmu.o
                0x0000000000002f3c                CMU_ClockEnable
 .text.CMU_ClockFreqGet
                0x0000000000003008      0x20c ./emlib/em_cmu.o
                0x0000000000003008                CMU_ClockFreqGet
 .text.CMU_ClockSelectGet
                0x0000000000003214      0x1c0 ./emlib/em_cmu.o
                0x0000000000003214                CMU_ClockSelectGet
 .text.CMU_HFRCODevinfoGet
                0x00000000000033d4       0xdc ./emlib/em_cmu.o
 .text.CMU_HFRCOBandGet
                0x00000000000034b0       0x18 ./emlib/em_cmu.o
                0x00000000000034b0                CMU_HFRCOBandGet
 .text.CMU_HFRCOBandSet
                0x00000000000034c8      0x124 ./emlib/em_cmu.o
                0x00000000000034c8                CMU_HFRCOBandSet
 .text.CMU_OscillatorEnable
                0x00000000000035ec      0x1a0 ./emlib/em_cmu.o
                0x00000000000035ec                CMU_OscillatorEnable
 .text.CMU_OscillatorTuningGet
                0x000000000000378c       0x74 ./emlib/em_cmu.o
                0x000000000000378c                CMU_OscillatorTuningGet
 .text.CMU_OscillatorTuningSet
                0x0000000000003800      0x100 ./emlib/em_cmu.o
                0x0000000000003800                CMU_OscillatorTuningSet
 .text.CMU_OscillatorTuningWait
                0x0000000000003900       0x94 ./emlib/em_cmu.o
                0x0000000000003900                CMU_OscillatorTuningWait
 .text.CMU_OscillatorTuningOptimize
                0x0000000000003994       0x58 ./emlib/em_cmu.o
                0x0000000000003994                CMU_OscillatorTuningOptimize
 .text.BUS_RegBitRead
                0x00000000000039ec       0x2a ./emlib/em_emu.o
 *fill*         0x0000000000003a16        0x2 
 .text.EMU_VScaleWait
                0x0000000000003a18       0x1c ./emlib/em_emu.o
 .text.EMU_VScaleGet
                0x0000000000003a34       0x1c ./emlib/em_emu.o
 .text.vScaleEM01Cmd
                0x0000000000003a50       0x22 ./emlib/em_emu.o
 *fill*         0x0000000000003a72        0x2 
 .text.EMU_VScaleEM01ByClock
                0x0000000000003a74       0x70 ./emlib/em_emu.o
                0x0000000000003a74                EMU_VScaleEM01ByClock
 .text.EMU_VScaleEM01
                0x0000000000003ae4       0x88 ./emlib/em_emu.o
                0x0000000000003ae4                EMU_VScaleEM01
 .text.BUS_RegMaskedSet
                0x0000000000003b6c       0x24 ./emlib/em_gpio.o
 .text.BUS_RegMaskedClear
                0x0000000000003b90       0x24 ./emlib/em_gpio.o
 .text.BUS_RegMaskedWrite
                0x0000000000003bb4       0x24 ./emlib/em_gpio.o
 .text.GPIO_PinOutClear
                0x0000000000003bd8       0x78 ./emlib/em_gpio.o
 .text.GPIO_PinOutSet
                0x0000000000003c50       0x78 ./emlib/em_gpio.o
 .text.GPIO_DriveStrengthSet
                0x0000000000003cc8       0x7e ./emlib/em_gpio.o
                0x0000000000003cc8                GPIO_DriveStrengthSet
 *fill*         0x0000000000003d46        0x2 
 .text.GPIO_PinModeSet
                0x0000000000003d48      0x138 ./emlib/em_gpio.o
                0x0000000000003d48                GPIO_PinModeSet
 .text.CMU_HFRCOFreqGet
                0x0000000000003e80        0xe ./src/cmu.o
 *fill*         0x0000000000003e8e        0x2 
 .text.cmu_open
                0x0000000000003e90       0x38 ./src/cmu.o
                0x0000000000003e90                cmu_open
 .text.BUS_RegMaskedSet
                0x0000000000003ec8       0x24 ./src/gpio.o
 .text.BUS_RegMaskedClear
                0x0000000000003eec       0x24 ./src/gpio.o
 .text.GPIO_PinOutClear
                0x0000000000003f10       0x78 ./src/gpio.o
 .text.GPIO_PinOutSet
                0x0000000000003f88       0x78 ./src/gpio.o
 .text.LedBlinky
                0x0000000000004000       0x58 ./src/gpio.o
                0x0000000000004000                LedBlinky
 .text.gpio_init_leds
                0x0000000000004058       0x3c ./src/gpio.o
                0x0000000000004058                gpio_init_leds
 .text.set_led0
                0x0000000000004094       0x2a ./src/gpio.o
                0x0000000000004094                set_led0
 .text.set_led1
                0x00000000000040be       0x2a ./src/gpio.o
                0x00000000000040be                set_led1
 .text.SYSTEM_GetProdRev
                0x00000000000040e8       0x1c ./src/main.o
 .text.CHIP_Init
                0x0000000000004104       0x74 ./src/main.o
 .text.main     0x0000000000004178       0x34 ./src/main.o
                0x0000000000004178                main
 .text.vApplicationMallocFailedHook
                0x00000000000041ac       0x1a ./src/main.o
                0x00000000000041ac                vApplicationMallocFailedHook
 .text.vApplicationStackOverflowHook
                0x00000000000041c6       0x1e ./src/main.o
                0x00000000000041c6                vApplicationStackOverflowHook
 .text.exit     0x00000000000041e4       0x28 /home/jack/SimplicityStudio_v4/developer/toolchains/gnu_arm/7.2_2017q4/bin/../lib/gcc/arm-none-eabi/7.2.1/../../../../arm-none-eabi/lib/thumb/v7e-m/fpv4-sp/softfp/libc_nano.a(lib_a-exit.o)
                0x00000000000041e4                exit
 .text.__libc_init_array
                0x000000000000420c       0x48 /home/jack/SimplicityStudio_v4/developer/toolchains/gnu_arm/7.2_2017q4/bin/../lib/gcc/arm-none-eabi/7.2.1/../../../../arm-none-eabi/lib/thumb/v7e-m/fpv4-sp/softfp/libc_nano.a(lib_a-init.o)
                0x000000000000420c                __libc_init_array
 .text.memcpy   0x0000000000004254       0x16 /home/jack/SimplicityStudio_v4/developer/toolchains/gnu_arm/7.2_2017q4/bin/../lib/gcc/arm-none-eabi/7.2.1/../../../../arm-none-eabi/lib/thumb/v7e-m/fpv4-sp/softfp/libc_nano.a(lib_a-memcpy-stub.o)
                0x0000000000004254                memcpy
 .text.memset   0x000000000000426a       0x10 /home/jack/SimplicityStudio_v4/developer/toolchains/gnu_arm/7.2_2017q4/bin/../lib/gcc/arm-none-eabi/7.2.1/../../../../arm-none-eabi/lib/thumb/v7e-m/fpv4-sp/softfp/libc_nano.a(lib_a-memset.o)
                0x000000000000426a                memset
 *(.init)
 *fill*         0x000000000000427a        0x2 
 .init          0x000000000000427c        0x4 /home/jack/SimplicityStudio_v4/developer/toolchains/gnu_arm/7.2_2017q4/bin/../lib/gcc/arm-none-eabi/7.2.1/thumb/v7e-m/fpv4-sp/softfp/crti.o
                0x000000000000427c                _init
 .init          0x0000000000004280        0x8 /home/jack/SimplicityStudio_v4/developer/toolchains/gnu_arm/7.2_2017q4/bin/../lib/gcc/arm-none-eabi/7.2.1/thumb/v7e-m/fpv4-sp/softfp/crtn.o
 *(.fini)
 .fini          0x0000000000004288        0x4 /home/jack/SimplicityStudio_v4/developer/toolchains/gnu_arm/7.2_2017q4/bin/../lib/gcc/arm-none-eabi/7.2.1/thumb/v7e-m/fpv4-sp/softfp/crti.o
                0x0000000000004288                _fini
 .fini          0x000000000000428c        0x8 /home/jack/SimplicityStudio_v4/developer/toolchains/gnu_arm/7.2_2017q4/bin/../lib/gcc/arm-none-eabi/7.2.1/thumb/v7e-m/fpv4-sp/softfp/crtn.o
 *crtbegin.o(.ctors)
 *crtbegin?.o(.ctors)
 *(EXCLUDE_FILE(*crtend.o *crtend?.o) .ctors)
 *(SORT_BY_NAME(.ctors.*))
 *(.ctors)
 *crtbegin.o(.dtors)
 *crtbegin?.o(.dtors)
 *(EXCLUDE_FILE(*crtend.o *crtend?.o) .dtors)
 *(SORT_BY_NAME(.dtors.*))
 *(.dtors)
 *(.rodata*)
 .rodata        0x0000000000004294        0x5 ./FreeRTOS/Source/tasks.o
 *fill*         0x0000000000004299        0x3 
 .rodata        0x000000000000429c        0xd ./FreeRTOS/Source/timers.o
 *fill*         0x00000000000042a9        0x3 
 .rodata.flashWsTable
                0x00000000000042ac       0x28 ./emlib/em_cmu.o
 .rodata        0x00000000000042d4        0x7 ./src/main.o
 *fill*         0x00000000000042db        0x1 
 .rodata._global_impure_ptr
                0x00000000000042dc        0x4 /home/jack/SimplicityStudio_v4/developer/toolchains/gnu_arm/7.2_2017q4/bin/../lib/gcc/arm-none-eabi/7.2.1/../../../../arm-none-eabi/lib/thumb/v7e-m/fpv4-sp/softfp/libc_nano.a(lib_a-impure.o)
                0x00000000000042dc                _global_impure_ptr
 .rodata.__sf_fake_stderr
                0x00000000000042e0       0x20 /home/jack/SimplicityStudio_v4/developer/toolchains/gnu_arm/7.2_2017q4/bin/../lib/gcc/arm-none-eabi/7.2.1/../../../../arm-none-eabi/lib/thumb/v7e-m/fpv4-sp/softfp/libc_nano.a(lib_a-findfp.o)
                0x00000000000042e0                __sf_fake_stderr
 .rodata.__sf_fake_stdin
                0x0000000000004300       0x20 /home/jack/SimplicityStudio_v4/developer/toolchains/gnu_arm/7.2_2017q4/bin/../lib/gcc/arm-none-eabi/7.2.1/../../../../arm-none-eabi/lib/thumb/v7e-m/fpv4-sp/softfp/libc_nano.a(lib_a-findfp.o)
                0x0000000000004300                __sf_fake_stdin
 .rodata.__sf_fake_stdout
                0x0000000000004320       0x20 /home/jack/SimplicityStudio_v4/developer/toolchains/gnu_arm/7.2_2017q4/bin/../lib/gcc/arm-none-eabi/7.2.1/../../../../arm-none-eabi/lib/thumb/v7e-m/fpv4-sp/softfp/libc_nano.a(lib_a-findfp.o)
                0x0000000000004320                __sf_fake_stdout
 *(.eh_frame*)
 .eh_frame      0x0000000000004340        0x0 /home/jack/SimplicityStudio_v4/developer/toolchains/gnu_arm/7.2_2017q4/bin/../lib/gcc/arm-none-eabi/7.2.1/thumb/v7e-m/fpv4-sp/softfp/crtbegin.o
 .eh_frame      0x0000000000004340        0x4 /home/jack/SimplicityStudio_v4/developer/toolchains/gnu_arm/7.2_2017q4/bin/../lib/gcc/arm-none-eabi/7.2.1/thumb/v7e-m/fpv4-sp/softfp/crtend.o

.glue_7         0x0000000000004344        0x0
 .glue_7        0x0000000000004344        0x0 linker stubs

.glue_7t        0x0000000000004344        0x0
 .glue_7t       0x0000000000004344        0x0 linker stubs

.vfp11_veneer   0x0000000000004344        0x0
 .vfp11_veneer  0x0000000000004344        0x0 linker stubs

.v4_bx          0x0000000000004344        0x0
 .v4_bx         0x0000000000004344        0x0 linker stubs

.iplt           0x0000000000004344        0x0
 .iplt          0x0000000000004344        0x0 /home/jack/SimplicityStudio_v4/developer/toolchains/gnu_arm/7.2_2017q4/bin/../lib/gcc/arm-none-eabi/7.2.1/thumb/v7e-m/fpv4-sp/softfp/crtbegin.o

.ARM.extab
 *(.ARM.extab* .gnu.linkonce.armextab.*)
                0x0000000000004344                __exidx_start = .

.ARM.exidx      0x0000000000004344        0x8
 *(.ARM.exidx* .gnu.linkonce.armexidx.*)
 .ARM.exidx     0x0000000000004344        0x8 /home/jack/SimplicityStudio_v4/developer/toolchains/gnu_arm/7.2_2017q4/bin/../lib/gcc/arm-none-eabi/7.2.1/../../../../arm-none-eabi/lib/thumb/v7e-m/fpv4-sp/softfp/crt0.o
                0x000000000000434c                __exidx_end = .
                0x000000000000434c                __etext = .

.rel.dyn        0x000000000000434c        0x0
 .rel.iplt      0x000000000000434c        0x0 /home/jack/SimplicityStudio_v4/developer/toolchains/gnu_arm/7.2_2017q4/bin/../lib/gcc/arm-none-eabi/7.2.1/thumb/v7e-m/fpv4-sp/softfp/crtbegin.o

.data           0x0000000020000000       0x80 load address 0x000000000000434c
                0x0000000020000000                __data_start__ = .
 *(vtable)
 *(.data*)
 .data.SystemHFXOClock
                0x0000000020000000        0x4 ./CMSIS/EFM32PG12B/system_efm32pg12b.o
 .data.SystemLFXOClock
                0x0000000020000004        0x4 ./CMSIS/EFM32PG12B/system_efm32pg12b.o
 .data.SystemCoreClock
                0x0000000020000008        0x4 ./CMSIS/EFM32PG12B/system_efm32pg12b.o
                0x0000000020000008                SystemCoreClock
 .data.SystemHfrcoFreq
                0x000000002000000c        0x4 ./CMSIS/EFM32PG12B/system_efm32pg12b.o
                0x000000002000000c                SystemHfrcoFreq
 .data.uxCriticalNesting
                0x0000000020000010        0x4 ./FreeRTOS/Source/portable/GCC/ARM_CM4F/port.o
 .data.auxHfrcoFreq
                0x0000000020000014        0x4 ./emlib/em_cmu.o
 .data.impure_data
                0x0000000020000018       0x60 /home/jack/SimplicityStudio_v4/developer/toolchains/gnu_arm/7.2_2017q4/bin/../lib/gcc/arm-none-eabi/7.2.1/../../../../arm-none-eabi/lib/thumb/v7e-m/fpv4-sp/softfp/libc_nano.a(lib_a-impure.o)
                0x0000000020000078                . = ALIGN (0x4)
                [!provide]                        PROVIDE (__ram_func_section_start, .)
 *(.ram)
                [!provide]                        PROVIDE (__ram_func_section_end, .)
                0x0000000020000078                . = ALIGN (0x4)
                0x0000000020000078                PROVIDE (__preinit_array_start, .)
 *(.preinit_array)
                0x0000000020000078                PROVIDE (__preinit_array_end, .)
                0x0000000020000078                . = ALIGN (0x4)
                0x0000000020000078                PROVIDE (__init_array_start, .)
 *(SORT_BY_NAME(.init_array.*))
 *(.init_array)
 .init_array    0x0000000020000078        0x4 /home/jack/SimplicityStudio_v4/developer/toolchains/gnu_arm/7.2_2017q4/bin/../lib/gcc/arm-none-eabi/7.2.1/thumb/v7e-m/fpv4-sp/softfp/crtbegin.o
                0x000000002000007c                PROVIDE (__init_array_end, .)
                0x000000002000007c                . = ALIGN (0x4)
                [!provide]                        PROVIDE (__fini_array_start, .)
 *(SORT_BY_NAME(.fini_array.*))
 *(.fini_array)
 .fini_array    0x000000002000007c        0x4 /home/jack/SimplicityStudio_v4/developer/toolchains/gnu_arm/7.2_2017q4/bin/../lib/gcc/arm-none-eabi/7.2.1/thumb/v7e-m/fpv4-sp/softfp/crtbegin.o
                [!provide]                        PROVIDE (__fini_array_end, .)
 *(.jcr*)
                0x0000000020000080                . = ALIGN (0x4)
                0x0000000020000080                __data_end__ = .

.igot.plt       0x0000000020000080        0x0 load address 0x00000000000043cc
 .igot.plt      0x0000000020000080        0x0 /home/jack/SimplicityStudio_v4/developer/toolchains/gnu_arm/7.2_2017q4/bin/../lib/gcc/arm-none-eabi/7.2.1/thumb/v7e-m/fpv4-sp/softfp/crtbegin.o

.bss            0x0000000020000080     0x30c0 load address 0x00000000000043cc
                0x0000000020000080                . = ALIGN (0x4)
                0x0000000020000080                __bss_start__ = .
 *(.bss*)
 .bss           0x0000000020000080       0x1c /home/jack/SimplicityStudio_v4/developer/toolchains/gnu_arm/7.2_2017q4/bin/../lib/gcc/arm-none-eabi/7.2.1/thumb/v7e-m/fpv4-sp/softfp/crtbegin.o
 .bss.currentChannel
                0x000000002000009c        0x1 ./Drivers/capsense.o
 .bss.measurementComplete
                0x000000002000009d        0x1 ./Drivers/capsense.o
 *fill*         0x000000002000009e        0x2 
 .bss.channelValues
                0x00000000200000a0       0x10 ./Drivers/capsense.o
 .bss.channelMaxValues
                0x00000000200000b0       0x10 ./Drivers/capsense.o
 .bss.pxCurrentTCB
                0x00000000200000c0        0x4 ./FreeRTOS/Source/tasks.o
                0x00000000200000c0                pxCurrentTCB
 .bss.pxReadyTasksLists
                0x00000000200000c4       0x64 ./FreeRTOS/Source/tasks.o
 .bss.xDelayedTaskList1
                0x0000000020000128       0x14 ./FreeRTOS/Source/tasks.o
 .bss.xDelayedTaskList2
                0x000000002000013c       0x14 ./FreeRTOS/Source/tasks.o
 .bss.pxDelayedTaskList
                0x0000000020000150        0x4 ./FreeRTOS/Source/tasks.o
 .bss.pxOverflowDelayedTaskList
                0x0000000020000154        0x4 ./FreeRTOS/Source/tasks.o
 .bss.xPendingReadyList
                0x0000000020000158       0x14 ./FreeRTOS/Source/tasks.o
 .bss.xTasksWaitingTermination
                0x000000002000016c       0x14 ./FreeRTOS/Source/tasks.o
 .bss.uxDeletedTasksWaitingCleanUp
                0x0000000020000180        0x4 ./FreeRTOS/Source/tasks.o
 .bss.xSuspendedTaskList
                0x0000000020000184       0x14 ./FreeRTOS/Source/tasks.o
 .bss.uxCurrentNumberOfTasks
                0x0000000020000198        0x4 ./FreeRTOS/Source/tasks.o
 .bss.xTickCount
                0x000000002000019c        0x2 ./FreeRTOS/Source/tasks.o
 *fill*         0x000000002000019e        0x2 
 .bss.uxTopReadyPriority
                0x00000000200001a0        0x4 ./FreeRTOS/Source/tasks.o
 .bss.xSchedulerRunning
                0x00000000200001a4        0x4 ./FreeRTOS/Source/tasks.o
 .bss.uxPendedTicks
                0x00000000200001a8        0x4 ./FreeRTOS/Source/tasks.o
 .bss.xYieldPending
                0x00000000200001ac        0x4 ./FreeRTOS/Source/tasks.o
 .bss.xNumOfOverflows
                0x00000000200001b0        0x4 ./FreeRTOS/Source/tasks.o
 .bss.uxTaskNumber
                0x00000000200001b4        0x4 ./FreeRTOS/Source/tasks.o
 .bss.xNextTaskUnblockTime
                0x00000000200001b8        0x2 ./FreeRTOS/Source/tasks.o
 *fill*         0x00000000200001ba        0x2 
 .bss.xIdleTaskHandle
                0x00000000200001bc        0x4 ./FreeRTOS/Source/tasks.o
 .bss.uxSchedulerSuspended
                0x00000000200001c0        0x4 ./FreeRTOS/Source/tasks.o
 .bss.xActiveTimerList1
                0x00000000200001c4       0x14 ./FreeRTOS/Source/timers.o
 .bss.xActiveTimerList2
                0x00000000200001d8       0x14 ./FreeRTOS/Source/timers.o
 .bss.pxCurrentTimerList
                0x00000000200001ec        0x4 ./FreeRTOS/Source/timers.o
 .bss.pxOverflowTimerList
                0x00000000200001f0        0x4 ./FreeRTOS/Source/timers.o
 .bss.xTimerQueue
                0x00000000200001f4        0x4 ./FreeRTOS/Source/timers.o
 .bss.xTimerTaskHandle
                0x00000000200001f8        0x4 ./FreeRTOS/Source/timers.o
 .bss.xLastTime.7964
                0x00000000200001fc        0x2 ./FreeRTOS/Source/timers.o
 .bss.ucMaxSysCallPriority
                0x00000000200001fe        0x1 ./FreeRTOS/Source/portable/GCC/ARM_CM4F/port.o
 *fill*         0x00000000200001ff        0x1 
 .bss.ulMaxPRIGROUPValue
                0x0000000020000200        0x4 ./FreeRTOS/Source/portable/GCC/ARM_CM4F/port.o
 .bss.ucHeap    0x0000000020000204     0x2ee0 ./FreeRTOS/Source/portable/MemMang/heap_4.o
 .bss.xStart    0x00000000200030e4        0x8 ./FreeRTOS/Source/portable/MemMang/heap_4.o
 .bss.pxEnd     0x00000000200030ec        0x4 ./FreeRTOS/Source/portable/MemMang/heap_4.o
 .bss.xFreeBytesRemaining
                0x00000000200030f0        0x4 ./FreeRTOS/Source/portable/MemMang/heap_4.o
 .bss.xMinimumEverFreeBytesRemaining
                0x00000000200030f4        0x4 ./FreeRTOS/Source/portable/MemMang/heap_4.o
 .bss.xBlockAllocatedBit
                0x00000000200030f8        0x4 ./FreeRTOS/Source/portable/MemMang/heap_4.o
 .bss.vScaleEM01Config
                0x00000000200030fc        0x1 ./emlib/em_emu.o
 *(COMMON)
 *fill*         0x00000000200030fd        0x3 
 COMMON         0x0000000020003100       0x40 ./FreeRTOS/Source/queue.o
                0x0000000020003100                xQueueRegistry
                0x0000000020003140                . = ALIGN (0x4)
                0x0000000020003140                __bss_end__ = .

.heap           0x0000000020003140      0xc00
                0x0000000020003140                __HeapBase = .
                0x0000000020003140                __end__ = .
                0x0000000020003140                end = __end__
                0x0000000020003140                _end = __end__
 *(.heap*)
 .heap          0x0000000020003140      0xc00 ./CMSIS/EFM32PG12B/startup_gcc_efm32pg12b.o
                0x0000000020003d40                __HeapLimit = .

.stack_dummy    0x0000000020003140      0x400
 *(.stack*)
 .stack         0x0000000020003140      0x400 ./CMSIS/EFM32PG12B/startup_gcc_efm32pg12b.o
                0x0000000020040000                __StackTop = (ORIGIN (RAM) + LENGTH (RAM))
                0x000000002003fc00                __StackLimit = (__StackTop - SIZEOF (.stack_dummy))
                0x0000000020040000                PROVIDE (__stack, __StackTop)
                0x0000000000000001                ASSERT ((__StackLimit >= __HeapLimit), region RAM overflowed with stack)
                0x0000000000000001                ASSERT ((LENGTH (FLASH) >= (__etext + SIZEOF (.data))), FLASH memory overflowed !)
OUTPUT(jdanielski7_FreeRTOS.axf elf32-littlearm)

.ARM.attributes
                0x0000000000000000       0x2e
 .ARM.attributes
                0x0000000000000000       0x22 /home/jack/SimplicityStudio_v4/developer/toolchains/gnu_arm/7.2_2017q4/bin/../lib/gcc/arm-none-eabi/7.2.1/thumb/v7e-m/fpv4-sp/softfp/crti.o
 .ARM.attributes
                0x0000000000000022       0x32 /home/jack/SimplicityStudio_v4/developer/toolchains/gnu_arm/7.2_2017q4/bin/../lib/gcc/arm-none-eabi/7.2.1/thumb/v7e-m/fpv4-sp/softfp/crtbegin.o
 .ARM.attributes
                0x0000000000000054       0x20 /home/jack/SimplicityStudio_v4/developer/toolchains/gnu_arm/7.2_2017q4/bin/../lib/gcc/arm-none-eabi/7.2.1/../../../../arm-none-eabi/lib/thumb/v7e-m/fpv4-sp/softfp/crt0.o
 .ARM.attributes
                0x0000000000000074       0x1f ./CMSIS/EFM32PG12B/startup_gcc_efm32pg12b.o
 .ARM.attributes
                0x0000000000000093       0x37 ./CMSIS/EFM32PG12B/system_efm32pg12b.o
 .ARM.attributes
                0x00000000000000ca       0x37 ./Drivers/capsense.o
 .ARM.attributes
                0x0000000000000101       0x37 ./Drivers/retargetio.o
 .ARM.attributes
                0x0000000000000138       0x37 ./FreeRTOS/Source/list.o
 .ARM.attributes
                0x000000000000016f       0x37 ./FreeRTOS/Source/queue.o
 .ARM.attributes
                0x00000000000001a6       0x37 ./FreeRTOS/Source/tasks.o
 .ARM.attributes
                0x00000000000001dd       0x37 ./FreeRTOS/Source/timers.o
 .ARM.attributes
                0x0000000000000214       0x37 ./FreeRTOS/Source/portable/GCC/ARM_CM4F/port.o
 .ARM.attributes
                0x000000000000024b       0x37 ./FreeRTOS/Source/portable/MemMang/heap_4.o
 .ARM.attributes
                0x0000000000000282       0x37 ./emlib/em_cmu.o
 .ARM.attributes
                0x00000000000002b9       0x37 ./emlib/em_emu.o
 .ARM.attributes
                0x00000000000002f0       0x37 ./emlib/em_gpio.o
 .ARM.attributes
                0x0000000000000327       0x37 ./src/cmu.o
 .ARM.attributes
                0x000000000000035e       0x37 ./src/gpio.o
 .ARM.attributes
                0x0000000000000395       0x37 ./src/main.o
 .ARM.attributes
                0x00000000000003cc       0x32 /home/jack/SimplicityStudio_v4/developer/toolchains/gnu_arm/7.2_2017q4/bin/../lib/gcc/arm-none-eabi/7.2.1/../../../../arm-none-eabi/lib/thumb/v7e-m/fpv4-sp/softfp/libc_nano.a(lib_a-exit.o)
 .ARM.attributes
                0x00000000000003fe       0x32 /home/jack/SimplicityStudio_v4/developer/toolchains/gnu_arm/7.2_2017q4/bin/../lib/gcc/arm-none-eabi/7.2.1/../../../../arm-none-eabi/lib/thumb/v7e-m/fpv4-sp/softfp/libc_nano.a(lib_a-impure.o)
 .ARM.attributes
                0x0000000000000430       0x32 /home/jack/SimplicityStudio_v4/developer/toolchains/gnu_arm/7.2_2017q4/bin/../lib/gcc/arm-none-eabi/7.2.1/../../../../arm-none-eabi/lib/thumb/v7e-m/fpv4-sp/softfp/libc_nano.a(lib_a-init.o)
 .ARM.attributes
                0x0000000000000462       0x32 /home/jack/SimplicityStudio_v4/developer/toolchains/gnu_arm/7.2_2017q4/bin/../lib/gcc/arm-none-eabi/7.2.1/../../../../arm-none-eabi/lib/thumb/v7e-m/fpv4-sp/softfp/libc_nano.a(lib_a-memcpy-stub.o)
 .ARM.attributes
                0x0000000000000494       0x32 /home/jack/SimplicityStudio_v4/developer/toolchains/gnu_arm/7.2_2017q4/bin/../lib/gcc/arm-none-eabi/7.2.1/../../../../arm-none-eabi/lib/thumb/v7e-m/fpv4-sp/softfp/libc_nano.a(lib_a-memset.o)
 .ARM.attributes
                0x00000000000004c6       0x32 /home/jack/SimplicityStudio_v4/developer/toolchains/gnu_arm/7.2_2017q4/bin/../lib/gcc/arm-none-eabi/7.2.1/../../../../arm-none-eabi/lib/thumb/v7e-m/fpv4-sp/softfp/libc_nano.a(lib_a-findfp.o)
 .ARM.attributes
                0x00000000000004f8       0x32 /home/jack/SimplicityStudio_v4/developer/toolchains/gnu_arm/7.2_2017q4/bin/../lib/gcc/arm-none-eabi/7.2.1/thumb/v7e-m/fpv4-sp/softfp/crtend.o
 .ARM.attributes
                0x000000000000052a       0x22 /home/jack/SimplicityStudio_v4/developer/toolchains/gnu_arm/7.2_2017q4/bin/../lib/gcc/arm-none-eabi/7.2.1/thumb/v7e-m/fpv4-sp/softfp/crtn.o

.comment        0x0000000000000000       0x7e
 .comment       0x0000000000000000       0x7e ./CMSIS/EFM32PG12B/system_efm32pg12b.o
                                         0x7f (size before relaxing)
 .comment       0x000000000000007e       0x7f ./Drivers/capsense.o
 .comment       0x000000000000007e       0x7f ./Drivers/retargetio.o
 .comment       0x000000000000007e       0x7f ./FreeRTOS/Source/list.o
 .comment       0x000000000000007e       0x7f ./FreeRTOS/Source/queue.o
 .comment       0x000000000000007e       0x7f ./FreeRTOS/Source/tasks.o
 .comment       0x000000000000007e       0x7f ./FreeRTOS/Source/timers.o
 .comment       0x000000000000007e       0x7f ./FreeRTOS/Source/portable/GCC/ARM_CM4F/port.o
 .comment       0x000000000000007e       0x7f ./FreeRTOS/Source/portable/MemMang/heap_4.o
 .comment       0x000000000000007e       0x7f ./emlib/em_cmu.o
 .comment       0x000000000000007e       0x7f ./emlib/em_emu.o
 .comment       0x000000000000007e       0x7f ./emlib/em_gpio.o
 .comment       0x000000000000007e       0x7f ./src/cmu.o
 .comment       0x000000000000007e       0x7f ./src/gpio.o
 .comment       0x000000000000007e       0x7f ./src/main.o

.debug_line     0x0000000000000000     0xc652
 .debug_line    0x0000000000000000       0x78 ./CMSIS/EFM32PG12B/startup_gcc_efm32pg12b.o
 .debug_line    0x0000000000000078      0x88b ./CMSIS/EFM32PG12B/system_efm32pg12b.o
 .debug_line    0x0000000000000903      0xa61 ./Drivers/capsense.o
 .debug_line    0x0000000000001364      0xa04 ./Drivers/retargetio.o
 .debug_line    0x0000000000001d68      0xa34 ./FreeRTOS/Source/list.o
 .debug_line    0x000000000000279c     0x1373 ./FreeRTOS/Source/queue.o
 .debug_line    0x0000000000003b0f     0x16b1 ./FreeRTOS/Source/tasks.o
 .debug_line    0x00000000000051c0      0xddc ./FreeRTOS/Source/timers.o
 .debug_line    0x0000000000005f9c      0xb8a ./FreeRTOS/Source/portable/GCC/ARM_CM4F/port.o
 .debug_line    0x0000000000006b26      0xb1c ./FreeRTOS/Source/portable/MemMang/heap_4.o
 .debug_line    0x0000000000007642     0x12bd ./emlib/em_cmu.o
 .debug_line    0x00000000000088ff     0x12da ./emlib/em_emu.o
 .debug_line    0x0000000000009bd9      0xafe ./emlib/em_gpio.o
 .debug_line    0x000000000000a6d7      0x87f ./src/cmu.o
 .debug_line    0x000000000000af56      0xc00 ./src/gpio.o
 .debug_line    0x000000000000bb56      0xafc ./src/main.o

.debug_info     0x0000000000000000    0x1199a
 .debug_info    0x0000000000000000       0x26 ./CMSIS/EFM32PG12B/startup_gcc_efm32pg12b.o
 .debug_info    0x0000000000000026      0x8f6 ./CMSIS/EFM32PG12B/system_efm32pg12b.o
 .debug_info    0x000000000000091c     0x12ca ./Drivers/capsense.o
 .debug_info    0x0000000000001be6      0xe31 ./Drivers/retargetio.o
 .debug_info    0x0000000000002a17      0xc2a ./FreeRTOS/Source/list.o
 .debug_info    0x0000000000003641     0x213a ./FreeRTOS/Source/queue.o
 .debug_info    0x000000000000577b     0x27c3 ./FreeRTOS/Source/tasks.o
 .debug_info    0x0000000000007f3e     0x1786 ./FreeRTOS/Source/timers.o
 .debug_info    0x00000000000096c4      0x5dd ./FreeRTOS/Source/portable/GCC/ARM_CM4F/port.o
 .debug_info    0x0000000000009ca1      0xd42 ./FreeRTOS/Source/portable/MemMang/heap_4.o
 .debug_info    0x000000000000a9e3     0x2437 ./emlib/em_cmu.o
 .debug_info    0x000000000000ce1a     0x2409 ./emlib/em_emu.o
 .debug_info    0x000000000000f223      0xa7a ./emlib/em_gpio.o
 .debug_info    0x000000000000fc9d      0x362 ./src/cmu.o
 .debug_info    0x000000000000ffff      0xb3f ./src/gpio.o
 .debug_info    0x0000000000010b3e      0xe5c ./src/main.o

.debug_abbrev   0x0000000000000000     0x2406
 .debug_abbrev  0x0000000000000000       0x14 ./CMSIS/EFM32PG12B/startup_gcc_efm32pg12b.o
 .debug_abbrev  0x0000000000000014      0x1b7 ./CMSIS/EFM32PG12B/system_efm32pg12b.o
 .debug_abbrev  0x00000000000001cb      0x23e ./Drivers/capsense.o
 .debug_abbrev  0x0000000000000409      0x23f ./Drivers/retargetio.o
 .debug_abbrev  0x0000000000000648      0x1e9 ./FreeRTOS/Source/list.o
 .debug_abbrev  0x0000000000000831      0x336 ./FreeRTOS/Source/queue.o
 .debug_abbrev  0x0000000000000b67      0x350 ./FreeRTOS/Source/tasks.o
 .debug_abbrev  0x0000000000000eb7      0x2d3 ./FreeRTOS/Source/timers.o
 .debug_abbrev  0x000000000000118a      0x23b ./FreeRTOS/Source/portable/GCC/ARM_CM4F/port.o
 .debug_abbrev  0x00000000000013c5      0x2db ./FreeRTOS/Source/portable/MemMang/heap_4.o
 .debug_abbrev  0x00000000000016a0      0x31e ./emlib/em_cmu.o
 .debug_abbrev  0x00000000000019be      0x32e ./emlib/em_emu.o
 .debug_abbrev  0x0000000000001cec      0x220 ./emlib/em_gpio.o
 .debug_abbrev  0x0000000000001f0c       0xc5 ./src/cmu.o
 .debug_abbrev  0x0000000000001fd1      0x27e ./src/gpio.o
 .debug_abbrev  0x000000000000224f      0x1b7 ./src/main.o

.debug_aranges  0x0000000000000000      0xb28
 .debug_aranges
                0x0000000000000000       0x20 ./CMSIS/EFM32PG12B/startup_gcc_efm32pg12b.o
 .debug_aranges
                0x0000000000000020       0x68 ./CMSIS/EFM32PG12B/system_efm32pg12b.o
 .debug_aranges
                0x0000000000000088       0x68 ./Drivers/capsense.o
 .debug_aranges
                0x00000000000000f0       0x68 ./Drivers/retargetio.o
 .debug_aranges
                0x0000000000000158       0x40 ./FreeRTOS/Source/list.o
 .debug_aranges
                0x0000000000000198      0x128 ./FreeRTOS/Source/queue.o
 .debug_aranges
                0x00000000000002c0      0x1c8 ./FreeRTOS/Source/tasks.o
 .debug_aranges
                0x0000000000000488       0xd0 ./FreeRTOS/Source/timers.o
 .debug_aranges
                0x0000000000000558       0x80 ./FreeRTOS/Source/portable/GCC/ARM_CM4F/port.o
 .debug_aranges
                0x00000000000005d8       0x50 ./FreeRTOS/Source/portable/MemMang/heap_4.o
 .debug_aranges
                0x0000000000000628      0x1c0 ./emlib/em_cmu.o
 .debug_aranges
                0x00000000000007e8      0x1a8 ./emlib/em_emu.o
 .debug_aranges
                0x0000000000000990       0x88 ./emlib/em_gpio.o
 .debug_aranges
                0x0000000000000a18       0x28 ./src/cmu.o
 .debug_aranges
                0x0000000000000a40       0x88 ./src/gpio.o
 .debug_aranges
                0x0000000000000ac8       0x60 ./src/main.o

.debug_str      0x0000000000000000   0x15fdfb
 .debug_str     0x0000000000000000       0x91 ./CMSIS/EFM32PG12B/startup_gcc_efm32pg12b.o
 .debug_str     0x0000000000000091   0x14e116 ./CMSIS/EFM32PG12B/system_efm32pg12b.o
                                     0x14f048 (size before relaxing)
 .debug_str     0x000000000014e1a7     0x364f ./Drivers/capsense.o
                                     0x1522bd (size before relaxing)
 .debug_str     0x00000000001517f6     0x3d1d ./Drivers/retargetio.o
                                     0x152987 (size before relaxing)
 .debug_str     0x0000000000155513     0x36fc ./FreeRTOS/Source/list.o
                                     0x15534c (size before relaxing)
 .debug_str     0x0000000000158c0f     0x1680 ./FreeRTOS/Source/queue.o
                                     0x1569de (size before relaxing)
 .debug_str     0x000000000015a28f     0x1b39 ./FreeRTOS/Source/tasks.o
                                     0x157665 (size before relaxing)
 .debug_str     0x000000000015bdc8      0x585 ./FreeRTOS/Source/timers.o
                                     0x156ed0 (size before relaxing)
 .debug_str     0x000000000015c34d      0x7eb ./FreeRTOS/Source/portable/GCC/ARM_CM4F/port.o
                                     0x153348 (size before relaxing)
 .debug_str     0x000000000015cb38      0x256 ./FreeRTOS/Source/portable/MemMang/heap_4.o
                                     0x155b48 (size before relaxing)
 .debug_str     0x000000000015cd8e     0x1838 ./emlib/em_cmu.o
                                     0x153e23 (size before relaxing)
 .debug_str     0x000000000015e5c6     0x1131 ./emlib/em_emu.o
                                     0x15401e (size before relaxing)
 .debug_str     0x000000000015f6f7      0x4d2 ./emlib/em_gpio.o
                                     0x14fa83 (size before relaxing)
 .debug_str     0x000000000015fbc9       0x27 ./src/cmu.o
                                     0x1506fb (size before relaxing)
 .debug_str     0x000000000015fbf0      0x153 ./src/gpio.o
                                     0x15540d (size before relaxing)
 .debug_str     0x000000000015fd43       0xb8 ./src/main.o
                                     0x154a63 (size before relaxing)

.debug_loc      0x0000000000000000     0x5e81
 .debug_loc     0x0000000000000000      0x2e4 ./CMSIS/EFM32PG12B/system_efm32pg12b.o
 .debug_loc     0x00000000000002e4      0x338 ./Drivers/capsense.o
 .debug_loc     0x000000000000061c      0x344 ./Drivers/retargetio.o
 .debug_loc     0x0000000000000960      0x1cc ./FreeRTOS/Source/list.o
 .debug_loc     0x0000000000000b2c      0xb0c ./FreeRTOS/Source/queue.o
 .debug_loc     0x0000000000001638     0x10fa ./FreeRTOS/Source/tasks.o
 .debug_loc     0x0000000000002732      0x731 ./FreeRTOS/Source/timers.o
 .debug_loc     0x0000000000002e63      0x30c ./FreeRTOS/Source/portable/GCC/ARM_CM4F/port.o
 .debug_loc     0x000000000000316f      0x224 ./FreeRTOS/Source/portable/MemMang/heap_4.o
 .debug_loc     0x0000000000003393     0x109c ./emlib/em_cmu.o
 .debug_loc     0x000000000000442f      0xf06 ./emlib/em_emu.o
 .debug_loc     0x0000000000005335      0x4b4 ./emlib/em_gpio.o
 .debug_loc     0x00000000000057e9       0x58 ./src/cmu.o
 .debug_loc     0x0000000000005841      0x400 ./src/gpio.o
 .debug_loc     0x0000000000005c41      0x240 ./src/main.o

.debug_ranges   0x0000000000000000      0xa18
 .debug_ranges  0x0000000000000000       0x58 ./CMSIS/EFM32PG12B/system_efm32pg12b.o
 .debug_ranges  0x0000000000000058       0x58 ./Drivers/capsense.o
 .debug_ranges  0x00000000000000b0       0x58 ./Drivers/retargetio.o
 .debug_ranges  0x0000000000000108       0x30 ./FreeRTOS/Source/list.o
 .debug_ranges  0x0000000000000138      0x118 ./FreeRTOS/Source/queue.o
 .debug_ranges  0x0000000000000250      0x1b8 ./FreeRTOS/Source/tasks.o
 .debug_ranges  0x0000000000000408       0xc0 ./FreeRTOS/Source/timers.o
 .debug_ranges  0x00000000000004c8       0x70 ./FreeRTOS/Source/portable/GCC/ARM_CM4F/port.o
 .debug_ranges  0x0000000000000538       0x40 ./FreeRTOS/Source/portable/MemMang/heap_4.o
 .debug_ranges  0x0000000000000578      0x1b0 ./emlib/em_cmu.o
 .debug_ranges  0x0000000000000728      0x198 ./emlib/em_emu.o
 .debug_ranges  0x00000000000008c0       0x78 ./emlib/em_gpio.o
 .debug_ranges  0x0000000000000938       0x18 ./src/cmu.o
 .debug_ranges  0x0000000000000950       0x78 ./src/gpio.o
 .debug_ranges  0x00000000000009c8       0x50 ./src/main.o

.debug_macro    0x0000000000000000    0x33976
 .debug_macro   0x0000000000000000      0x282 ./CMSIS/EFM32PG12B/system_efm32pg12b.o
 .debug_macro   0x0000000000000282      0xa48 ./CMSIS/EFM32PG12B/system_efm32pg12b.o
 .debug_macro   0x0000000000000cca       0x22 ./CMSIS/EFM32PG12B/system_efm32pg12b.o
 .debug_macro   0x0000000000000cec       0x4f ./CMSIS/EFM32PG12B/system_efm32pg12b.o
 .debug_macro   0x0000000000000d3b       0x51 ./CMSIS/EFM32PG12B/system_efm32pg12b.o
 .debug_macro   0x0000000000000d8c       0xef ./CMSIS/EFM32PG12B/system_efm32pg12b.o
 .debug_macro   0x0000000000000e7b       0x6a ./CMSIS/EFM32PG12B/system_efm32pg12b.o
 .debug_macro   0x0000000000000ee5      0x1df ./CMSIS/EFM32PG12B/system_efm32pg12b.o
 .debug_macro   0x00000000000010c4      0x4b1 ./CMSIS/EFM32PG12B/system_efm32pg12b.o
 .debug_macro   0x0000000000001575       0x1c ./CMSIS/EFM32PG12B/system_efm32pg12b.o
 .debug_macro   0x0000000000001591       0x22 ./CMSIS/EFM32PG12B/system_efm32pg12b.o
 .debug_macro   0x00000000000015b3       0xdf ./CMSIS/EFM32PG12B/system_efm32pg12b.o
 .debug_macro   0x0000000000001692      0xff5 ./CMSIS/EFM32PG12B/system_efm32pg12b.o
 .debug_macro   0x0000000000002687       0xe2 ./CMSIS/EFM32PG12B/system_efm32pg12b.o
 .debug_macro   0x0000000000002769      0xe1d ./CMSIS/EFM32PG12B/system_efm32pg12b.o
 .debug_macro   0x0000000000003586     0x2276 ./CMSIS/EFM32PG12B/system_efm32pg12b.o
 .debug_macro   0x00000000000057fc      0x32a ./CMSIS/EFM32PG12B/system_efm32pg12b.o
 .debug_macro   0x0000000000005b26     0x3119 ./CMSIS/EFM32PG12B/system_efm32pg12b.o
 .debug_macro   0x0000000000008c3f     0x1bbb ./CMSIS/EFM32PG12B/system_efm32pg12b.o
 .debug_macro   0x000000000000a7fa     0x2675 ./CMSIS/EFM32PG12B/system_efm32pg12b.o
 .debug_macro   0x000000000000ce6f     0x1b1a ./CMSIS/EFM32PG12B/system_efm32pg12b.o
 .debug_macro   0x000000000000e989      0xe2c ./CMSIS/EFM32PG12B/system_efm32pg12b.o
 .debug_macro   0x000000000000f7b5      0x345 ./CMSIS/EFM32PG12B/system_efm32pg12b.o
 .debug_macro   0x000000000000fafa      0x29e ./CMSIS/EFM32PG12B/system_efm32pg12b.o
 .debug_macro   0x000000000000fd98     0x2764 ./CMSIS/EFM32PG12B/system_efm32pg12b.o
 .debug_macro   0x00000000000124fc     0x31cd ./CMSIS/EFM32PG12B/system_efm32pg12b.o
 .debug_macro   0x00000000000156c9     0x136c ./CMSIS/EFM32PG12B/system_efm32pg12b.o
 .debug_macro   0x0000000000016a35      0xde3 ./CMSIS/EFM32PG12B/system_efm32pg12b.o
 .debug_macro   0x0000000000017818      0x249 ./CMSIS/EFM32PG12B/system_efm32pg12b.o
 .debug_macro   0x0000000000017a61     0x1043 ./CMSIS/EFM32PG12B/system_efm32pg12b.o
 .debug_macro   0x0000000000018aa4     0x1606 ./CMSIS/EFM32PG12B/system_efm32pg12b.o
 .debug_macro   0x000000000001a0aa     0x3cb8 ./CMSIS/EFM32PG12B/system_efm32pg12b.o
 .debug_macro   0x000000000001dd62     0x23fd ./CMSIS/EFM32PG12B/system_efm32pg12b.o
 .debug_macro   0x000000000002015f      0x70d ./CMSIS/EFM32PG12B/system_efm32pg12b.o
 .debug_macro   0x000000000002086c     0x26f0 ./CMSIS/EFM32PG12B/system_efm32pg12b.o
 .debug_macro   0x0000000000022f5c     0x1701 ./CMSIS/EFM32PG12B/system_efm32pg12b.o
 .debug_macro   0x000000000002465d     0x2efc ./CMSIS/EFM32PG12B/system_efm32pg12b.o
 .debug_macro   0x0000000000027559      0xfb0 ./CMSIS/EFM32PG12B/system_efm32pg12b.o
 .debug_macro   0x0000000000028509      0x6c4 ./CMSIS/EFM32PG12B/system_efm32pg12b.o
 .debug_macro   0x0000000000028bcd     0x1022 ./CMSIS/EFM32PG12B/system_efm32pg12b.o
 .debug_macro   0x0000000000029bef      0x889 ./CMSIS/EFM32PG12B/system_efm32pg12b.o
 .debug_macro   0x000000000002a478      0x500 ./CMSIS/EFM32PG12B/system_efm32pg12b.o
 .debug_macro   0x000000000002a978     0x1bc5 ./CMSIS/EFM32PG12B/system_efm32pg12b.o
 .debug_macro   0x000000000002c53d       0x40 ./CMSIS/EFM32PG12B/system_efm32pg12b.o
 .debug_macro   0x000000000002c57d      0x2ce ./CMSIS/EFM32PG12B/system_efm32pg12b.o
 .debug_macro   0x000000000002c84b      0x382 ./CMSIS/EFM32PG12B/system_efm32pg12b.o
 .debug_macro   0x000000000002cbcd      0x190 ./CMSIS/EFM32PG12B/system_efm32pg12b.o
 .debug_macro   0x000000000002cd5d     0x27bf ./CMSIS/EFM32PG12B/system_efm32pg12b.o
 .debug_macro   0x000000000002f51c      0x304 ./CMSIS/EFM32PG12B/system_efm32pg12b.o
 .debug_macro   0x000000000002f820      0x304 ./CMSIS/EFM32PG12B/system_efm32pg12b.o
 .debug_macro   0x000000000002fb24      0x2cc ./Drivers/capsense.o
 .debug_macro   0x000000000002fdf0       0x22 ./Drivers/capsense.o
 .debug_macro   0x000000000002fe12       0x10 ./Drivers/capsense.o
 .debug_macro   0x000000000002fe22       0xe4 ./Drivers/capsense.o
 .debug_macro   0x000000000002ff06       0x20 ./Drivers/capsense.o
 .debug_macro   0x000000000002ff26       0x69 ./Drivers/capsense.o
 .debug_macro   0x000000000002ff8f      0x33e ./Drivers/capsense.o
 .debug_macro   0x00000000000302cd       0x80 ./Drivers/capsense.o
 .debug_macro   0x000000000003034d       0x4c ./Drivers/capsense.o
 .debug_macro   0x0000000000030399      0x3d6 ./Drivers/retargetio.o
 .debug_macro   0x000000000003076f       0x52 ./Drivers/retargetio.o
 .debug_macro   0x00000000000307c1       0x55 ./Drivers/retargetio.o
 .debug_macro   0x0000000000030816       0x57 ./Drivers/retargetio.o
 .debug_macro   0x000000000003086d       0x10 ./Drivers/retargetio.o
 .debug_macro   0x000000000003087d       0x10 ./Drivers/retargetio.o
 .debug_macro   0x000000000003088d       0x10 ./Drivers/retargetio.o
 .debug_macro   0x000000000003089d       0x2e ./Drivers/retargetio.o
 .debug_macro   0x00000000000308cb       0xf5 ./Drivers/retargetio.o
 .debug_macro   0x00000000000309c0       0x1c ./Drivers/retargetio.o
 .debug_macro   0x00000000000309dc      0x368 ./FreeRTOS/Source/list.o
 .debug_macro   0x0000000000030d44      0x3de ./FreeRTOS/Source/queue.o
 .debug_macro   0x0000000000031122       0x80 ./FreeRTOS/Source/queue.o
 .debug_macro   0x00000000000311a2      0x447 ./FreeRTOS/Source/tasks.o
 .debug_macro   0x00000000000315e9       0x10 ./FreeRTOS/Source/tasks.o
 .debug_macro   0x00000000000315f9      0x3bd ./FreeRTOS/Source/timers.o
 .debug_macro   0x00000000000319b6       0x97 ./FreeRTOS/Source/timers.o
 .debug_macro   0x0000000000031a4d      0x38d ./FreeRTOS/Source/portable/GCC/ARM_CM4F/port.o
 .debug_macro   0x0000000000031dda      0x38f ./FreeRTOS/Source/portable/MemMang/heap_4.o
 .debug_macro   0x0000000000032169      0x3a9 ./emlib/em_cmu.o
 .debug_macro   0x0000000000032512      0x34d ./emlib/em_cmu.o
 .debug_macro   0x000000000003285f       0x25 ./emlib/em_cmu.o
 .debug_macro   0x0000000000032884       0xee ./emlib/em_cmu.o
 .debug_macro   0x0000000000032972      0x395 ./emlib/em_emu.o
 .debug_macro   0x0000000000032d07       0x7a ./emlib/em_emu.o
 .debug_macro   0x0000000000032d81      0x295 ./emlib/em_gpio.o
 .debug_macro   0x0000000000033016      0x29f ./src/cmu.o
 .debug_macro   0x00000000000332b5      0x33e ./src/gpio.o
 .debug_macro   0x00000000000335f3       0x40 ./src/gpio.o
 .debug_macro   0x0000000000033633      0x343 ./src/main.o

.debug_frame    0x0000000000000000     0x2e0c
 .debug_frame   0x0000000000000000      0x164 ./CMSIS/EFM32PG12B/system_efm32pg12b.o
 .debug_frame   0x0000000000000164      0x188 ./Drivers/capsense.o
 .debug_frame   0x00000000000002ec      0x184 ./Drivers/retargetio.o
 .debug_frame   0x0000000000000470       0xd8 ./FreeRTOS/Source/list.o
 .debug_frame   0x0000000000000548      0x504 ./FreeRTOS/Source/queue.o
 .debug_frame   0x0000000000000a4c      0x7b4 ./FreeRTOS/Source/tasks.o
 .debug_frame   0x0000000000001200      0x360 ./FreeRTOS/Source/timers.o
 .debug_frame   0x0000000000001560      0x1a8 ./FreeRTOS/Source/portable/GCC/ARM_CM4F/port.o
 .debug_frame   0x0000000000001708      0x108 ./FreeRTOS/Source/portable/MemMang/heap_4.o
 .debug_frame   0x0000000000001810      0x7a4 ./emlib/em_cmu.o
 .debug_frame   0x0000000000001fb4      0x710 ./emlib/em_emu.o
 .debug_frame   0x00000000000026c4      0x224 ./emlib/em_gpio.o
 .debug_frame   0x00000000000028e8       0x48 ./src/cmu.o
 .debug_frame   0x0000000000002930      0x1fc ./src/gpio.o
 .debug_frame   0x0000000000002b2c      0x128 ./src/main.o
 .debug_frame   0x0000000000002c54       0x28 /home/jack/SimplicityStudio_v4/developer/toolchains/gnu_arm/7.2_2017q4/bin/../lib/gcc/arm-none-eabi/7.2.1/../../../../arm-none-eabi/lib/thumb/v7e-m/fpv4-sp/softfp/libc_nano.a(lib_a-exit.o)
 .debug_frame   0x0000000000002c7c       0x2c /home/jack/SimplicityStudio_v4/developer/toolchains/gnu_arm/7.2_2017q4/bin/../lib/gcc/arm-none-eabi/7.2.1/../../../../arm-none-eabi/lib/thumb/v7e-m/fpv4-sp/softfp/libc_nano.a(lib_a-init.o)
 .debug_frame   0x0000000000002ca8       0x28 /home/jack/SimplicityStudio_v4/developer/toolchains/gnu_arm/7.2_2017q4/bin/../lib/gcc/arm-none-eabi/7.2.1/../../../../arm-none-eabi/lib/thumb/v7e-m/fpv4-sp/softfp/libc_nano.a(lib_a-memcpy-stub.o)
 .debug_frame   0x0000000000002cd0       0x20 /home/jack/SimplicityStudio_v4/developer/toolchains/gnu_arm/7.2_2017q4/bin/../lib/gcc/arm-none-eabi/7.2.1/../../../../arm-none-eabi/lib/thumb/v7e-m/fpv4-sp/softfp/libc_nano.a(lib_a-memset.o)
 .debug_frame   0x0000000000002cf0      0x11c /home/jack/SimplicityStudio_v4/developer/toolchains/gnu_arm/7.2_2017q4/bin/../lib/gcc/arm-none-eabi/7.2.1/../../../../arm-none-eabi/lib/thumb/v7e-m/fpv4-sp/softfp/libc_nano.a(lib_a-findfp.o)
